Component: ARM Compiler 5.06 update 7 (build 960) Tool: armlink [4d3601]

==============================================================================

Section Cross References

    main.o(i.main) refers to usb_flash.o(i.FLASH_Init) for FLASH_Init
    main.o(i.main) refers to stm32f10x_rcc.o(i.RCC_AHBPeriphClockCmd) for RCC_AHBPeriphClockCmd
    main.o(i.main) refers to hw_config.o(i.Set_System) for Set_System
    main.o(i.main) refers to hw_config.o(i.USB_Interrupts_Config) for USB_Interrupts_Config
    main.o(i.main) refers to hw_config.o(i.Set_USBClock) for Set_USBClock
    main.o(i.main) refers to usb_init.o(i.USB_Init) for USB_Init
    main.o(i.main) refers to main.o(.bss) for cryptmess
    aes_dec.o(i.aes_dec_firstround) refers to aes_dec.o(i.aes_invshiftcol) for aes_invshiftcol
    aes_dec.o(i.aes_dec_firstround) refers to aes_invsbox.o(.constdata) for aes_invsbox
    aes_dec.o(i.aes_dec_round) refers to gf256mul.o(i.gf256mul) for gf256mul
    aes_dec.o(i.aes_dec_round) refers to aes_dec.o(i.aes_invshiftcol) for aes_invshiftcol
    aes_dec.o(i.aes_dec_round) refers to aes_invsbox.o(.constdata) for aes_invsbox
    aes_dec.o(i.aes_decrypt_core) refers to aes_dec.o(i.aes_dec_firstround) for aes_dec_firstround
    aes_dec.o(i.aes_decrypt_core) refers to aes_dec.o(i.aes_dec_round) for aes_dec_round
    aes_enc.o(i.aes_enc_lastround) refers to aes_enc.o(i.aes_shiftcol) for aes_shiftcol
    aes_enc.o(i.aes_enc_lastround) refers to aes_sbox.o(.constdata) for aes_sbox
    aes_enc.o(i.aes_enc_round) refers to aes_enc.o(i.aes_shiftcol) for aes_shiftcol
    aes_enc.o(i.aes_enc_round) refers to gf256mul.o(i.gf256mul) for gf256mul
    aes_enc.o(i.aes_enc_round) refers to aes_sbox.o(.constdata) for aes_sbox
    aes_enc.o(i.aes_encrypt_core) refers to aes_enc.o(i.aes_enc_round) for aes_enc_round
    aes_enc.o(i.aes_encrypt_core) refers to aes_enc.o(i.aes_enc_lastround) for aes_enc_lastround
    aes_keyschedule.o(i.aes128_init) refers to aes_keyschedule.o(i.aes_init) for aes_init
    aes_keyschedule.o(i.aes192_init) refers to aes_keyschedule.o(i.aes_init) for aes_init
    aes_keyschedule.o(i.aes256_init) refers to aes_keyschedule.o(i.aes_init) for aes_init
    aes_keyschedule.o(i.aes_init) refers to rt_memcpy_v6.o(.text) for __aeabi_memcpy
    aes_keyschedule.o(i.aes_init) refers to aes_keyschedule.o(i.aes_rotword) for aes_rotword
    aes_keyschedule.o(i.aes_init) refers to aes_sbox.o(.constdata) for aes_sbox
    aes_keyschedule.o(i.aes_init) refers to aes_keyschedule.o(.constdata) for rc_tab
    aes128_dec.o(i.aes128_dec) refers to aes_dec.o(i.aes_decrypt_core) for aes_decrypt_core
    aes128_enc.o(i.aes128_enc) refers to aes_enc.o(i.aes_encrypt_core) for aes_encrypt_core
    aes192_dec.o(i.aes192_dec) refers to aes_dec.o(i.aes_decrypt_core) for aes_decrypt_core
    aes192_enc.o(i.aes192_enc) refers to aes_enc.o(i.aes_encrypt_core) for aes_encrypt_core
    aes256_dec.o(i.aes256_dec) refers to aes_dec.o(i.aes_decrypt_core) for aes_decrypt_core
    aes256_enc.o(i.aes256_enc) refers to aes_enc.o(i.aes_encrypt_core) for aes_encrypt_core
    aes_blocks_dec.o(i.aes128_block_dec) refers to aes_keyschedule.o(i.aes128_init) for aes128_init
    aes_blocks_dec.o(i.aes128_block_dec) refers to aes128_dec.o(i.aes128_dec) for aes128_dec
    aes_blocks_enc.o(i.aes128_block_enc) refers to aes_keyschedule.o(i.aes128_init) for aes128_init
    aes_blocks_enc.o(i.aes128_block_enc) refers to aes128_enc.o(i.aes128_enc) for aes128_enc
    usb_core.o(i.DataStageIn) refers to usb_regs.o(i.GetEPTxAddr) for GetEPTxAddr
    usb_core.o(i.DataStageIn) refers to usb_mem.o(i.UserToPMABufferCopy) for UserToPMABufferCopy
    usb_core.o(i.DataStageIn) refers to usb_regs.o(i.SetEPTxCount) for SetEPTxCount
    usb_core.o(i.DataStageIn) refers to usb_init.o(.data) for pInformation
    usb_core.o(i.DataStageIn) refers to usb_core.o(.data) for Data_Mul_MaxPacketSize
    usb_core.o(i.DataStageIn) refers to usb_int.o(.data) for SaveTState
    usb_core.o(i.DataStageOut) refers to usb_regs.o(i.GetEPRxAddr) for GetEPRxAddr
    usb_core.o(i.DataStageOut) refers to usb_mem.o(i.PMAToUserBufferCopy) for PMAToUserBufferCopy
    usb_core.o(i.DataStageOut) refers to usb_regs.o(i.SetEPTxCount) for SetEPTxCount
    usb_core.o(i.DataStageOut) refers to usb_init.o(.data) for pInformation
    usb_core.o(i.DataStageOut) refers to usb_int.o(.data) for SaveRState
    usb_core.o(i.Data_Setup0) refers to usb_core.o(i.DataStageIn) for DataStageIn
    usb_core.o(i.Data_Setup0) refers to usb_init.o(.data) for pInformation
    usb_core.o(i.Data_Setup0) refers to usb_core.o(i.Standard_GetStatus) for Standard_GetStatus
    usb_core.o(i.Data_Setup0) refers to usb_prop.o(.data) for Device_Table
    usb_core.o(i.Data_Setup0) refers to usb_core.o(i.Standard_GetConfiguration) for Standard_GetConfiguration
    usb_core.o(i.Data_Setup0) refers to usb_core.o(i.Standard_GetInterface) for Standard_GetInterface
[...]
    i.HID_GetHIDDescriptor                   0x08001d8c   Section        0  usb_prop.o(i.HID_GetHIDDescriptor)
    i.HID_GetProtocolValue                   0x08001da0   Section        0  usb_prop.o(i.HID_GetProtocolValue)
    i.HID_GetReportDescriptor                0x08001dbc   Section        0  usb_prop.o(i.HID_GetReportDescriptor)
    i.HID_GetStringDescriptor                0x08001dd0   Section        0  usb_prop.o(i.HID_GetStringDescriptor)
    i.HID_Get_Interface_Setting              0x08001df8   Section        0  usb_prop.o(i.HID_Get_Interface_Setting)
    i.HID_NoData_Setup                       0x08001e10   Section        0  usb_prop.o(i.HID_NoData_Setup)
    i.HID_Reset                              0x08001e34   Section        0  usb_prop.o(i.HID_Reset)
    i.HID_SetConfiguration                   0x08001eec   Section        0  usb_prop.o(i.HID_SetConfiguration)
    i.HID_SetDeviceAddress                   0x08001f04   Section        0  usb_prop.o(i.HID_SetDeviceAddress)
    i.HID_SetProtocol                        0x08001f10   Section        0  usb_prop.o(i.HID_SetProtocol)
    i.HID_SetReport_Feature                  0x08001f28   Section        0  usb_prop.o(i.HID_SetReport_Feature)
    i.HID_Status_In                          0x08001f44   Section        0  usb_prop.o(i.HID_Status_In)
    i.HID_Status_Out                         0x08002060   Section        0  usb_prop.o(i.HID_Status_Out)
    i.HID_init                               0x08002064   Section        0  usb_prop.o(i.HID_init)
    i.HardFault_Handler                      0x0800208c   Section        0  stm32_it.o(i.HardFault_Handler)
    i.In0_Process                            0x08002090   Section        0  usb_core.o(i.In0_Process)
    i.InitBig                                0x08002100   Section        0  crypto.o(i.InitBig)
    i.IntToUnicode                           0x08002142   Section        0  hw_config.o(i.IntToUnicode)
    IntToUnicode                             0x08002143   Thumb Code    62  hw_config.o(i.IntToUnicode)
    i.IsZeroBig                              0x08002180   Section        0  crypto.o(i.IsZeroBig)
    i.Leave_LowPowerMode                     0x08002198   Section        0  hw_config.o(i.Leave_LowPowerMode)
    i.LeftShift                              0x080021bc   Section        0  crypto.o(i.LeftShift)
    i.MemManage_Handler                      0x08002230   Section        0  stm32_it.o(i.MemManage_Handler)
    i.ModularExpSlidWin                      0x08002234   Section        0  crypto.o(i.ModularExpSlidWin)
    i.MontyExit                              0x08002488   Section        0  crypto.o(i.MontyExit)
    i.MontyInit                              0x080024ca   Section        0  crypto.o(i.MontyInit)
    i.MontyKillAll                           0x0800261c   Section        0  crypto.o(i.MontyKillAll)
    i.MontyKillR2                            0x08002636   Section        0  crypto.o(i.MontyKillR2)
    i.MontyMul                               0x08002642   Section        0  crypto.o(i.MontyMul)
    i.MulBigbyUnInt                          0x080027a2   Section        0  crypto.o(i.MulBigbyUnInt)
    i.NMI_Handler                            0x080027fc   Section        0  stm32_it.o(i.NMI_Handler)
    i.NOP_Process                            0x080027fe   Section        0  usb_core.o(i.NOP_Process)
    i.NVIC_Init                              0x08002800   Section        0  misc.o(i.NVIC_Init)
    i.NVIC_PriorityGroupConfig               0x08002870   Section        0  misc.o(i.NVIC_PriorityGroupConfig)
    i.NoData_Setup0                          0x08002884   Section        0  usb_core.o(i.NoData_Setup0)
    NoData_Setup0                            0x08002885   Thumb Code   290  usb_core.o(i.NoData_Setup0)
    i.Out0_Process                           0x080029bc   Section        0  usb_core.o(i.Out0_Process)
    i.PMAToUserBufferCopy                    0x08002a0c   Section        0  usb_mem.o(i.PMAToUserBufferCopy)
    i.PendSV_Handler                         0x08002a34   Section        0  stm32_it.o(i.PendSV_Handler)
    i.Post0_Process                          0x08002a38   Section        0  usb_core.o(i.Post0_Process)
    i.PowerOn                                0x08002a80   Section        0  usb_pwr.o(i.PowerOn)
    i.RCC_AHBPeriphClockCmd                  0x08002ac0   Section        0  stm32f10x_rcc.o(i.RCC_AHBPeriphClockCmd)
    i.RCC_APB1PeriphClockCmd                 0x08002ae0   Section        0  stm32f10x_rcc.o(i.RCC_APB1PeriphClockCmd)
    i.RCC_APB2PeriphClockCmd                 0x08002b00   Section        0  stm32f10x_rcc.o(i.RCC_APB2PeriphClockCmd)
    i.RCC_USBCLKConfig                       0x08002b20   Section        0  stm32f10x_rcc.o(i.RCC_USBCLKConfig)
    i.RHIDCheckState                         0x08002b2c   Section        0  hw_config.o(i.RHIDCheckState)
    i.RHID_Send                              0x08002b88   Section        0  hw_config.o(i.RHID_Send)
    i.RNGinit                                0x08002bd8   Section        0  crypto.o(i.RNGinit)
    i.RSAVP1                                 0x08002cb8   Section        0  crypto.o(i.RSAVP1)
    i.RSA_Encrypt                            0x08002cdc   Section        0  hw_config.o(i.RSA_Encrypt)
    i.RSA_PKCS1v15_Encrypt                   0x08002d40   Section        0  crypto.o(i.RSA_PKCS1v15_Encrypt)
    i.Resume                                 0x08002f28   Section        0  usb_pwr.o(i.Resume)
    i.Resume_Init                            0x08003008   Section        0  usb_pwr.o(i.Resume_Init)
    i.RndBit                                 0x0800302c   Section        0  mytrng.o(i.RndBit)
    i.RndByte                                0x08003058   Section        0  mytrng.o(i.RndByte)
    i.RunCommand                             0x08003078   Section        0  hw_config.o(i.RunCommand)
    i.SVC_Handler                            0x0800320c   Section        0  stm32_it.o(i.SVC_Handler)
    i.SetBTABLE                              0x08003210   Section        0  usb_regs.o(i.SetBTABLE)
    i.SetDeviceAddress                       0x08003220   Section        0  usb_core.o(i.SetDeviceAddress)
    i.SetEPRxAddr                            0x08003270   Section        0  usb_regs.o(i.SetEPRxAddr)
    i.SetEPRxCount                           0x08003294   Section        0  usb_regs.o(i.SetEPRxCount)
    i.SetEPRxStatus                          0x080032e0   Section        0  usb_regs.o(i.SetEPRxStatus)
    i.SetEPRxValid                           0x08003320   Section        0  usb_regs.o(i.SetEPRxValid)
    i.SetEPTxAddr                            0x08003354   Section        0  usb_regs.o(i.SetEPTxAddr)
    i.SetEPTxCount                           0x08003374   Section        0  usb_regs.o(i.SetEPTxCount)
    i.SetEPTxStatus                          0x08003390   Section        0  usb_regs.o(i.SetEPTxStatus)
    i.SetEPTxValid                           0x080033d0   Section        0  usb_regs.o(i.SetEPTxValid)
    i.SetEPType                              0x08003404   Section        0  usb_regs.o(i.SetEPType)
    i.SetLastDate                            0x08003428   Section        0  hw_config.o(i.SetLastDate)
    i.SetSysClock                            0x08003500   Section        0  system_stm32f10x.o(i.SetSysClock)
    SetSysClock                              0x08003501   Thumb Code     8  system_stm32f10x.o(i.SetSysClock)
    i.SetSysClockTo72                        0x08003508   Section        0  system_stm32f10x.o(i.SetSysClockTo72)
    SetSysClockTo72                          0x08003509   Thumb Code   214  system_stm32f10x.o(i.SetSysClockTo72)
    i.SetZeroBig                             0x080035e8   Section        0  crypto.o(i.SetZeroBig)
    i.Set_ADCConfig                          0x08003610   Section        0  hw_config.o(i.Set_ADCConfig)
    i.Set_System                             0x080036a4   Section        0  hw_config.o(i.Set_System)
    i.Set_USBClock                           0x08003714   Section        0  hw_config.o(i.Set_USBClock)
    i.Setup0_Process                         0x08003728   Section        0  usb_core.o(i.Setup0_Process)
    i.StAllocBig                             0x080037e0   Section        0  crypto.o(i.StAllocBig)
    i.StFreeBig                              0x08003822   Section        0  crypto.o(i.StFreeBig)
    i.Standard_ClearFeature                  0x08003848   Section        0  usb_core.o(i.Standard_ClearFeature)
    i.Standard_GetConfiguration              0x080039b4   Section        0  usb_core.o(i.Standard_GetConfiguration)
    i.Standard_GetDescriptorData             0x080039e0   Section        0  usb_core.o(i.Standard_GetDescriptorData)
    i.Standard_GetInterface                  0x08003a04   Section        0  usb_core.o(i.Standard_GetInterface)
    i.Standard_GetStatus                     0x08003a30   Section        0  usb_core.o(i.Standard_GetStatus)
    i.Standard_SetConfiguration              0x08003b30   Section        0  usb_core.o(i.Standard_SetConfiguration)
    i.Standard_SetDeviceFeature              0x08003b78   Section        0  usb_core.o(i.Standard_SetDeviceFeature)
    i.Standard_SetEndPointFeature            0x08003ba0   Section        0  usb_core.o(i.Standard_SetEndPointFeature)
    i.Standard_SetInterface                  0x08003c70   Section        0  usb_core.o(i.Standard_SetInterface)
    i.StartTransfer                          0x08003cdc   Section        0  hw_config.o(i.StartTransfer)
    i.SubBig                                 0x08003d08   Section        0  crypto.o(i.SubBig)
    i.Sub_Moduli_Big                         0x08003ddc   Section        0  crypto.o(i.Sub_Moduli_Big)
    i.Suspend                                0x08003ee0   Section        0  usb_pwr.o(i.Suspend)
    i.SysTick_Handler                        0x08003fe4   Section        0  stm32_it.o(i.SysTick_Handler)
    i.SystemInit                             0x08003fe8   Section        0  system_stm32f10x.o(i.SystemInit)
    i.USBWakeUp_IRQHandler                   0x08004048   Section        0  stm32_it.o(i.USBWakeUp_IRQHandler)
    i.USB_Cable_Config                       0x08004054   Section        0  hw_config.o(i.USB_Cable_Config)
    i.USB_Init                               0x08004074   Section        0  usb_init.o(i.USB_Init)
    i.USB_Interrupts_Config                  0x080040b0   Section        0  hw_config.o(i.USB_Interrupts_Config)
    i.USB_Istr                               0x080040ec   Section        0  usb_istr.o(i.USB_Istr)
    i.USB_LP_CAN1_RX0_IRQHandler             0x080041cc   Section        0  stm32_it.o(i.USB_LP_CAN1_RX0_IRQHandler)
    i.USB_SIL_Init                           0x080041d4   Section        0  usb_sil.o(i.USB_SIL_Init)
    i.USB_SIL_Read                           0x080041f8   Section        0  usb_sil.o(i.USB_SIL_Read)
    i.USB_SIL_Write                          0x08004226   Section        0  usb_sil.o(i.USB_SIL_Write)
    i.UsageFault_Handler                     0x08004254   Section        0  stm32_it.o(i.UsageFault_Handler)
    i.UserToPMABufferCopy                    0x08004258   Section        0  usb_mem.o(i.UserToPMABufferCopy)
    i.W8_to_Big                              0x08004290   Section        0  crypto.o(i.W8_to_Big)
    i.aes128_block_enc                       0x08004356   Section        0  aes_blocks_enc.o(i.aes128_block_enc)
    i.aes128_enc                             0x08004404   Section        0  aes128_enc.o(i.aes128_enc)
    i.aes128_init                            0x08004416   Section        0  aes_keyschedule.o(i.aes128_init)
    i.aes_enc_lastround                      0x08004428   Section        0  aes_enc.o(i.aes_enc_lastround)
    aes_enc_lastround                        0x08004429   Thumb Code    72  aes_enc.o(i.aes_enc_lastround)
    i.aes_enc_round                          0x08004474   Section        0  aes_enc.o(i.aes_enc_round)
    aes_enc_round                            0x08004475   Thumb Code   306  aes_enc.o(i.aes_enc_round)
    i.aes_encrypt_core                       0x080045ac   Section        0  aes_enc.o(i.aes_encrypt_core)
    i.aes_init                               0x080045f4   Section        0  aes_keyschedule.o(i.aes_init)
    i.aes_rotword                            0x080046e8   Section        0  aes_keyschedule.o(i.aes_rotword)
    aes_rotword                              0x080046e9   Thumb Code    18  aes_keyschedule.o(i.aes_rotword)
    i.aes_shiftcol                           0x080046fa   Section        0  aes_enc.o(i.aes_shiftcol)
    i.crc32_native                           0x08004744   Section        0  hw_config.o(i.crc32_native)
    i.crl_DRBG_AES128_Generate               0x080047c4   Section        0  crypto.o(i.crl_DRBG_AES128_Generate)
    i.crl_ModularExp                         0x080049a2   Section        0  crypto.o(i.crl_ModularExp)
    crl_ModularExp                           0x080049a3   Thumb Code   296  crypto.o(i.crl_ModularExp)
    i.delay                                  0x08004aca   Section        0  mytrng.o(i.delay)
    i.gf256mul                               0x08004ad6   Section        0  gf256mul.o(i.gf256mul)
    i.main                                   0x08004b00   Section        0  main.o(i.main)
    .constdata                               0x08004b34   Section       10  aes_keyschedule.o(.constdata)
    .constdata                               0x08004b3e   Section      256  aes_sbox.o(.constdata)
    .constdata                               0x08004c3e   Section      277  usb_desc.o(.constdata)
    .constdata                               0x08004d58   Section     7012  crypto.o(.constdata)
    table_reduction8                         0x08005784   Data         512  crypto.o(.constdata)
    table_reduction4                         0x08005984   Data          32  crypto.o(.constdata)
    sha512_K                                 0x080062a8   Data         640  crypto.o(.constdata)
    tau                                      0x08006538   Data          16  crypto.o(.constdata)
    m                                        0x08006548   Data          32  crypto.o(.constdata)
    mu                                       0x08006568   Data          36  crypto.o(.constdata)
    ge25519_ecd                              0x0800658c   Data          32  crypto.o(.constdata)
    ge25519_ec2d                             0x0800662c   Data          32  crypto.o(.constdata)
    ge25519_sqrtm1                           0x0800664c   Data          32  crypto.o(.constdata)
    pad                                      0x080066dc   Data          64  crypto.o(.constdata)
    .data                                    0x20000000   Section       17  main.o(.data)
    .data                                    0x20000012   Section        3  usb_core.o(.data)
    .data                                    0x20000018   Section       20  usb_init.o(.data)
    .data                                    0x2000002c   Section        4  usb_int.o(.data)
    .data                                    0x20000030   Section       18  hw_config.o(.data)
    .data                                    0x20000042   Section       26  usb_desc.o(.data)
    .data                                    0x2000005c   Section       12  usb_pwr.o(.data)
    .data                                    0x20000068   Section      156  usb_prop.o(.data)
    .data                                    0x20000104   Section       68  usb_istr.o(.data)
    .bss                                     0x20000148   Section      256  main.o(.bss)
    .bss                                     0x20000248   Section       28  usb_init.o(.bss)
    .bss                                     0x20000264   Section     8321  hw_config.o(.bss)
    .bss                                     0x200022e8   Section       32  usb_pwr.o(.bss)
    .bss                                     0x20002308   Section       64  usb_prop.o(.bss)
    .bss                                     0x20002348   Section       65  usb_endp.o(.bss)
    .bss                                     0x2000238a   Section      294  usb_flash.o(.bss)
    .bss                                     0x200024b0   Section       96  libspace.o(.bss)
    HEAP                                     0x20002510   Section      512  startup_stm32f10x_md.o(HEAP)
    Heap_Mem                                 0x20002510   Data         512  startup_stm32f10x_md.o(HEAP)
    STACK                                    0x20002710   Section     1024  startup_stm32f10x_md.o(STACK)
    Stack_Mem                                0x20002710   Data        1024  startup_stm32f10x_md.o(STACK)
    __initial_sp                             0x20002b10   Data           0  startup_stm32f10x_md.o(STACK)

    Global Symbols

    Symbol Name                              Value     Ov Type        Size  Object(Section)

    BuildAttributes$$THM_ISAv4$P$D$K$B$S$PE$A:L22UL41UL21$X:L11$S22US41US21$IEEE1$IW$USESV6$~STKCKD$USESV7$~SHL$OTIME$ROPI$EBA8$UX$STANDARDLIB$REQ8$PRES8$EABIv2 0x00000000   Number         0  anon$$obj.o ABSOLUTE
    __ARM_use_no_argv                        0x00000000   Number         0  main.o ABSOLUTE
    __ARM_exceptions_init                     - Undefined Weak Reference
    __alloca_initialize                       - Undefined Weak Reference
    __arm_fini_                               - Undefined Weak Reference
    __arm_preinit_                            - Undefined Weak Reference
    __cpp_initialize__aeabi_                  - Undefined Weak Reference
    __cxa_finalize                            - Undefined Weak Reference
    __rt_locale                               - Undefined Weak Reference
    __sigvec_lookup                           - Undefined Weak Reference
    _atexit_init                              - Undefined Weak Reference
    _call_atexit_fns                          - Undefined Weak Reference
    _clock_init                               - Undefined Weak Reference
    _fp_trap_init                             - Undefined Weak Reference
    _fp_trap_shutdown                         - Undefined Weak Reference
    _get_lc_collate                           - Undefined Weak Reference
    _get_lc_ctype                             - Undefined Weak Reference
    _get_lc_monetary                          - Undefined Weak Reference
    _get_lc_numeric                           - Undefined Weak Reference
    _get_lc_time                              - Undefined Weak Reference
    _getenv_init                              - Undefined Weak Reference
    _handle_redirection                       - Undefined Weak Reference
    _init_alloc                               - Undefined Weak Reference
    _init_user_alloc                          - Undefined Weak Reference
    _initio                                   - Undefined Weak Reference
    _rand_init                                - Undefined Weak Reference
    _signal_finish                            - Undefined Weak Reference
    _signal_init                              - Undefined Weak Reference
    _terminate_alloc                          - Undefined Weak Reference
    _terminate_user_alloc                     - Undefined Weak Reference
    _terminateio                              - Undefined Weak Reference
    __Vectors_Size                           0x000000ec   Number         0  startup_stm32f10x_md.o ABSOLUTE
    __Vectors                                0x08000000   Data           4  startup_stm32f10x_md.o(RESET)
    __Vectors_End                            0x080000ec   Data           0  startup_stm32f10x_md.o(RESET)
    __main                                   0x080000ed   Thumb Code     8  __main.o(!!!main)
    __scatterload                            0x080000f5   Thumb Code     0  __scatter.o(!!!scatter)
    __scatterload_rt2                        0x080000f5   Thumb Code    44  __scatter.o(!!!scatter)
    __scatterload_rt2_thumb_only             0x080000f5   Thumb Code     0  __scatter.o(!!!scatter)
    __scatterload_null                       0x08000103   Thumb Code     0  __scatter.o(!!!scatter)
    __decompress                             0x08000129   Thumb Code    90  __dczerorl2.o(!!dczerorl2)
    __decompress1                            0x08000129   Thumb Code     0  __dczerorl2.o(!!dczerorl2)
    __scatterload_zeroinit                   0x08000185   Thumb Code    28  __scatter_zi.o(!!handler_zi)
    __rt_lib_init                            0x080001a1   Thumb Code     0  libinit.o(.ARM.Collect$$libinit$$00000000)
    __rt_lib_init_alloca_1                   0x080001a3   Thumb Code     0  libinit2.o(.ARM.Collect$$libinit$$0000002E)
    __rt_lib_init_argv_1                     0x080001a3   Thumb Code     0  libinit2.o(.ARM.Collect$$libinit$$0000002C)
    __rt_lib_init_atexit_1                   0x080001a3   Thumb Code     0  libinit2.o(.ARM.Collect$$libinit$$0000001B)
    __rt_lib_init_clock_1                    0x080001a3   Thumb Code     0  libinit2.o(.ARM.Collect$$libinit$$00000021)
    __rt_lib_init_cpp_1                      0x080001a3   Thumb Code     0  libinit2.o(.ARM.Collect$$libinit$$00000032)
    __rt_lib_init_exceptions_1               0x080001a3   Thumb Code     0  libinit2.o(.ARM.Collect$$libinit$$00000030)
    __rt_lib_init_fp_1                       0x080001a3   Thumb Code     0  libinit2.o(.ARM.Collect$$libinit$$00000002)
    __rt_lib_init_fp_trap_1                  0x080001a3   Thumb Code     0  libinit2.o(.ARM.Collect$$libinit$$0000001F)
    __rt_lib_init_getenv_1                   0x080001a3   Thumb Code     0  libinit2.o(.ARM.Collect$$libinit$$00000023)
    __rt_lib_init_heap_1                     0x080001a3   Thumb Code     0  libinit2.o(.ARM.Collect$$libinit$$0000000A)
    __rt_lib_init_lc_collate_1               0x080001a3   Thumb Code     0  libinit2.o(.ARM.Collect$$libinit$$00000011)
    __rt_lib_init_lc_ctype_1                 0x080001a3   Thumb Code     0  libinit2.o(.ARM.Collect$$libinit$$00000013)
    __rt_lib_init_lc_monetary_1              0x080001a3   Thumb Code     0  libinit2.o(.ARM.Collect$$libinit$$00000015)
    __rt_lib_init_lc_numeric_1               0x080001a3   Thumb Code     0  libinit2.o(.ARM.Collect$$libinit$$00000017)
    __rt_lib_init_lc_time_1                  0x080001a3   Thumb Code     0  libinit2.o(.ARM.Collect$$libinit$$00000019)
    __rt_lib_init_preinit_1                  0x080001a3   Thumb Code     0  libinit2.o(.ARM.Collect$$libinit$$00000004)
    __rt_lib_init_rand_1                     0x080001a3   Thumb Code     0  libinit2.o(.ARM.Collect$$libinit$$0000000E)
    __rt_lib_init_return                     0x080001a3   Thumb Code     0  libinit2.o(.ARM.Collect$$libinit$$00000033)
    __rt_lib_init_signal_1                   0x080001a3   Thumb Code     0  libinit2.o(.ARM.Collect$$libinit$$0000001D)
    __rt_lib_init_stdio_1                    0x080001a3   Thumb Code     0  libinit2.o(.ARM.Collect$$libinit$$00000025)
    __rt_lib_init_user_alloc_1               0x080001a3   Thumb Code     0  libinit2.o(.ARM.Collect$$libinit$$0000000C)
    __rt_lib_shutdown                        0x080001a5   Thumb Code     0  libshutdown.o(.ARM.Collect$$libshutdown$$00000000)
    __rt_lib_shutdown_cpp_1                  0x080001a7   Thumb Code     0  libshutdown2.o(.ARM.Collect$$libshutdown$$00000004)
    __rt_lib_shutdown_fini_1                 0x080001a7   Thumb Code     0  libshutdown2.o(.ARM.Collect$$libshutdown$$00000002)
    __rt_lib_shutdown_fp_trap_1              0x080001a7   Thumb Code     0  libshutdown2.o(.ARM.Collect$$libshutdown$$00000009)
    __rt_lib_shutdown_heap_1                 0x080001a7   Thumb Code     0  libshutdown2.o(.ARM.Collect$$libshutdown$$00000011)
    __rt_lib_shutdown_return                 0x080001a7   Thumb Code     0  libshutdown2.o(.ARM.Collect$$libshutdown$$00000012)
    __rt_lib_shutdown_signal_1               0x080001a7   Thumb Code     0  libshutdown2.o(.ARM.Collect$$libshutdown$$0000000C)
    __rt_lib_shutdown_stdio_1                0x080001a7   Thumb Code     0  libshutdown2.o(.ARM.Collect$$libshutdown$$00000006)
    __rt_lib_shutdown_user_alloc_1           0x080001a7   Thumb Code     0  libshutdown2.o(.ARM.Collect$$libshutdown$$0000000E)
    __rt_entry                               0x080001a9   Thumb Code     0  __rtentry.o(.ARM.Collect$$rtentry$$00000000)
    __rt_entry_presh_1                       0x080001a9   Thumb Code     0  __rtentry2.o(.ARM.Collect$$rtentry$$00000002)
    __rt_entry_sh                            0x080001a9   Thumb Code     0  __rtentry4.o(.ARM.Collect$$rtentry$$00000004)
    __rt_entry_li                            0x080001af   Thumb Code     0  __rtentry2.o(.ARM.Collect$$rtentry$$0000000A)
    __rt_entry_postsh_1                      0x080001af   Thumb Code     0  __rtentry2.o(.ARM.Collect$$rtentry$$00000009)
    __rt_entry_main                          0x080001b3   Thumb Code     0  __rtentry2.o(.ARM.Collect$$rtentry$$0000000D)
    __rt_entry_postli_1                      0x080001b3   Thumb Code     0  __rtentry2.o(.ARM.Collect$$rtentry$$0000000C)
    __rt_exit                                0x080001bb   Thumb Code     0  rtexit.o(.ARM.Collect$$rtexit$$00000000)
    __rt_exit_ls                             0x080001bd   Thumb Code     0  rtexit2.o(.ARM.Collect$$rtexit$$00000003)
    __rt_exit_prels_1                        0x080001bd   Thumb Code     0  rtexit2.o(.ARM.Collect$$rtexit$$00000002)
    __rt_exit_exit                           0x080001c1   Thumb Code     0  rtexit2.o(.ARM.Collect$$rtexit$$00000004)
    Reset_Handler                            0x080001c9   Thumb Code     8  startup_stm32f10x_md.o(.text)
    ADC1_2_IRQHandler                        0x080001e3   Thumb Code     0  startup_stm32f10x_md.o(.text)
    CAN1_RX1_IRQHandler                      0x080001e3   Thumb Code     0  startup_stm32f10x_md.o(.text)
    CAN1_SCE_IRQHandler                      0x080001e3   Thumb Code     0  startup_stm32f10x_md.o(.text)
    DMA1_Channel1_IRQHandler                 0x080001e3   Thumb Code     0  startup_stm32f10x_md.o(.text)
    DMA1_Channel2_IRQHandler                 0x080001e3   Thumb Code     0  startup_stm32f10x_md.o(.text)
    DMA1_Channel3_IRQHandler                 0x080001e3   Thumb Code     0  startup_stm32f10x_md.o(.text)
    DMA1_Channel4_IRQHandler                 0x080001e3   Thumb Code     0  startup_stm32f10x_md.o(.text)
    DMA1_Channel5_IRQHandler                 0x080001e3   Thumb Code     0  startup_stm32f10x_md.o(.text)
    DMA1_Channel6_IRQHandler                 0x080001e3   Thumb Code     0  startup_stm32f10x_md.o(.text)
    DMA1_Channel7_IRQHandler                 0x080001e3   Thumb Code     0  startup_stm32f10x_md.o(.text)
    EXTI0_IRQHandler                         0x080001e3   Thumb Code     0  startup_stm32f10x_md.o(.text)
    EXTI15_10_IRQHandler                     0x080001e3   Thumb Code     0  startup_stm32f10x_md.o(.text)
    EXTI1_IRQHandler                         0x080001e3   Thumb Code     0  startup_stm32f10x_md.o(.text)
    EXTI2_IRQHandler                         0x080001e3   Thumb Code     0  startup_stm32f10x_md.o(.text)
    EXTI3_IRQHandler                         0x080001e3   Thumb Code     0  startup_stm32f10x_md.o(.text)
    EXTI4_IRQHandler                         0x080001e3   Thumb Code     0  startup_stm32f10x_md.o(.text)
    EXTI9_5_IRQHandler                       0x080001e3   Thumb Code     0  startup_stm32f10x_md.o(.text)
    FLASH_IRQHandler                         0x080001e3   Thumb Code     0  startup_stm32f10x_md.o(.text)
    I2C1_ER_IRQHandler                       0x080001e3   Thumb Code     0  startup_stm32f10x_md.o(.text)
    I2C1_EV_IRQHandler                       0x080001e3   Thumb Code     0  startup_stm32f10x_md.o(.text)
    I2C2_ER_IRQHandler                       0x080001e3   Thumb Code     0  startup_stm32f10x_md.o(.text)
    I2C2_EV_IRQHandler                       0x080001e3   Thumb Code     0  startup_stm32f10x_md.o(.text)
    PVD_IRQHandler                           0x080001e3   Thumb Code     0  startup_stm32f10x_md.o(.text)
    RCC_IRQHandler                           0x080001e3   Thumb Code     0  startup_stm32f10x_md.o(.text)
    RTCAlarm_IRQHandler                      0x080001e3   Thumb Code     0  startup_stm32f10x_md.o(.text)
    RTC_IRQHandler                           0x080001e3   Thumb Code     0  startup_stm32f10x_md.o(.text)
    SPI1_IRQHandler                          0x080001e3   Thumb Code     0  startup_stm32f10x_md.o(.text)
    SPI2_IRQHandler                          0x080001e3   Thumb Code     0  startup_stm32f10x_md.o(.text)
    TAMPER_IRQHandler                        0x080001e3   Thumb Code     0  startup_stm32f10x_md.o(.text)
    TIM1_BRK_IRQHandler                      0x080001e3   Thumb Code     0  startup_stm32f10x_md.o(.text)
    TIM1_CC_IRQHandler                       0x080001e3   Thumb Code     0  startup_stm32f10x_md.o(.text)
    TIM1_TRG_COM_IRQHandler                  0x080001e3   Thumb Code     0  startup_stm32f10x_md.o(.text)
    TIM1_UP_IRQHandler                       0x080001e3   Thumb Code     0  startup_stm32f10x_md.o(.text)
    TIM2_IRQHandler                          0x080001e3   Thumb Code     0  startup_stm32f10x_md.o(.text)
    TIM3_IRQHandler                          0x080001e3   Thumb Code     0  startup_stm32f10x_md.o(.text)
    TIM4_IRQHandler                          0x080001e3   Thumb Code     0  startup_stm32f10x_md.o(.text)
    USART1_IRQHandler                        0x080001e3   Thumb Code     0  startup_stm32f10x_md.o(.text)
    USART2_IRQHandler                        0x080001e3   Thumb Code     0  startup_stm32f10x_md.o(.text)
    USART3_IRQHandler                        0x080001e3   Thumb Code     0  startup_stm32f10x_md.o(.text)
    USB_HP_CAN1_TX_IRQHandler                0x080001e3   Thumb Code     0  startup_stm32f10x_md.o(.text)
    WWDG_IRQHandler                          0x080001e3   Thumb Code     0  startup_stm32f10x_md.o(.text)
    __user_initial_stackheap                 0x080001e5   Thumb Code     0  startup_stm32f10x_md.o(.text)
    __aeabi_memcpy                           0x08000209   Thumb Code     0  rt_memcpy_v6.o(.text)
    __rt_memcpy                              0x08000209   Thumb Code   138  rt_memcpy_v6.o(.text)
    _memcpy_lastbytes                        0x0800026f   Thumb Code     0  rt_memcpy_v6.o(.text)
    __aeabi_memcpy4                          0x08000293   Thumb Code     0  rt_memcpy_w.o(.text)
    __aeabi_memcpy8                          0x08000293   Thumb Code     0  rt_memcpy_w.o(.text)
    __rt_memcpy_w                            0x08000293   Thumb Code   100  rt_memcpy_w.o(.text)
    _memcpy_lastbytes_aligned                0x080002db   Thumb Code     0  rt_memcpy_w.o(.text)
    __aeabi_memclr4                          0x080002f7   Thumb Code     0  rt_memclr_w.o(.text)
    __aeabi_memclr8                          0x080002f7   Thumb Code     0  rt_memclr_w.o(.text)
    __rt_memclr_w                            0x080002f7   Thumb Code    78  rt_memclr_w.o(.text)
    _memset_w                                0x080002fb   Thumb Code     0  rt_memclr_w.o(.text)
    __use_two_region_memory                  0x08000345   Thumb Code     2  heapauxi.o(.text)
    __rt_heap_escrow$2region                 0x08000347   Thumb Code     2  heapauxi.o(.text)
    __rt_heap_expand$2region                 0x08000349   Thumb Code     2  heapauxi.o(.text)
    __user_setup_stackheap                   0x0800034b   Thumb Code    74  sys_stackheap_outer.o(.text)
    exit                                     0x08000395   Thumb Code    18  exit.o(.text)
    __user_libspace                          0x080003a9   Thumb Code     8  libspace.o(.text)
    __user_perproc_libspace                  0x080003a9   Thumb Code     0  libspace.o(.text)
    __user_perthread_libspace                0x080003a9   Thumb Code     0  libspace.o(.text)
    _sys_exit                                0x080003b1   Thumb Code     8  sys_exit.o(.text)
    __I$use$semihosting                      0x080003bd   Thumb Code     0  use_no_semi.o(.text)
    __use_no_semihosting_swi                 0x080003bd   Thumb Code     2  use_no_semi.o(.text)
    ADC_Cmd                                  0x080003bf   Thumb Code    22  stm32f10x_adc.o(i.ADC_Cmd)
    __semihosting_library_function           0x080003bf   Thumb Code     0  indicate_semi.o(.text)
    ADC_GetCalibrationStatus                 0x080003d5   Thumb Code    20  stm32f10x_adc.o(i.ADC_GetCalibrationStatus)
    ADC_GetConversionValue                   0x080003e9   Thumb Code     8  stm32f10x_adc.o(i.ADC_GetConversionValue)
    ADC_GetResetCalibrationStatus            0x080003f1   Thumb Code    20  stm32f10x_adc.o(i.ADC_GetResetCalibrationStatus)
    ADC_Init                                 0x08000405   Thumb Code    70  stm32f10x_adc.o(i.ADC_Init)
    ADC_RegularChannelConfig                 0x08000455   Thumb Code   184  stm32f10x_adc.o(i.ADC_RegularChannelConfig)
    ADC_ResetCalibration                     0x0800050d   Thumb Code    10  stm32f10x_adc.o(i.ADC_ResetCalibration)
    ADC_SoftwareStartConvCmd                 0x08000517   Thumb Code    22  stm32f10x_adc.o(i.ADC_SoftwareStartConvCmd)
    ADC_StartCalibration                     0x0800052d   Thumb Code    10  stm32f10x_adc.o(i.ADC_StartCalibration)
    AES_general_SW_enc                       0x08000539   Thumb Code   758  crypto.o(i.AES_general_SW_enc)
    Big_to_W8                                0x08000b99   Thumb Code   100  crypto.o(i.Big_to_W8)
    BusFault_Handler                         0x08000bfd   Thumb Code     4  stm32_it.o(i.BusFault_Handler)
    ByteSwap                                 0x08000c01   Thumb Code    12  usb_regs.o(i.ByteSwap)
    CRC_CalcCRC                              0x08000c0d   Thumb Code    10  stm32f10x_crc.o(i.CRC_CalcCRC)
    CRC_ResetDR                              0x08000c1d   Thumb Code     8  stm32f10x_crc.o(i.CRC_ResetDR)
    CTR_LP                                   0x08000c29   Thumb Code   616  usb_int.o(i.CTR_LP)
    CheckCRC                                 0x08000eb1   Thumb Code    68  hw_config.o(i.CheckCRC)
    ClearDTOG_RX                             0x08000ef5   Thumb Code    48  usb_regs.o(i.ClearDTOG_RX)
    ClearDTOG_TX                             0x08000f29   Thumb Code    48  usb_regs.o(i.ClearDTOG_TX)
    Clear_Status_Out                         0x08000f5d   Thumb Code    34  usb_regs.o(i.Clear_Status_Out)
    CompareBig                               0x08000f85   Thumb Code   160  crypto.o(i.CompareBig)
    CopyBig                                  0x08001025   Thumb Code    98  crypto.o(i.CopyBig)
    CountBits                                0x08001087   Thumb Code    52  crypto.o(i.CountBits)
    CountBytes                               0x080010bb   Thumb Code    52  crypto.o(i.CountBytes)
    DebugMon_Handler                         0x08001705   Thumb Code     2  stm32_it.o(i.DebugMon_Handler)
    EP1_IN_Callback                          0x08001709   Thumb Code     8  usb_endp.o(i.EP1_IN_Callback)
    EP1_OUT_Callback                         0x08001715   Thumb Code   282  usb_endp.o(i.EP1_OUT_Callback)
    EXTI_ClearITPendingBit                   0x08001845   Thumb Code     6  stm32f10x_exti.o(i.EXTI_ClearITPendingBit)
    FLASH_ErasePage                          0x08001851   Thumb Code    72  stm32f10x_flash.o(i.FLASH_ErasePage)
    FLASH_GetBank1Status                     0x0800189d   Thumb Code    48  stm32f10x_flash.o(i.FLASH_GetBank1Status)
    FLASH_Init                               0x080018d1   Thumb Code    16  usb_flash.o(i.FLASH_Init)
    FLASH_Lock                               0x080018e1   Thumb Code    14  stm32f10x_flash.o(i.FLASH_Lock)
    FLASH_PrefetchBufferCmd                  0x080018f5   Thumb Code    22  stm32f10x_flash.o(i.FLASH_PrefetchBufferCmd)
    FLASH_ProgramWord                        0x08001911   Thumb Code   102  stm32f10x_flash.o(i.FLASH_ProgramWord)
    FLASH_ReadSettings                       0x0800197d   Thumb Code    26  usb_flash.o(i.FLASH_ReadSettings)
    FLASH_SetLatency                         0x080019a1   Thumb Code    18  stm32f10x_flash.o(i.FLASH_SetLatency)
    FLASH_Unlock                             0x080019b9   Thumb Code    12  stm32f10x_flash.o(i.FLASH_Unlock)
    FLASH_WaitForLastOperation               0x080019d1   Thumb Code    38  stm32f10x_flash.o(i.FLASH_WaitForLastOperation)
    FLASH_WriteSettings                      0x080019f9   Thumb Code    46  usb_flash.o(i.FLASH_WriteSettings)
    FastMulInnerBase                         0x08001a31   Thumb Code    92  crypto.o(i.FastMulInnerBase)
    GPIO_Init                                0x08001a8d   Thumb Code   278  stm32f10x_gpio.o(i.GPIO_Init)
    GPIO_ResetBits                           0x08001ba3   Thumb Code     4  stm32f10x_gpio.o(i.GPIO_ResetBits)
    GPIO_SetBits                             0x08001ba7   Thumb Code     4  stm32f10x_gpio.o(i.GPIO_SetBits)
    GenNSessionKey                           0x08001bad   Thumb Code    22  hw_config.o(i.GenNSessionKey)
    GetEPRxAddr                              0x08001bc9   Thumb Code    24  usb_regs.o(i.GetEPRxAddr)
    GetEPRxCount                             0x08001be9   Thumb Code    26  usb_regs.o(i.GetEPRxCount)
    GetEPTxAddr                              0x08001c0d   Thumb Code    22  usb_regs.o(i.GetEPTxAddr)
    GetLastDate                              0x08001c2d   Thumb Code    96  hw_config.o(i.GetLastDate)
    Get_SerialNum                            0x08001c95   Thumb Code    42  hw_config.o(i.Get_SerialNum)
    HID_Data_Setup                           0x08001cc9   Thumb Code   130  usb_prop.o(i.HID_Data_Setup)
    HID_GetConfigDescriptor                  0x08001d65   Thumb Code    14  usb_prop.o(i.HID_GetConfigDescriptor)
    HID_GetDeviceDescriptor                  0x08001d79   Thumb Code    14  usb_prop.o(i.HID_GetDeviceDescriptor)
    HID_GetHIDDescriptor                     0x08001d8d   Thumb Code    14  usb_prop.o(i.HID_GetHIDDescriptor)
    HID_GetProtocolValue                     0x08001da1   Thumb Code    20  usb_prop.o(i.HID_GetProtocolValue)
    HID_GetReportDescriptor                  0x08001dbd   Thumb Code    14  usb_prop.o(i.HID_GetReportDescriptor)
    HID_GetStringDescriptor                  0x08001dd1   Thumb Code    32  usb_prop.o(i.HID_GetStringDescriptor)
    HID_Get_Interface_Setting                0x08001df9   Thumb Code    22  usb_prop.o(i.HID_Get_Interface_Setting)
    HID_NoData_Setup                         0x08001e11   Thumb Code    32  usb_prop.o(i.HID_NoData_Setup)
    HID_Reset                                0x08001e35   Thumb Code   168  usb_prop.o(i.HID_Reset)
    HID_SetConfiguration                     0x08001eed   Thumb Code    14  usb_prop.o(i.HID_SetConfiguration)
    HID_SetDeviceAddress                     0x08001f05   Thumb Code     8  usb_prop.o(i.HID_SetDeviceAddress)
    HID_SetProtocol                          0x08001f11   Thumb Code    14  usb_prop.o(i.HID_SetProtocol)
    HID_SetReport_Feature                    0x08001f29   Thumb Code    20  usb_prop.o(i.HID_SetReport_Feature)
    HID_Status_In                            0x08001f45   Thumb Code   264  usb_prop.o(i.HID_Status_In)
    HID_Status_Out                           0x08002061   Thumb Code     2  usb_prop.o(i.HID_Status_Out)
    HID_init                                 0x08002065   Thumb Code    30  usb_prop.o(i.HID_init)
    HardFault_Handler                        0x0800208d   Thumb Code     4  stm32_it.o(i.HardFault_Handler)
    In0_Process                              0x08002091   Thumb Code    98  usb_core.o(i.In0_Process)
    InitBig                                  0x08002101   Thumb Code    66  crypto.o(i.InitBig)
    IsZeroBig                                0x08002181   Thumb Code    22  crypto.o(i.IsZeroBig)
    Leave_LowPowerMode                       0x08002199   Thumb Code    28  hw_config.o(i.Leave_LowPowerMode)
    LeftShift                                0x080021bd   Thumb Code   116  crypto.o(i.LeftShift)
    MemManage_Handler                        0x08002231   Thumb Code     4  stm32_it.o(i.MemManage_Handler)
    ModularExpSlidWin                        0x08002235   Thumb Code   596  crypto.o(i.ModularExpSlidWin)
    MontyExit                                0x08002489   Thumb Code    66  crypto.o(i.MontyExit)
    MontyInit                                0x080024cb   Thumb Code   338  crypto.o(i.MontyInit)
    MontyKillAll                             0x0800261d   Thumb Code    26  crypto.o(i.MontyKillAll)
    MontyKillR2                              0x08002637   Thumb Code    12  crypto.o(i.MontyKillR2)
    MontyMul                                 0x08002643   Thumb Code   352  crypto.o(i.MontyMul)
    MulBigbyUnInt                            0x080027a3   Thumb Code    90  crypto.o(i.MulBigbyUnInt)
    NMI_Handler                              0x080027fd   Thumb Code     2  stm32_it.o(i.NMI_Handler)
    NOP_Process                              0x080027ff   Thumb Code     2  usb_core.o(i.NOP_Process)
    NVIC_Init                                0x08002801   Thumb Code   100  misc.o(i.NVIC_Init)
    NVIC_PriorityGroupConfig                 0x08002871   Thumb Code    10  misc.o(i.NVIC_PriorityGroupConfig)
    Out0_Process                             0x080029bd   Thumb Code    70  usb_core.o(i.Out0_Process)
    PMAToUserBufferCopy                      0x08002a0d   Thumb Code    34  usb_mem.o(i.PMAToUserBufferCopy)
    PendSV_Handler                           0x08002a35   Thumb Code     2  stm32_it.o(i.PendSV_Handler)
    Post0_Process                            0x08002a39   Thumb Code    54  usb_core.o(i.Post0_Process)
    PowerOn                                  0x08002a81   Thumb Code    54  usb_pwr.o(i.PowerOn)
    RCC_AHBPeriphClockCmd                    0x08002ac1   Thumb Code    26  stm32f10x_rcc.o(i.RCC_AHBPeriphClockCmd)
    RCC_APB1PeriphClockCmd                   0x08002ae1   Thumb Code    26  stm32f10x_rcc.o(i.RCC_APB1PeriphClockCmd)
    RCC_APB2PeriphClockCmd                   0x08002b01   Thumb Code    26  stm32f10x_rcc.o(i.RCC_APB2PeriphClockCmd)
    RCC_USBCLKConfig                         0x08002b21   Thumb Code     6  stm32f10x_rcc.o(i.RCC_USBCLKConfig)
    RHIDCheckState                           0x08002b2d   Thumb Code    82  hw_config.o(i.RHIDCheckState)
    RHID_Send                                0x08002b89   Thumb Code    74  hw_config.o(i.RHID_Send)
    RNGinit                                  0x08002bd9   Thumb Code   218  crypto.o(i.RNGinit)
    RSAVP1                                   0x08002cb9   Thumb Code    34  crypto.o(i.RSAVP1)
    RSA_Encrypt                              0x08002cdd   Thumb Code    90  hw_config.o(i.RSA_Encrypt)
    RSA_PKCS1v15_Encrypt                     0x08002d41   Thumb Code   482  crypto.o(i.RSA_PKCS1v15_Encrypt)
    Resume                                   0x08002f29   Thumb Code   206  usb_pwr.o(i.Resume)
    Resume_Init                              0x08003009   Thumb Code    30  usb_pwr.o(i.Resume_Init)
    RndBit                                   0x0800302d   Thumb Code    40  mytrng.o(i.RndBit)
    RndByte                                  0x08003059   Thumb Code    30  mytrng.o(i.RndByte)
    RunCommand                               0x08003079   Thumb Code   374  hw_config.o(i.RunCommand)
    SVC_Handler                              0x0800320d   Thumb Code     2  stm32_it.o(i.SVC_Handler)
    SetBTABLE                                0x08003211   Thumb Code    12  usb_regs.o(i.SetBTABLE)
    SetDeviceAddress                         0x08003221   Thumb Code    68  usb_core.o(i.SetDeviceAddress)
    SetEPRxAddr                              0x08003271   Thumb Code    26  usb_regs.o(i.SetEPRxAddr)
    SetEPRxCount                             0x08003295   Thumb Code    68  usb_regs.o(i.SetEPRxCount)
    SetEPRxStatus                            0x080032e1   Thumb Code    60  usb_regs.o(i.SetEPRxStatus)
    SetEPRxValid                             0x08003321   Thumb Code    48  usb_regs.o(i.SetEPRxValid)
    SetEPTxAddr                              0x08003355   Thumb Code    24  usb_regs.o(i.SetEPTxAddr)
    SetEPTxCount                             0x08003375   Thumb Code    20  usb_regs.o(i.SetEPTxCount)
    SetEPTxStatus                            0x08003391   Thumb Code    60  usb_regs.o(i.SetEPTxStatus)
    SetEPTxValid                             0x080033d1   Thumb Code    48  usb_regs.o(i.SetEPTxValid)
    SetEPType                                0x08003405   Thumb Code    32  usb_regs.o(i.SetEPType)
    SetLastDate                              0x08003429   Thumb Code   210  hw_config.o(i.SetLastDate)
    SetZeroBig                               0x080035e9   Thumb Code    38  crypto.o(i.SetZeroBig)
    Set_ADCConfig                            0x08003611   Thumb Code   138  hw_config.o(i.Set_ADCConfig)
    Set_System                               0x080036a5   Thumb Code   102  hw_config.o(i.Set_System)
    Set_USBClock                             0x08003715   Thumb Code    18  hw_config.o(i.Set_USBClock)
    Setup0_Process                           0x08003729   Thumb Code   170  usb_core.o(i.Setup0_Process)
    StAllocBig                               0x080037e1   Thumb Code    66  crypto.o(i.StAllocBig)
    StFreeBig                                0x08003823   Thumb Code    36  crypto.o(i.StFreeBig)
    Standard_ClearFeature                    0x08003849   Thumb Code   342  usb_core.o(i.Standard_ClearFeature)
    Standard_GetConfiguration                0x080039b5   Thumb Code    34  usb_core.o(i.Standard_GetConfiguration)
    Standard_GetDescriptorData               0x080039e1   Thumb Code    32  usb_core.o(i.Standard_GetDescriptorData)
    Standard_GetInterface                    0x08003a05   Thumb Code    34  usb_core.o(i.Standard_GetInterface)
    Standard_GetStatus                       0x08003a31   Thumb Code   238  usb_core.o(i.Standard_GetStatus)
    Standard_SetConfiguration                0x08003b31   Thumb Code    60  usb_core.o(i.Standard_SetConfiguration)
    Standard_SetDeviceFeature                0x08003b79   Thumb Code    30  usb_core.o(i.Standard_SetDeviceFeature)
    Standard_SetEndPointFeature              0x08003ba1   Thumb Code   192  usb_core.o(i.Standard_SetEndPointFeature)
    Standard_SetInterface                    0x08003c71   Thumb Code    96  usb_core.o(i.Standard_SetInterface)
    StartTransfer                            0x08003cdd   Thumb Code    34  hw_config.o(i.StartTransfer)
    SubBig                                   0x08003d09   Thumb Code   212  crypto.o(i.SubBig)
    Sub_Moduli_Big                           0x08003ddd   Thumb Code   260  crypto.o(i.Sub_Moduli_Big)
    Suspend                                  0x08003ee1   Thumb Code   240  usb_pwr.o(i.Suspend)
    SysTick_Handler                          0x08003fe5   Thumb Code     2  stm32_it.o(i.SysTick_Handler)
    SystemInit                               0x08003fe9   Thumb Code    78  system_stm32f10x.o(i.SystemInit)
    USBWakeUp_IRQHandler                     0x08004049   Thumb Code    12  stm32_it.o(i.USBWakeUp_IRQHandler)
    USB_Cable_Config                         0x08004055   Thumb Code    26  hw_config.o(i.USB_Cable_Config)
    USB_Init                                 0x08004075   Thumb Code    36  usb_init.o(i.USB_Init)
    USB_Interrupts_Config                    0x080040b1   Thumb Code    60  hw_config.o(i.USB_Interrupts_Config)
    USB_Istr                                 0x080040ed   Thumb Code   190  usb_istr.o(i.USB_Istr)
    USB_LP_CAN1_RX0_IRQHandler               0x080041cd   Thumb Code     8  stm32_it.o(i.USB_LP_CAN1_RX0_IRQHandler)
    USB_SIL_Init                             0x080041d5   Thumb Code    28  usb_sil.o(i.USB_SIL_Init)
    USB_SIL_Read                             0x080041f9   Thumb Code    46  usb_sil.o(i.USB_SIL_Read)
    USB_SIL_Write                            0x08004227   Thumb Code    46  usb_sil.o(i.USB_SIL_Write)
    UsageFault_Handler                       0x08004255   Thumb Code     4  stm32_it.o(i.UsageFault_Handler)
    UserToPMABufferCopy                      0x08004259   Thumb Code    52  usb_mem.o(i.UserToPMABufferCopy)
    W8_to_Big                                0x08004291   Thumb Code   198  crypto.o(i.W8_to_Big)
    aes128_block_enc                         0x08004357   Thumb Code   174  aes_blocks_enc.o(i.aes128_block_enc)
    aes128_enc                               0x08004405   Thumb Code    18  aes128_enc.o(i.aes128_enc)
    aes128_init                              0x08004417   Thumb Code    18  aes_keyschedule.o(i.aes128_init)
    aes_encrypt_core                         0x080045ad   Thumb Code    70  aes_enc.o(i.aes_encrypt_core)
    aes_init                                 0x080045f5   Thumb Code   234  aes_keyschedule.o(i.aes_init)
    aes_shiftcol                             0x080046fb   Thumb Code    74  aes_enc.o(i.aes_shiftcol)
    crc32_native                             0x08004745   Thumb Code   128  hw_config.o(i.crc32_native)
    crl_DRBG_AES128_Generate                 0x080047c5   Thumb Code   478  crypto.o(i.crl_DRBG_AES128_Generate)
    delay                                    0x08004acb   Thumb Code    12  mytrng.o(i.delay)
    gf256mul                                 0x08004ad7   Thumb Code    42  gf256mul.o(i.gf256mul)
    main                                     0x08004b01   Thumb Code    48  main.o(i.main)
    rc_tab                                   0x08004b34   Data          10  aes_keyschedule.o(.constdata)
    aes_sbox                                 0x08004b3e   Data         256  aes_sbox.o(.constdata)
    RHID_DeviceDescriptor                    0x08004c3e   Data          18  usb_desc.o(.constdata)
    RHID_ConfigDescriptor                    0x08004c50   Data          41  usb_desc.o(.constdata)
    RHID_ReportDescriptor                    0x08004c79   Data         148  usb_desc.o(.constdata)
    RHID_StringLangID                        0x08004d0d   Data           4  usb_desc.o(.constdata)
    RHID_StringVendor                        0x08004d11   Data          42  usb_desc.o(.constdata)
    RHID_StringProduct                       0x08004d3b   Data          24  usb_desc.o(.constdata)
    Sbox                                     0x08004d5c   Data         256  crypto.o(.constdata)
    InvSbox                                  0x08004e5c   Data         256  crypto.o(.constdata)
    rcon                                     0x08004f5c   Data          40  crypto.o(.constdata)
    enc_table                                0x08004f84   Data        1024  crypto.o(.constdata)
    dec_table                                0x08005384   Data        1024  crypto.o(.constdata)
    SP1                                      0x080059a4   Data         256  crypto.o(.constdata)
    SP2                                      0x08005aa4   Data         256  crypto.o(.constdata)
    SP3                                      0x08005ba4   Data         256  crypto.o(.constdata)
    SP4                                      0x08005ca4   Data         256  crypto.o(.constdata)
    SP5                                      0x08005da4   Data         256  crypto.o(.constdata)
    SP6                                      0x08005ea4   Data         256  crypto.o(.constdata)
    SP7                                      0x08005fa4   Data         256  crypto.o(.constdata)
    SP8                                      0x080060a4   Data         256  crypto.o(.constdata)
    K256                                     0x080061a4   Data         256  crypto.o(.constdata)
    sigma                                    0x08006528   Data          16  crypto.o(.constdata)
    ge25519_base                             0x080065ac   Data         128  crypto.o(.constdata)
    Region$$Table$$Base                      0x080068bc   Number         0  anon$$obj.o(Region$$Table)
    Region$$Table$$Limit                     0x080068dc   Number         0  anon$$obj.o(Region$$Table)
    PrevXferComplete                         0x20000000   Data           1  main.o(.data)
    AES_key                                  0x20000001   Data          16  main.o(.data)
    StatusInfo                               0x20000012   Data           2  usb_core.o(.data)
    Data_Mul_MaxPacketSize                   0x20000014   Data           1  usb_core.o(.data)
    EPindex                                  0x20000018   Data           1  usb_init.o(.data)
    pInformation                             0x2000001c   Data           4  usb_init.o(.data)
    pProperty                                0x20000020   Data           4  usb_init.o(.data)
    SaveState                                0x20000024   Data           2  usb_init.o(.data)
    wInterrupt_Mask                          0x20000026   Data           2  usb_init.o(.data)
    pUser_Standard_Requests                  0x20000028   Data           4  usb_init.o(.data)
    SaveRState                               0x2000002c   Data           2  usb_int.o(.data)
    SaveTState                               0x2000002e   Data           2  usb_int.o(.data)
    HSEStartUpStatus                         0x20000030   Data           1  hw_config.o(.data)
    EXTI_InitStructure                       0x20000034   Data           8  hw_config.o(.data)
    MessLen                                  0x2000003c   Data           2  hw_config.o(.data)
    btn1_prev                                0x2000003e   Data           2  hw_config.o(.data)
    btn2_prev                                0x20000040   Data           2  hw_config.o(.data)
    RHID_StringSerial                        0x20000042   Data          26  usb_desc.o(.data)
    bDeviceState                             0x2000005c   Data           4  usb_pwr.o(.data)
    fSuspendEnabled                          0x20000060   Data           1  usb_pwr.o(.data)
    ResumeS                                  0x20000061   Data           2  usb_pwr.o(.data)
    remotewakeupon                           0x20000064   Data           4  usb_pwr.o(.data)
    ProtocolValue                            0x20000068   Data           4  usb_prop.o(.data)
    EXTI_Enable                              0x2000006c   Data           1  usb_prop.o(.data)
    Request                                  0x2000006d   Data           1  usb_prop.o(.data)
    Device_Table                             0x2000006e   Data           2  usb_prop.o(.data)
    Device_Property                          0x20000070   Data          48  usb_prop.o(.data)
    User_Standard_Requests                   0x200000a0   Data          36  usb_prop.o(.data)
    Device_Descriptor                        0x200000c4   Data           8  usb_prop.o(.data)
    Config_Descriptor                        0x200000cc   Data           8  usb_prop.o(.data)
    RHID_Report_Descriptor                   0x200000d4   Data           8  usb_prop.o(.data)
    RHID_Hid_Descriptor                      0x200000dc   Data           8  usb_prop.o(.data)
    String_Descriptor                        0x200000e4   Data          32  usb_prop.o(.data)
    wIstr                                    0x20000104   Data           2  usb_istr.o(.data)
    bIntPackSOF                              0x20000106   Data           1  usb_istr.o(.data)
    esof_counter                             0x20000108   Data           4  usb_istr.o(.data)
    wCNTR                                    0x2000010c   Data           4  usb_istr.o(.data)
    pEpInt_IN                                0x20000110   Data          28  usb_istr.o(.data)
    pEpInt_OUT                               0x2000012c   Data          28  usb_istr.o(.data)
    cryptmess                                0x20000148   Data         256  main.o(.bss)
    Device_Info                              0x20000248   Data          28  usb_init.o(.bss)
    cryptkey                                 0x20000264   Data          32  hw_config.o(.bss)
    Command                                  0x20000284   Data        4096  hw_config.o(.bss)
    preallocated_buffer                      0x20001284   Data        4096  hw_config.o(.bss)
    entropy_data                             0x20002284   Data          32  hw_config.o(.bss)
    Buffer                                   0x200022a4   Data          65  hw_config.o(.bss)
    EP                                       0x200022e8   Data          32  usb_pwr.o(.bss)
    Report_Buf                               0x20002308   Data          64  usb_prop.o(.bss)
    Receive_Buffer                           0x20002348   Data          65  usb_endp.o(.bss)
    settings                                 0x2000238a   Data         294  usb_flash.o(.bss)
    __libspace_start                         0x200024b0   Data          96  libspace.o(.bss)
    __temporary_stack_top$libspace           0x20002510   Data           0  libspace.o(.bss)



==============================================================================

Memory Map of the image

  Image Entry point : 0x080001c9

  Load Region LR_1 (Base: 0x08000000, Size: 0x00006a24, Max: 0xffffffff, ABSOLUTE, COMPRESSED[0x0000696c])

    Execution Region ER_RO (Exec base: 0x08000000, Load base: 0x08000000, Size: 0x000068dc, Max: 0xffffffff, ABSOLUTE)

    Exec Addr    Load Addr    Size         Type   Attr      Idx    E Section Name        Object

    0x08000000   0x08000000   0x000000ec   Data   RO         2810    RESET               startup_stm32f10x_md.o
    0x080000ec   0x080000ec   0x00000008   Code   RO         3516  * !!!main             c_w.l(__main.o)
    0x080000f4   0x080000f4   0x00000034   Code   RO         3677    !!!scatter          c_w.l(__scatter.o)
    0x08000128   0x08000128   0x0000005a   Code   RO         3675    !!dczerorl2         c_w.l(__dczerorl2.o)
    0x08000182   0x08000182   0x00000002   PAD
    0x08000184   0x08000184   0x0000001c   Code   RO         3679    !!handler_zi        c_w.l(__scatter_zi.o)
    0x080001a0   0x080001a0   0x00000002   Code   RO         3543    .ARM.Collect$$libinit$$00000000  c_w.l(libinit.o)
    0x080001a2   0x080001a2   0x00000000   Code   RO         3550    .ARM.Collect$$libinit$$00000002  c_w.l(libinit2.o)
    0x080001a2   0x080001a2   0x00000000   Code   RO         3552    .ARM.Collect$$libinit$$00000004  c_w.l(libinit2.o)
    0x080001a2   0x080001a2   0x00000000   Code   RO         3555    .ARM.Collect$$libinit$$0000000A  c_w.l(libinit2.o)
    0x080001a2   0x080001a2   0x00000000   Code   RO         3557    .ARM.Collect$$libinit$$0000000C  c_w.l(libinit2.o)
    0x080001a2   0x080001a2   0x00000000   Code   RO         3559    .ARM.Collect$$libinit$$0000000E  c_w.l(libinit2.o)
    0x080001a2   0x080001a2   0x00000000   Code   RO         3562    .ARM.Collect$$libinit$$00000011  c_w.l(libinit2.o)
    0x080001a2   0x080001a2   0x00000000   Code   RO         3564    .ARM.Collect$$libinit$$00000013  c_w.l(libinit2.o)
    0x080001a2   0x080001a2   0x00000000   Code   RO         3566    .ARM.Collect$$libinit$$00000015  c_w.l(libinit2.o)
    0x080001a2   0x080001a2   0x00000000   Code   RO         3568    .ARM.Collect$$libinit$$00000017  c_w.l(libinit2.o)
    0x080001a2   0x080001a2   0x00000000   Code   RO         3570    .ARM.Collect$$libinit$$00000019  c_w.l(libinit2.o)
    0x080001a2   0x080001a2   0x00000000   Code   RO         3572    .ARM.Collect$$libinit$$0000001B  c_w.l(libinit2.o)
    0x080001a2   0x080001a2   0x00000000   Code   RO         3574    .ARM.Collect$$libinit$$0000001D  c_w.l(libinit2.o)
    0x080001a2   0x080001a2   0x00000000   Code   RO         3576    .ARM.Collect$$libinit$$0000001F  c_w.l(libinit2.o)
    0x080001a2   0x080001a2   0x00000000   Code   RO         3578    .ARM.Collect$$libinit$$00000021  c_w.l(libinit2.o)
    0x080001a2   0x080001a2   0x00000000   Code   RO         3580    .ARM.Collect$$libinit$$00000023  c_w.l(libinit2.o)
    0x080001a2   0x080001a2   0x00000000   Code   RO         3582    .ARM.Collect$$libinit$$00000025  c_w.l(libinit2.o)
    0x080001a2   0x080001a2   0x00000000   Code   RO         3586    .ARM.Collect$$libinit$$0000002C  c_w.l(libinit2.o)
    0x080001a2   0x080001a2   0x00000000   Code   RO         3588    .ARM.Collect$$libinit$$0000002E  c_w.l(libinit2.o)
    0x080001a2   0x080001a2   0x00000000   Code   RO         3590    .ARM.Collect$$libinit$$00000030  c_w.l(libinit2.o)
    0x080001a2   0x080001a2   0x00000000   Code   RO         3592    .ARM.Collect$$libinit$$00000032  c_w.l(libinit2.o)
    0x080001a2   0x080001a2   0x00000002   Code   RO         3593    .ARM.Collect$$libinit$$00000033  c_w.l(libinit2.o)
    0x080001a4   0x080001a4   0x00000002   Code   RO         3613    .ARM.Collect$$libshutdown$$00000000  c_w.l(libshutdown.o)
    0x080001a6   0x080001a6   0x00000000   Code   RO         3626    .ARM.Collect$$libshutdown$$00000002  c_w.l(libshutdown2.o)
    0x080001a6   0x080001a6   0x00000000   Code   RO         3628    .ARM.Collect$$libshutdown$$00000004  c_w.l(libshutdown2.o)
    0x080001a6   0x080001a6   0x00000000   Code   RO         3630    .ARM.Collect$$libshutdown$$00000006  c_w.l(libshutdown2.o)
    0x080001a6   0x080001a6   0x00000000   Code   RO         3633    .ARM.Collect$$libshutdown$$00000009  c_w.l(libshutdown2.o)
    0x080001a6   0x080001a6   0x00000000   Code   RO         3636    .ARM.Collect$$libshutdown$$0000000C  c_w.l(libshutdown2.o)
    0x080001a6   0x080001a6   0x00000000   Code   RO         3638    .ARM.Collect$$libshutdown$$0000000E  c_w.l(libshutdown2.o)
    0x080001a6   0x080001a6   0x00000000   Code   RO         3641    .ARM.Collect$$libshutdown$$00000011  c_w.l(libshutdown2.o)
    0x080001a6   0x080001a6   0x00000002   Code   RO         3642    .ARM.Collect$$libshutdown$$00000012  c_w.l(libshutdown2.o)
    0x080001a8   0x080001a8   0x00000000   Code   RO         3518    .ARM.Collect$$rtentry$$00000000  c_w.l(__rtentry.o)
    0x080001a8   0x080001a8   0x00000000   Code   RO         3520    .ARM.Collect$$rtentry$$00000002  c_w.l(__rtentry2.o)
    0x080001a8   0x080001a8   0x00000006   Code   RO         3532    .ARM.Collect$$rtentry$$00000004  c_w.l(__rtentry4.o)
    0x080001ae   0x080001ae   0x00000000   Code   RO         3522    .ARM.Collect$$rtentry$$00000009  c_w.l(__rtentry2.o)
    0x080001ae   0x080001ae   0x00000004   Code   RO         3523    .ARM.Collect$$rtentry$$0000000A  c_w.l(__rtentry2.o)
    0x080001b2   0x080001b2   0x00000000   Code   RO         3525    .ARM.Collect$$rtentry$$0000000C  c_w.l(__rtentry2.o)
    0x080001b2   0x080001b2   0x00000008   Code   RO         3526    .ARM.Collect$$rtentry$$0000000D  c_w.l(__rtentry2.o)
    0x080001ba   0x080001ba   0x00000002   Code   RO         3547    .ARM.Collect$$rtexit$$00000000  c_w.l(rtexit.o)
    0x080001bc   0x080001bc   0x00000000   Code   RO         3595    .ARM.Collect$$rtexit$$00000002  c_w.l(rtexit2.o)
    0x080001bc   0x080001bc   0x00000004   Code   RO         3596    .ARM.Collect$$rtexit$$00000003  c_w.l(rtexit2.o)
    0x080001c0   0x080001c0   0x00000006   Code   RO         3597    .ARM.Collect$$rtexit$$00000004  c_w.l(rtexit2.o)
    0x080001c6   0x080001c6   0x00000002   PAD
    0x080001c8   0x080001c8   0x00000040   Code   RO         2811  * .text               startup_stm32f10x_md.o
    0x08000208   0x08000208   0x0000008a   Code   RO         3504    .text               c_w.l(rt_memcpy_v6.o)
    0x08000292   0x08000292   0x00000064   Code   RO         3508    .text               c_w.l(rt_memcpy_w.o)
    0x080002f6   0x080002f6   0x0000004e   Code   RO         3512    .text               c_w.l(rt_memclr_w.o)
    0x08000344   0x08000344   0x00000006   Code   RO         3514    .text               c_w.l(heapauxi.o)
    0x0800034a   0x0800034a   0x0000004a   Code   RO         3534    .text               c_w.l(sys_stackheap_outer.o)
    0x08000394   0x08000394   0x00000012   Code   RO         3536    .text               c_w.l(exit.o)
    0x080003a6   0x080003a6   0x00000002   PAD
    0x080003a8   0x080003a8   0x00000008   Code   RO         3544    .text               c_w.l(libspace.o)
    0x080003b0   0x080003b0   0x0000000c   Code   RO         3605    .text               c_w.l(sys_exit.o)
    0x080003bc   0x080003bc   0x00000002   Code   RO         3616    .text               c_w.l(use_no_semi.o)
    0x080003be   0x080003be   0x00000000   Code   RO         3618    .text               c_w.l(indicate_semi.o)
    0x080003be   0x080003be   0x00000016   Code   RO         1867    i.ADC_Cmd           stm32f10x_adc.o
    0x080003d4   0x080003d4   0x00000014   Code   RO         1875    i.ADC_GetCalibrationStatus  stm32f10x_adc.o
    0x080003e8   0x080003e8   0x00000008   Code   RO         1876    i.ADC_GetConversionValue  stm32f10x_adc.o
    0x080003f0   0x080003f0   0x00000014   Code   RO         1881    i.ADC_GetResetCalibrationStatus  stm32f10x_adc.o
    0x08000404   0x08000404   0x00000050   Code   RO         1885    i.ADC_Init          stm32f10x_adc.o
    0x08000454   0x08000454   0x000000b8   Code   RO         1889    i.ADC_RegularChannelConfig  stm32f10x_adc.o
    0x0800050c   0x0800050c   0x0000000a   Code   RO         1890    i.ADC_ResetCalibration  stm32f10x_adc.o
    0x08000516   0x08000516   0x00000016   Code   RO         1892    i.ADC_SoftwareStartConvCmd  stm32f10x_adc.o
    0x0800052c   0x0800052c   0x0000000a   Code   RO         1894    i.ADC_StartCalibration  stm32f10x_adc.o
    0x08000536   0x08000536   0x00000002   PAD
    0x08000538   0x08000538   0x00000304   Code   RO         2928    i.AES_general_SW_enc  STM32CryptographicV3.0.0_CM3_KEIL_otslsm1elfspf.lib(crypto.o)
    0x0800083c   0x0800083c   0x000001d4   Code   RO         2931    i.AES_keyschedule_enc_LL  STM32CryptographicV3.0.0_CM3_KEIL_otslsm1elfspf.lib(crypto.o)
    0x08000a10   0x08000a10   0x00000188   Code   RO         2942    i.Add_Moduli_Big    STM32CryptographicV3.0.0_CM3_KEIL_otslsm1elfspf.lib(crypto.o)
    0x08000b98   0x08000b98   0x00000064   Code   RO         2943    i.Big_to_W8         STM32CryptographicV3.0.0_CM3_KEIL_otslsm1elfspf.lib(crypto.o)
    0x08000bfc   0x08000bfc   0x00000004   Code   RO         1651    i.BusFault_Handler  stm32_it.o
    0x08000c00   0x08000c00   0x0000000c   Code   RO          781    i.ByteSwap          usb_regs.o
    0x08000c0c   0x08000c0c   0x00000010   Code   RO         2096    i.CRC_CalcCRC       stm32f10x_crc.o
    0x08000c1c   0x08000c1c   0x0000000c   Code   RO         2099    i.CRC_ResetDR       stm32f10x_crc.o
    0x08000c28   0x08000c28   0x00000288   Code   RO          710    i.CTR_LP            usb_int.o
    0x08000eb0   0x08000eb0   0x00000044   Code   RO         1189    i.CheckCRC          hw_config.o
    0x08000ef4   0x08000ef4   0x00000034   Code   RO          782    i.ClearDTOG_RX      usb_regs.o
    0x08000f28   0x08000f28   0x00000034   Code   RO          783    i.ClearDTOG_TX      usb_regs.o
    0x08000f5c   0x08000f5c   0x00000028   Code   RO          788    i.Clear_Status_Out  usb_regs.o
    0x08000f84   0x08000f84   0x000000a0   Code   RO         2962    i.CompareBig        STM32CryptographicV3.0.0_CM3_KEIL_otslsm1elfspf.lib(crypto.o)
    0x08001024   0x08001024   0x00000062   Code   RO         2963    i.CopyBig           STM32CryptographicV3.0.0_CM3_KEIL_otslsm1elfspf.lib(crypto.o)
    0x08001086   0x08001086   0x00000034   Code   RO         2964    i.CountBits         STM32CryptographicV3.0.0_CM3_KEIL_otslsm1elfspf.lib(crypto.o)
    0x080010ba   0x080010ba   0x00000034   Code   RO         2965    i.CountBytes        STM32CryptographicV3.0.0_CM3_KEIL_otslsm1elfspf.lib(crypto.o)
    0x080010ee   0x080010ee   0x00000002   PAD
    0x080010f0   0x080010f0   0x00000178   Code   RO         2979    i.DRBG_AES128_Block_cipher_df  STM32CryptographicV3.0.0_CM3_KEIL_otslsm1elfspf.lib(crypto.o)
    0x08001268   0x08001268   0x00000088   Code   RO         2980    i.DRBG_AES128_Update  STM32CryptographicV3.0.0_CM3_KEIL_otslsm1elfspf.lib(crypto.o)
    0x080012f0   0x080012f0   0x000000c0   Code   RO          543    i.DataStageIn       usb_core.o
    0x080013b0   0x080013b0   0x000000bc   Code   RO          544    i.DataStageOut      usb_core.o
    0x0800146c   0x0800146c   0x00000298   Code   RO          545    i.Data_Setup0       usb_core.o
    0x08001704   0x08001704   0x00000002   Code   RO         1652    i.DebugMon_Handler  stm32_it.o
    0x08001706   0x08001706   0x00000002   PAD
    0x08001708   0x08001708   0x0000000c   Code   RO         1617    i.EP1_IN_Callback   usb_endp.o
    0x08001714   0x08001714   0x00000130   Code   RO         1618    i.EP1_OUT_Callback  usb_endp.o
    0x08001844   0x08001844   0x0000000c   Code   RO         2150    i.EXTI_ClearITPendingBit  stm32f10x_exti.o
    0x08001850   0x08001850   0x0000004c   Code   RO         2220    i.FLASH_ErasePage   stm32f10x_flash.o
    0x0800189c   0x0800189c   0x00000034   Code   RO         2221    i.FLASH_GetBank1Status  stm32f10x_flash.o
    0x080018d0   0x080018d0   0x00000010   Code   RO         1738    i.FLASH_Init        usb_flash.o
    0x080018e0   0x080018e0   0x00000014   Code   RO         2230    i.FLASH_Lock        stm32f10x_flash.o
    0x080018f4   0x080018f4   0x0000001c   Code   RO         2232    i.FLASH_PrefetchBufferCmd  stm32f10x_flash.o
    0x08001910   0x08001910   0x0000006c   Code   RO         2235    i.FLASH_ProgramWord  stm32f10x_flash.o
    0x0800197c   0x0800197c   0x00000024   Code   RO         1739    i.FLASH_ReadSettings  usb_flash.o
    0x080019a0   0x080019a0   0x00000018   Code   RO         2237    i.FLASH_SetLatency  stm32f10x_flash.o
    0x080019b8   0x080019b8   0x00000018   Code   RO         2238    i.FLASH_Unlock      stm32f10x_flash.o
    0x080019d0   0x080019d0   0x00000026   Code   RO         2242    i.FLASH_WaitForLastOperation  stm32f10x_flash.o
    0x080019f6   0x080019f6   0x00000002   PAD
    0x080019f8   0x080019f8   0x00000038   Code   RO         1740    i.FLASH_WriteSettings  usb_flash.o
    0x08001a30   0x08001a30   0x0000005c   Code   RO         3014    i.FastMulInnerBase  STM32CryptographicV3.0.0_CM3_KEIL_otslsm1elfspf.lib(crypto.o)
    0x08001a8c   0x08001a8c   0x00000116   Code   RO         2407    i.GPIO_Init         stm32f10x_gpio.o
    0x08001ba2   0x08001ba2   0x00000004   Code   RO         2414    i.GPIO_ResetBits    stm32f10x_gpio.o
    0x08001ba6   0x08001ba6   0x00000004   Code   RO         2415    i.GPIO_SetBits      stm32f10x_gpio.o
    0x08001baa   0x08001baa   0x00000002   PAD
    0x08001bac   0x08001bac   0x0000001c   Code   RO         1191    i.GenNSessionKey    hw_config.o
    0x08001bc8   0x08001bc8   0x00000020   Code   RO          800    i.GetEPRxAddr       usb_regs.o
    0x08001be8   0x08001be8   0x00000024   Code   RO          801    i.GetEPRxCount      usb_regs.o
    0x08001c0c   0x08001c0c   0x00000020   Code   RO          803    i.GetEPTxAddr       usb_regs.o
    0x08001c2c   0x08001c2c   0x00000068   Code   RO         1193    i.GetLastDate       hw_config.o
    0x08001c94   0x08001c94   0x00000034   Code   RO         1194    i.Get_SerialNum     hw_config.o
    0x08001cc8   0x08001cc8   0x0000009c   Code   RO         1448    i.HID_Data_Setup    usb_prop.o
    0x08001d64   0x08001d64   0x00000014   Code   RO         1449    i.HID_GetConfigDescriptor  usb_prop.o
    0x08001d78   0x08001d78   0x00000014   Code   RO         1450    i.HID_GetDeviceDescriptor  usb_prop.o
    0x08001d8c   0x08001d8c   0x00000014   Code   RO         1451    i.HID_GetHIDDescriptor  usb_prop.o
    0x08001da0   0x08001da0   0x0000001c   Code   RO         1452    i.HID_GetProtocolValue  usb_prop.o
    0x08001dbc   0x08001dbc   0x00000014   Code   RO         1453    i.HID_GetReportDescriptor  usb_prop.o
    0x08001dd0   0x08001dd0   0x00000028   Code   RO         1454    i.HID_GetStringDescriptor  usb_prop.o
    0x08001df8   0x08001df8   0x00000016   Code   RO         1455    i.HID_Get_Interface_Setting  usb_prop.o
    0x08001e0e   0x08001e0e   0x00000002   PAD
    0x08001e10   0x08001e10   0x00000024   Code   RO         1456    i.HID_NoData_Setup  usb_prop.o
    0x08001e34   0x08001e34   0x000000b8   Code   RO         1457    i.HID_Reset         usb_prop.o
    0x08001eec   0x08001eec   0x00000018   Code   RO         1458    i.HID_SetConfiguration  usb_prop.o
    0x08001f04   0x08001f04   0x0000000c   Code   RO         1459    i.HID_SetDeviceAddress  usb_prop.o
    0x08001f10   0x08001f10   0x00000018   Code   RO         1460    i.HID_SetProtocol   usb_prop.o
    0x08001f28   0x08001f28   0x0000001c   Code   RO         1461    i.HID_SetReport_Feature  usb_prop.o
    0x08001f44   0x08001f44   0x0000011c   Code   RO         1462    i.HID_Status_In     usb_prop.o
    0x08002060   0x08002060   0x00000002   Code   RO         1463    i.HID_Status_Out    usb_prop.o
    0x08002062   0x08002062   0x00000002   PAD
    0x08002064   0x08002064   0x00000028   Code   RO         1464    i.HID_init          usb_prop.o
    0x0800208c   0x0800208c   0x00000004   Code   RO         1653    i.HardFault_Handler  stm32_it.o
    0x08002090   0x08002090   0x00000070   Code   RO          546    i.In0_Process       usb_core.o
    0x08002100   0x08002100   0x00000042   Code   RO         3037    i.InitBig           STM32CryptographicV3.0.0_CM3_KEIL_otslsm1elfspf.lib(crypto.o)
    0x08002142   0x08002142   0x0000003e   Code   RO         1195    i.IntToUnicode      hw_config.o
    0x08002180   0x08002180   0x00000016   Code   RO         3038    i.IsZeroBig         STM32CryptographicV3.0.0_CM3_KEIL_otslsm1elfspf.lib(crypto.o)
    0x08002196   0x08002196   0x00000002   PAD
    0x08002198   0x08002198   0x00000024   Code   RO         1196    i.Leave_LowPowerMode  hw_config.o
    0x080021bc   0x080021bc   0x00000074   Code   RO         3039    i.LeftShift         STM32CryptographicV3.0.0_CM3_KEIL_otslsm1elfspf.lib(crypto.o)
    0x08002230   0x08002230   0x00000004   Code   RO         1654    i.MemManage_Handler  stm32_it.o
    0x08002234   0x08002234   0x00000254   Code   RO         3044    i.ModularExpSlidWin  STM32CryptographicV3.0.0_CM3_KEIL_otslsm1elfspf.lib(crypto.o)
    0x08002488   0x08002488   0x00000042   Code   RO         3048    i.MontyExit         STM32CryptographicV3.0.0_CM3_KEIL_otslsm1elfspf.lib(crypto.o)
    0x080024ca   0x080024ca   0x00000152   Code   RO         3049    i.MontyInit         STM32CryptographicV3.0.0_CM3_KEIL_otslsm1elfspf.lib(crypto.o)
    0x0800261c   0x0800261c   0x0000001a   Code   RO         3052    i.MontyKillAll      STM32CryptographicV3.0.0_CM3_KEIL_otslsm1elfspf.lib(crypto.o)
    0x08002636   0x08002636   0x0000000c   Code   RO         3053    i.MontyKillR2       STM32CryptographicV3.0.0_CM3_KEIL_otslsm1elfspf.lib(crypto.o)
    0x08002642   0x08002642   0x00000160   Code   RO         3054    i.MontyMul          STM32CryptographicV3.0.0_CM3_KEIL_otslsm1elfspf.lib(crypto.o)
    0x080027a2   0x080027a2   0x0000005a   Code   RO         3055    i.MulBigbyUnInt     STM32CryptographicV3.0.0_CM3_KEIL_otslsm1elfspf.lib(crypto.o)
    0x080027fc   0x080027fc   0x00000002   Code   RO         1655    i.NMI_Handler       stm32_it.o
    0x080027fe   0x080027fe   0x00000002   Code   RO          547    i.NOP_Process       usb_core.o
    0x08002800   0x08002800   0x00000070   Code   RO         1813    i.NVIC_Init         misc.o
    0x08002870   0x08002870   0x00000014   Code   RO         1814    i.NVIC_PriorityGroupConfig  misc.o
    0x08002884   0x08002884   0x00000138   Code   RO          548    i.NoData_Setup0     usb_core.o
    0x080029bc   0x080029bc   0x00000050   Code   RO          549    i.Out0_Process      usb_core.o
    0x08002a0c   0x08002a0c   0x00000028   Code   RO          751    i.PMAToUserBufferCopy  usb_mem.o
    0x08002a34   0x08002a34   0x00000002   Code   RO         1656    i.PendSV_Handler    stm32_it.o
    0x08002a36   0x08002a36   0x00000002   PAD
    0x08002a38   0x08002a38   0x00000048   Code   RO          550    i.Post0_Process     usb_core.o
    0x08002a80   0x08002a80   0x00000040   Code   RO         1394    i.PowerOn           usb_pwr.o
    0x08002ac0   0x08002ac0   0x00000020   Code   RO         2600    i.RCC_AHBPeriphClockCmd  stm32f10x_rcc.o
    0x08002ae0   0x08002ae0   0x00000020   Code   RO         2601    i.RCC_APB1PeriphClockCmd  stm32f10x_rcc.o
    0x08002b00   0x08002b00   0x00000020   Code   RO         2603    i.RCC_APB2PeriphClockCmd  stm32f10x_rcc.o
    0x08002b20   0x08002b20   0x0000000c   Code   RO         2629    i.RCC_USBCLKConfig  stm32f10x_rcc.o
    0x08002b2c   0x08002b2c   0x0000005c   Code   RO         1197    i.RHIDCheckState    hw_config.o
    0x08002b88   0x08002b88   0x00000050   Code   RO         1198    i.RHID_Send         hw_config.o
    0x08002bd8   0x08002bd8   0x000000e0   Code   RO         3069    i.RNGinit           STM32CryptographicV3.0.0_CM3_KEIL_otslsm1elfspf.lib(crypto.o)
    0x08002cb8   0x08002cb8   0x00000022   Code   RO         3072    i.RSAVP1            STM32CryptographicV3.0.0_CM3_KEIL_otslsm1elfspf.lib(crypto.o)
    0x08002cda   0x08002cda   0x00000002   PAD
    0x08002cdc   0x08002cdc   0x00000064   Code   RO         1199    i.RSA_Encrypt       hw_config.o
    0x08002d40   0x08002d40   0x000001e8   Code   RO         3074    i.RSA_PKCS1v15_Encrypt  STM32CryptographicV3.0.0_CM3_KEIL_otslsm1elfspf.lib(crypto.o)
    0x08002f28   0x08002f28   0x000000e0   Code   RO         1395    i.Resume            usb_pwr.o
    0x08003008   0x08003008   0x00000024   Code   RO         1396    i.Resume_Init       usb_pwr.o
    0x0800302c   0x0800302c   0x0000002c   Code   RO         1777    i.RndBit            mytrng.o
    0x08003058   0x08003058   0x0000001e   Code   RO         1778    i.RndByte           mytrng.o
    0x08003076   0x08003076   0x00000002   PAD
    0x08003078   0x08003078   0x00000194   Code   RO         1200    i.RunCommand        hw_config.o
    0x0800320c   0x0800320c   0x00000002   Code   RO         1657    i.SVC_Handler       stm32_it.o
    0x0800320e   0x0800320e   0x00000002   PAD
    0x08003210   0x08003210   0x00000010   Code   RO          811    i.SetBTABLE         usb_regs.o
    0x08003220   0x08003220   0x00000050   Code   RO          551    i.SetDeviceAddress  usb_core.o
    0x08003270   0x08003270   0x00000024   Code   RO          825    i.SetEPRxAddr       usb_regs.o
    0x08003294   0x08003294   0x0000004c   Code   RO          826    i.SetEPRxCount      usb_regs.o
    0x080032e0   0x080032e0   0x00000040   Code   RO          827    i.SetEPRxStatus     usb_regs.o
    0x08003320   0x08003320   0x00000034   Code   RO          828    i.SetEPRxValid      usb_regs.o
    0x08003354   0x08003354   0x00000020   Code   RO          829    i.SetEPTxAddr       usb_regs.o
    0x08003374   0x08003374   0x0000001c   Code   RO          830    i.SetEPTxCount      usb_regs.o
    0x08003390   0x08003390   0x00000040   Code   RO          831    i.SetEPTxStatus     usb_regs.o
    0x080033d0   0x080033d0   0x00000034   Code   RO          832    i.SetEPTxValid      usb_regs.o
    0x08003404   0x08003404   0x00000024   Code   RO          833    i.SetEPType         usb_regs.o
    0x08003428   0x08003428   0x000000d8   Code   RO         1202    i.SetLastDate       hw_config.o
    0x08003500   0x08003500   0x00000008   Code   RO         2818    i.SetSysClock       system_stm32f10x.o
    0x08003508   0x08003508   0x000000e0   Code   RO         2819    i.SetSysClockTo72   system_stm32f10x.o
    0x080035e8   0x080035e8   0x00000026   Code   RO         3110    i.SetZeroBig        STM32CryptographicV3.0.0_CM3_KEIL_otslsm1elfspf.lib(crypto.o)
    0x0800360e   0x0800360e   0x00000002   PAD
    0x08003610   0x08003610   0x00000094   Code   RO         1203    i.Set_ADCConfig     hw_config.o
    0x080036a4   0x080036a4   0x00000070   Code   RO         1204    i.Set_System        hw_config.o
    0x08003714   0x08003714   0x00000012   Code   RO         1205    i.Set_USBClock      hw_config.o
    0x08003726   0x08003726   0x00000002   PAD
    0x08003728   0x08003728   0x000000b8   Code   RO          552    i.Setup0_Process    usb_core.o
    0x080037e0   0x080037e0   0x00000042   Code   RO         3112    i.StAllocBig        STM32CryptographicV3.0.0_CM3_KEIL_otslsm1elfspf.lib(crypto.o)
    0x08003822   0x08003822   0x00000024   Code   RO         3113    i.StFreeBig         STM32CryptographicV3.0.0_CM3_KEIL_otslsm1elfspf.lib(crypto.o)
    0x08003846   0x08003846   0x00000002   PAD
    0x08003848   0x08003848   0x0000016c   Code   RO          553    i.Standard_ClearFeature  usb_core.o
    0x080039b4   0x080039b4   0x0000002c   Code   RO          554    i.Standard_GetConfiguration  usb_core.o
    0x080039e0   0x080039e0   0x00000024   Code   RO          555    i.Standard_GetDescriptorData  usb_core.o
    0x08003a04   0x08003a04   0x0000002c   Code   RO          556    i.Standard_GetInterface  usb_core.o
    0x08003a30   0x08003a30   0x00000100   Code   RO          557    i.Standard_GetStatus  usb_core.o
    0x08003b30   0x08003b30   0x00000048   Code   RO          558    i.Standard_SetConfiguration  usb_core.o
    0x08003b78   0x08003b78   0x00000028   Code   RO          559    i.Standard_SetDeviceFeature  usb_core.o
    0x08003ba0   0x08003ba0   0x000000d0   Code   RO          560    i.Standard_SetEndPointFeature  usb_core.o
    0x08003c70   0x08003c70   0x0000006c   Code   RO          561    i.Standard_SetInterface  usb_core.o
    0x08003cdc   0x08003cdc   0x0000002c   Code   RO         1206    i.StartTransfer     hw_config.o
    0x08003d08   0x08003d08   0x000000d4   Code   RO         3114    i.SubBig            STM32CryptographicV3.0.0_CM3_KEIL_otslsm1elfspf.lib(crypto.o)
    0x08003ddc   0x08003ddc   0x00000104   Code   RO         3115    i.Sub_Moduli_Big    STM32CryptographicV3.0.0_CM3_KEIL_otslsm1elfspf.lib(crypto.o)
    0x08003ee0   0x08003ee0   0x00000104   Code   RO         1397    i.Suspend           usb_pwr.o
    0x08003fe4   0x08003fe4   0x00000002   Code   RO         1658    i.SysTick_Handler   stm32_it.o
    0x08003fe6   0x08003fe6   0x00000002   PAD
    0x08003fe8   0x08003fe8   0x00000060   Code   RO         2821    i.SystemInit        system_stm32f10x.o
    0x08004048   0x08004048   0x0000000c   Code   RO         1659    i.USBWakeUp_IRQHandler  stm32_it.o
    0x08004054   0x08004054   0x00000020   Code   RO         1207    i.USB_Cable_Config  hw_config.o
    0x08004074   0x08004074   0x0000003c   Code   RO          674    i.USB_Init          usb_init.o
    0x080040b0   0x080040b0   0x0000003c   Code   RO         1208    i.USB_Interrupts_Config  hw_config.o
    0x080040ec   0x080040ec   0x000000e0   Code   RO         1584    i.USB_Istr          usb_istr.o
    0x080041cc   0x080041cc   0x00000008   Code   RO         1660    i.USB_LP_CAN1_RX0_IRQHandler  stm32_it.o
    0x080041d4   0x080041d4   0x00000024   Code   RO         1153    i.USB_SIL_Init      usb_sil.o
    0x080041f8   0x080041f8   0x0000002e   Code   RO         1154    i.USB_SIL_Read      usb_sil.o
    0x08004226   0x08004226   0x0000002e   Code   RO         1155    i.USB_SIL_Write     usb_sil.o
    0x08004254   0x08004254   0x00000004   Code   RO         1661    i.UsageFault_Handler  stm32_it.o
    0x08004258   0x08004258   0x00000038   Code   RO          752    i.UserToPMABufferCopy  usb_mem.o
    0x08004290   0x08004290   0x000000c6   Code   RO         3130    i.W8_to_Big         STM32CryptographicV3.0.0_CM3_KEIL_otslsm1elfspf.lib(crypto.o)
    0x08004356   0x08004356   0x000000ae   Code   RO          516    i.aes128_block_enc  aes_blocks_enc.o
    0x08004404   0x08004404   0x00000012   Code   RO          345    i.aes128_enc        aes128_enc.o
    0x08004416   0x08004416   0x00000012   Code   RO          263    i.aes128_init       aes_keyschedule.o
    0x08004428   0x08004428   0x0000004c   Code   RO          211    i.aes_enc_lastround  aes_enc.o
    0x08004474   0x08004474   0x00000138   Code   RO          212    i.aes_enc_round     aes_enc.o
    0x080045ac   0x080045ac   0x00000046   Code   RO          213    i.aes_encrypt_core  aes_enc.o
    0x080045f2   0x080045f2   0x00000002   PAD
    0x080045f4   0x080045f4   0x000000f4   Code   RO          266    i.aes_init          aes_keyschedule.o
    0x080046e8   0x080046e8   0x00000012   Code   RO          267    i.aes_rotword       aes_keyschedule.o
    0x080046fa   0x080046fa   0x0000004a   Code   RO          214    i.aes_shiftcol      aes_enc.o
    0x08004744   0x08004744   0x00000080   Code   RO         1209    i.crc32_native      hw_config.o
    0x080047c4   0x080047c4   0x000001de   Code   RO         3132    i.crl_DRBG_AES128_Generate  STM32CryptographicV3.0.0_CM3_KEIL_otslsm1elfspf.lib(crypto.o)
    0x080049a2   0x080049a2   0x00000128   Code   RO         3135    i.crl_ModularExp    STM32CryptographicV3.0.0_CM3_KEIL_otslsm1elfspf.lib(crypto.o)
    0x08004aca   0x08004aca   0x0000000c   Code   RO         1779    i.delay             mytrng.o
    0x08004ad6   0x08004ad6   0x0000002a   Code   RO          465    i.gf256mul          gf256mul.o
    0x08004b00   0x08004b00   0x00000034   Code   RO            4    i.main              main.o
    0x08004b34   0x08004b34   0x0000000a   Data   RO          268    .constdata          aes_keyschedule.o
    0x08004b3e   0x08004b3e   0x00000100   Data   RO          310    .constdata          aes_sbox.o
    0x08004c3e   0x08004c3e   0x00000115   Data   RO         1368    .constdata          usb_desc.o
    0x08004d53   0x08004d53   0x00000005   PAD
    0x08004d58   0x08004d58   0x00001b64   Data   RO         3173    .constdata          STM32CryptographicV3.0.0_CM3_KEIL_otslsm1elfspf.lib(crypto.o)
    0x080068bc   0x080068bc   0x00000020   Data   RO         3673    Region$$Table       anon$$obj.o


    Execution Region ER_RW (Exec base: 0x20000000, Load base: 0x080068dc, Size: 0x00000148, Max: 0xffffffff, ABSOLUTE, COMPRESSED[0x00000090])

    Exec Addr    Load Addr    Size         Type   Attr      Idx    E Section Name        Object

    0x20000000   COMPRESSED   0x00000011   Data   RW            6    .data               main.o
    0x20000011   COMPRESSED   0x00000001   PAD
    0x20000012   COMPRESSED   0x00000003   Data   RW          562    .data               usb_core.o
    0x20000015   COMPRESSED   0x00000003   PAD
    0x20000018   COMPRESSED   0x00000014   Data   RW          676    .data               usb_init.o
    0x2000002c   COMPRESSED   0x00000004   Data   RW          711    .data               usb_int.o
    0x20000030   COMPRESSED   0x00000012   Data   RW         1211    .data               hw_config.o
    0x20000042   COMPRESSED   0x0000001a   Data   RW         1369    .data               usb_desc.o
    0x2000005c   COMPRESSED   0x0000000c   Data   RW         1399    .data               usb_pwr.o
    0x20000068   COMPRESSED   0x0000009c   Data   RW         1466    .data               usb_prop.o
    0x20000104   COMPRESSED   0x00000044   Data   RW         1585    .data               usb_istr.o


    Execution Region ER_ZI (Exec base: 0x20000148, Load base: 0x0800696c, Size: 0x000029c8, Max: 0xffffffff, ABSOLUTE)

    Exec Addr    Load Addr    Size         Type   Attr      Idx    E Section Name        Object

    0x20000148        -       0x00000100   Zero   RW            5    .bss                main.o
    0x20000248        -       0x0000001c   Zero   RW          675    .bss                usb_init.o
    0x20000264        -       0x00002081   Zero   RW         1210    .bss                hw_config.o
    0x200022e5   0x0800696c   0x00000003   PAD
    0x200022e8        -       0x00000020   Zero   RW         1398    .bss                usb_pwr.o
    0x20002308        -       0x00000040   Zero   RW         1465    .bss                usb_prop.o
    0x20002348        -       0x00000041   Zero   RW         1619    .bss                usb_endp.o
    0x20002389   0x0800696c   0x00000001   PAD
    0x2000238a        -       0x00000126   Zero   RW         1741    .bss                usb_flash.o
    0x200024b0        -       0x00000060   Zero   RW         3545    .bss                c_w.l(libspace.o)
    0x20002510        -       0x00000200   Zero   RW         2809    HEAP                startup_stm32f10x_md.o
    0x20002710        -       0x00000400   Zero   RW         2808    STACK               startup_stm32f10x_md.o


==============================================================================

Image component sizes


      Code (inc. data)   RO Data    RW Data    ZI Data      Debug   Object Name

        18          0          0          0          0        961   aes128_enc.o
       174          0          0          0          0        987   aes_blocks_enc.o
         0          0          0          0          0        644   aes_dec.o
       532         10          0          0          0       3018   aes_enc.o
       280         10         10          0          0       2550   aes_keyschedule.o
         0          0        256          0          0        599   aes_sbox.o
        42          0          0          0          0        647   gf256mul.o
      1784        130          0         18       8321      14712   hw_config.o
        52          4          0         17        256     241400   main.o
       132         22          0          0          0       1935   misc.o
        86          4          0          0          0       1487   mytrng.o
        64         26        236          0       1536        828   startup_stm32f10x_md.o
        46          0          0          0          0       4786   stm32_it.o
       376         10          0          0          0       8313   stm32f10x_adc.o
        28         10          0          0          0       1128   stm32f10x_crc.o
        12          6          0          0          0        593   stm32f10x_exti.o
       370         44          0          0          0       6679   stm32f10x_flash.o
       286          0          0          0          0       3508   stm32f10x_gpio.o
       108         24          0          0          0       2501   stm32f10x_rcc.o
       328         28          0          0          0       2165   system_stm32f10x.o
      3058        288          0          3          0      13851   usb_core.o
         0          0        277         26          0       1101   usb_desc.o
       316         26          0          0         65       2173   usb_endp.o
       108         20          0          0        294       2311   usb_flash.o
        60         24          0         20         28       4094   usb_init.o
       648         32          0          4          0       1760   usb_int.o
       224         34          0         68          0       1543   usb_istr.o
        96         10          0          0          0       1768   usb_mem.o
       960        148          0        156         64      13585   usb_prop.o
       584         62          0         12         32       3880   usb_pwr.o
       712        100          0          0          0       9259   usb_regs.o
       128          8          0          0          0       2106   usb_sil.o

    ----------------------------------------------------------------------
     11636       1080        816        328      10600     356872   Object Totals
         0          0         32          0          0          0   (incl. Generated)
        24          0          5          4          4          0   (incl. Padding)

    ----------------------------------------------------------------------

      Code (inc. data)   RO Data    RW Data    ZI Data      Debug   Library Member Name

      6712         42       7012          0          0       2900   crypto.o
        90          0          0          0          0          0   __dczerorl2.o
         8          0          0          0          0         68   __main.o
         0          0          0          0          0          0   __rtentry.o
        12          0          0          0          0          0   __rtentry2.o
         6          0          0          0          0          0   __rtentry4.o
        52          8          0          0          0          0   __scatter.o
        28          0          0          0          0          0   __scatter_zi.o
        18          0          0          0          0         80   exit.o
         6          0          0          0          0        152   heapauxi.o
         0          0          0          0          0          0   indicate_semi.o
         2          0          0          0          0          0   libinit.o
         2          0          0          0          0          0   libinit2.o
         2          0          0          0          0          0   libshutdown.o
         2          0          0          0          0          0   libshutdown2.o
         8          4          0          0         96         68   libspace.o
        78          0          0          0          0         80   rt_memclr_w.o
       138          0          0          0          0         68   rt_memcpy_v6.o
       100          0          0          0          0         80   rt_memcpy_w.o
         2          0          0          0          0          0   rtexit.o
        10          0          0          0          0          0   rtexit2.o
        12          4          0          0          0         68   sys_exit.o
        74          0          0          0          0         80   sys_stackheap_outer.o
         2          0          0          0          0         68   use_no_semi.o

    ----------------------------------------------------------------------
      7380         58       7012          0         96       3712   Library Totals
        16          0          0          0          0          0   (incl. Padding)

    ----------------------------------------------------------------------

      Code (inc. data)   RO Data    RW Data    ZI Data      Debug   Library Name

      6712         42       7012          0          0       2900   STM32CryptographicV3.0.0_CM3_KEIL_otslsm1elfspf.lib
       652         16          0          0         96        812   c_w.l

    ----------------------------------------------------------------------
      7380         58       7012          0         96       3712   Library Totals

    ----------------------------------------------------------------------

==============================================================================


      Code (inc. data)   RO Data    RW Data    ZI Data      Debug   

     19016       1138       7828        328      10696     351272   Grand Totals
     19016       1138       7828        144      10696     351272   ELF Image Totals (compressed)
     19016       1138       7828        144          0          0   ROM Totals

==============================================================================

    Total RO  Size (Code + RO Data)                26844 (  26.21kB)
    Total RW  Size (RW Data + ZI Data)             11024 (  10.77kB)
    Total ROM Size (Code + RO Data + RW Data)      26988 (  26.36kB)

==============================================================================

