Component: ARM Compiler 5.06 update 6 (build 750) Tool: armlink [4d35ed]

==============================================================================

Section Cross References

    main.o(i.Blink) refers to stm32f10x_gpio.o(i.GPIO_ResetBits) for GPIO_ResetBits
    main.o(i.Blink) refers to main.o(i.delay) for delay
    main.o(i.Blink) refers to stm32f10x_gpio.o(i.GPIO_SetBits) for GPIO_SetBits
    main.o(i.Blinks) refers to main.o(i.Blink) for Blink
    main.o(i.RndData) refers to main.o(i.delay_ms) for delay_ms
    main.o(i.RndData) refers to stm32f10x_gpio.o(i.GPIO_ReadInputDataBit) for GPIO_ReadInputDataBit
    main.o(i.delay_ms) refers to system_stm32f10x.o(.data) for SystemCoreClock
    main.o(i.init) refers to stm32f10x_rcc.o(i.RCC_APB1PeriphClockCmd) for RCC_APB1PeriphClockCmd
    main.o(i.init) refers to stm32f10x_rcc.o(i.RCC_APB2PeriphClockCmd) for RCC_APB2PeriphClockCmd
    main.o(i.init) refers to stm32f10x_gpio.o(i.GPIO_Init) for GPIO_Init
    main.o(i.initClock) refers to stm32f10x_rcc.o(i.RCC_DeInit) for RCC_DeInit
    main.o(i.initClock) refers to stm32f10x_rcc.o(i.RCC_HSEConfig) for RCC_HSEConfig
    main.o(i.initClock) refers to stm32f10x_rcc.o(i.RCC_WaitForHSEStartUp) for RCC_WaitForHSEStartUp
    main.o(i.initClock) refers to stm32f10x_rcc.o(i.RCC_HCLKConfig) for RCC_HCLKConfig
    main.o(i.initClock) refers to stm32f10x_rcc.o(i.RCC_PCLK2Config) for RCC_PCLK2Config
    main.o(i.initClock) refers to stm32f10x_rcc.o(i.RCC_PCLK1Config) for RCC_PCLK1Config
    main.o(i.initClock) refers to stm32f10x_rcc.o(i.RCC_PLLConfig) for RCC_PLLConfig
    main.o(i.initClock) refers to stm32f10x_rcc.o(i.RCC_PLLCmd) for RCC_PLLCmd
    main.o(i.initClock) refers to stm32f10x_rcc.o(i.RCC_GetFlagStatus) for RCC_GetFlagStatus
    main.o(i.initClock) refers to stm32f10x_rcc.o(i.RCC_SYSCLKConfig) for RCC_SYSCLKConfig
    main.o(i.initClock) refers to stm32f10x_rcc.o(i.RCC_GetSYSCLKSource) for RCC_GetSYSCLKSource
    main.o(i.main) refers to main.o(i.initClock) for initClock
    main.o(i.main) refers to main.o(i.init) for init
    main.o(i.main) refers to sd.o(i.SD_init) for SD_init
    main.o(i.main) refers to stm32f10x_gpio.o(i.GPIO_SetBits) for GPIO_SetBits
    main.o(i.main) refers to ff.o(i.f_mount) for f_mount
    main.o(i.main) refers to stm32f10x_gpio.o(i.GPIO_ResetBits) for GPIO_ResetBits
    main.o(i.main) refers to ff.o(i.f_open) for f_open
    main.o(i.main) refers to ff.o(i.f_lseek) for f_lseek
    main.o(i.main) refers to main.o(i.RndData) for RndData
    main.o(i.main) refers to ff.o(i.f_printf) for f_printf
    main.o(i.main) refers to ff.o(i.f_close) for f_close
    sd.o(i.SD_ReadSector) refers to sd.o(i.SD_sendCommand) for SD_sendCommand
    sd.o(i.SD_ReadSector) refers to sd.o(i.spi_read) for spi_read
    sd.o(i.SD_WriteSector) refers to sd.o(i.SD_sendCommand) for SD_sendCommand
    sd.o(i.SD_WriteSector) refers to sd.o(i.spi_send) for spi_send
    sd.o(i.SD_WriteSector) refers to sd.o(i.spi_read) for spi_read
    sd.o(i.SD_init) refers to sd.o(i.spi_init) for spi_init
    sd.o(i.SD_init) refers to sd.o(i.spi_send) for spi_send
    sd.o(i.SD_init) refers to sd.o(i.SD_sendCommand) for SD_sendCommand
    sd.o(i.SD_init) refers to sd.o(.data) for SDHC
    sd.o(i.SD_sendCommand) refers to sd.o(i.spi_send) for spi_send
    sd.o(i.SD_sendCommand) refers to sd.o(i.spi_read) for spi_read
    sd.o(i.SD_sendCommand) refers to sd.o(.data) for SDHC
    sd.o(i.spi_read) refers to sd.o(i.spi_send) for spi_send
    diskio.o(i.disk_read) refers to sd.o(i.SD_ReadSector) for SD_ReadSector
    diskio.o(i.disk_write) refers to sd.o(i.SD_WriteSector) for SD_WriteSector
    ff.o(i.check_fs) refers to ff.o(i.move_window) for move_window
    ff.o(i.check_fs) refers to ff.o(i.ld_word) for ld_word
    ff.o(i.check_fs) refers to ff.o(i.mem_cmp) for mem_cmp
    ff.o(i.cmp_lfn) refers to ff.o(i.ld_word) for ld_word
    ff.o(i.cmp_lfn) refers to ffunicode.o(i.ff_wtoupper) for ff_wtoupper
    ff.o(i.cmp_lfn) refers to ff.o(.constdata) for LfnOfs
    ff.o(i.create_chain) refers to ff.o(i.get_fat) for get_fat
    ff.o(i.create_chain) refers to ff.o(i.put_fat) for put_fat
    ff.o(i.create_name) refers to ff.o(i.tchar2uni) for tchar2uni
    ff.o(i.create_name) refers to ff.o(i.chk_chr) for chk_chr
    ff.o(i.create_name) refers to ff.o(i.mem_set) for mem_set
    ff.o(i.create_name) refers to ffunicode.o(i.ff_wtoupper) for ff_wtoupper
    ff.o(i.create_name) refers to ffunicode.o(i.ff_uni2oem) for ff_uni2oem
    ff.o(i.dbc_1st) refers to ff.o(.constdata) for DbcTbl
    ff.o(i.dbc_2nd) refers to ff.o(.constdata) for DbcTbl
    ff.o(i.dir_alloc) refers to ff.o(i.dir_sdi) for dir_sdi
    ff.o(i.dir_alloc) refers to ff.o(i.move_window) for move_window
    ff.o(i.dir_alloc) refers to ff.o(i.dir_next) for dir_next
    ff.o(i.dir_clear) refers to ff.o(i.sync_window) for sync_window
    ff.o(i.dir_clear) refers to ff.o(i.clst2sect) for clst2sect
    ff.o(i.dir_clear) refers to ff.o(i.mem_set) for mem_set
[...]
    ../clib/signal.c                         0x00000000   Number         0  defsig_general.o ABSOLUTE
    ../clib/signal.c                         0x00000000   Number         0  defsig_pvfn_inner.o ABSOLUTE
    ../clib/signal.c                         0x00000000   Number         0  defsig_cppl_inner.o ABSOLUTE
    ../clib/signal.c                         0x00000000   Number         0  defsig_segv_inner.o ABSOLUTE
    ../clib/signal.c                         0x00000000   Number         0  defsig_rtmem_outer.o ABSOLUTE
    ../clib/signal.c                         0x00000000   Number         0  defsig_rtmem_formal.o ABSOLUTE
    ../clib/signal.c                         0x00000000   Number         0  defsig_abrt_inner.o ABSOLUTE
    ../clib/signal.c                         0x00000000   Number         0  defsig_other.o ABSOLUTE
    ../clib/signal.c                         0x00000000   Number         0  defsig_fpe_inner.o ABSOLUTE
    ../clib/signal.c                         0x00000000   Number         0  defsig_rtred_inner.o ABSOLUTE
    ../clib/signal.c                         0x00000000   Number         0  __raise.o ABSOLUTE
    ../clib/signal.c                         0x00000000   Number         0  defsig_rtmem_inner.o ABSOLUTE
    ../clib/signal.s                         0x00000000   Number         0  defsig.o ABSOLUTE
    ../clib/stdlib.c                         0x00000000   Number         0  exit.o ABSOLUTE
    ../fplib/fpinit.s                        0x00000000   Number         0  fpinit.o ABSOLUTE
    ..\..\..\Source\ARM\irq_cm3.s            0x00000000   Number         0  irq_cm3.o ABSOLUTE
    C:\Users\Utkin\AppData\Local\Arm\Packs\ARM\CMSIS\5.5.1\CMSIS\RTOS2\RTX\Source\rtx_lib.c 0x00000000   Number         0  rtx_lib.o ABSOLUTE
    C:\Users\Utkin\AppData\Local\Arm\Packs\Keil\STM32F1xx_DFP\2.3.0\Device\StdPeriph_Driver\src\misc.c 0x00000000   Number         0  misc.o ABSOLUTE
    C:\Users\Utkin\AppData\Local\Arm\Packs\Keil\STM32F1xx_DFP\2.3.0\Device\StdPeriph_Driver\src\stm32f10x_gpio.c 0x00000000   Number         0  stm32f10x_gpio.o ABSOLUTE
    C:\Users\Utkin\AppData\Local\Arm\Packs\Keil\STM32F1xx_DFP\2.3.0\Device\StdPeriph_Driver\src\stm32f10x_rcc.c 0x00000000   Number         0  stm32f10x_rcc.o ABSOLUTE
    C:\Users\Utkin\AppData\Local\Arm\Packs\Keil\STM32F1xx_DFP\2.3.0\Device\StdPeriph_Driver\src\stm32f10x_spi.c 0x00000000   Number         0  stm32f10x_spi.o ABSOLUTE
    C:\Users\Utkin\AppData\Local\Arm\Packs\Keil\STM32F1xx_DFP\2.3.0\Device\StdPeriph_Driver\src\stm32f10x_usart.c 0x00000000   Number         0  stm32f10x_usart.o ABSOLUTE
    C:\Users\Utkin\AppData\Local\Arm\Packs\Keil\STM32F1xx_DFP\2.3.0\RTE_Driver\GPIO_STM32F10x.c 0x00000000   Number         0  gpio_stm32f10x.o ABSOLUTE
    C:\\Users\\Utkin\\AppData\\Local\\Arm\\Packs\\ARM\\CMSIS\\5.5.1\\CMSIS\\RTOS2\\RTX\\Source\\rtx_lib.c 0x00000000   Number         0  rtx_lib.o ABSOLUTE
    C:\\Users\\Utkin\\AppData\\Local\\Arm\\Packs\\Keil\\STM32F1xx_DFP\\2.3.0\\Device\\StdPeriph_Driver\\src\\misc.c 0x00000000   Number         0  misc.o ABSOLUTE
    C:\\Users\\Utkin\\AppData\\Local\\Arm\\Packs\\Keil\\STM32F1xx_DFP\\2.3.0\\Device\\StdPeriph_Driver\\src\\stm32f10x_gpio.c 0x00000000   Number         0  stm32f10x_gpio.o ABSOLUTE
    C:\\Users\\Utkin\\AppData\\Local\\Arm\\Packs\\Keil\\STM32F1xx_DFP\\2.3.0\\Device\\StdPeriph_Driver\\src\\stm32f10x_rcc.c 0x00000000   Number         0  stm32f10x_rcc.o ABSOLUTE
    C:\\Users\\Utkin\\AppData\\Local\\Arm\\Packs\\Keil\\STM32F1xx_DFP\\2.3.0\\Device\\StdPeriph_Driver\\src\\stm32f10x_spi.c 0x00000000   Number         0  stm32f10x_spi.o ABSOLUTE
    C:\\Users\\Utkin\\AppData\\Local\\Arm\\Packs\\Keil\\STM32F1xx_DFP\\2.3.0\\Device\\StdPeriph_Driver\\src\\stm32f10x_usart.c 0x00000000   Number         0  stm32f10x_usart.o ABSOLUTE
    C:\\Users\\Utkin\\AppData\\Local\\Arm\\Packs\\Keil\\STM32F1xx_DFP\\2.3.0\\RTE_Driver\\GPIO_STM32F10x.c 0x00000000   Number         0  gpio_stm32f10x.o ABSOLUTE
    FATFS\\diskio.c                          0x00000000   Number         0  diskio.o ABSOLUTE
    FATFS\diskio.c                           0x00000000   Number         0  diskio.o ABSOLUTE
    FATFS\ff.c                               0x00000000   Number         0  ff.o ABSOLUTE
    FATFS\ffsystem.c                         0x00000000   Number         0  ffsystem.o ABSOLUTE
    FATFS\ffunicode.c                        0x00000000   Number         0  ffunicode.o ABSOLUTE
    RTE\CMSIS\RTX_Config.c                   0x00000000   Number         0  rtx_config.o ABSOLUTE
    RTE\Device\STM32F103C6\startup_stm32f10x_ld.s 0x00000000   Number         0  startup_stm32f10x_ld.o ABSOLUTE
    RTE\Device\STM32F103C6\system_stm32f10x.c 0x00000000   Number         0  system_stm32f10x.o ABSOLUTE
    RTE\\CMSIS\\RTX_Config.c                 0x00000000   Number         0  rtx_config.o ABSOLUTE
    RTE\\Device\\STM32F103C6\\system_stm32f10x.c 0x00000000   Number         0  system_stm32f10x.o ABSOLUTE
    SDCARD\\sd.c                             0x00000000   Number         0  sd.o ABSOLUTE
    SDCARD\sd.c                              0x00000000   Number         0  sd.o ABSOLUTE
    dc.s                                     0x00000000   Number         0  dc.o ABSOLUTE
    main.c                                   0x00000000   Number         0  main.o ABSOLUTE
    main.c                                   0x00000000   Number         0  main.o ABSOLUTE
    os_systick.c                             0x00000000   Number         0  os_systick.o ABSOLUTE
    rtx_kernel.c                             0x00000000   Number         0  rtx_kernel.o ABSOLUTE
    rtx_memory.c                             0x00000000   Number         0  rtx_memory.o ABSOLUTE
    rtx_mempool.c                            0x00000000   Number         0  rtx_mempool.o ABSOLUTE
    rtx_msgqueue.c                           0x00000000   Number         0  rtx_msgqueue.o ABSOLUTE
    rtx_mutex.c                              0x00000000   Number         0  rtx_mutex.o ABSOLUTE
    rtx_system.c                             0x00000000   Number         0  rtx_system.o ABSOLUTE
    rtx_thread.c                             0x00000000   Number         0  rtx_thread.o ABSOLUTE
    rtx_timer.c                              0x00000000   Number         0  rtx_timer.o ABSOLUTE
    RESET                                    0x08000000   Section      236  startup_stm32f10x_ld.o(RESET)
    !!!main                                  0x080000ec   Section        8  __main.o(!!!main)
    !!!scatter                               0x080000f4   Section       52  __scatter.o(!!!scatter)
    !!dczerorl                               0x08000128   Section       58  __dczerorl.o(!!dczerorl)
    !!handler_zi                             0x08000164   Section       28  __scatter_zi.o(!!handler_zi)
    .ARM.Collect$$libinit$$00000000          0x08000180   Section        2  libinit.o(.ARM.Collect$$libinit$$00000000)
    .ARM.Collect$$libinit$$00000002          0x08000182   Section        0  libinit2.o(.ARM.Collect$$libinit$$00000002)
    .ARM.Collect$$libinit$$00000004          0x08000182   Section        0  libinit2.o(.ARM.Collect$$libinit$$00000004)
    .ARM.Collect$$libinit$$0000000A          0x08000182   Section        0  libinit2.o(.ARM.Collect$$libinit$$0000000A)
    .ARM.Collect$$libinit$$0000000C          0x08000182   Section        0  libinit2.o(.ARM.Collect$$libinit$$0000000C)
    .ARM.Collect$$libinit$$0000000E          0x08000182   Section        0  libinit2.o(.ARM.Collect$$libinit$$0000000E)
    .ARM.Collect$$libinit$$00000011          0x08000182   Section        0  libinit2.o(.ARM.Collect$$libinit$$00000011)
    .ARM.Collect$$libinit$$00000013          0x08000182   Section        0  libinit2.o(.ARM.Collect$$libinit$$00000013)
    .ARM.Collect$$libinit$$00000015          0x08000182   Section        0  libinit2.o(.ARM.Collect$$libinit$$00000015)
    .ARM.Collect$$libinit$$00000017          0x08000182   Section        0  libinit2.o(.ARM.Collect$$libinit$$00000017)
    .ARM.Collect$$libinit$$00000019          0x08000182   Section        0  libinit2.o(.ARM.Collect$$libinit$$00000019)
    .ARM.Collect$$libinit$$0000001B          0x08000182   Section        0  libinit2.o(.ARM.Collect$$libinit$$0000001B)
    .ARM.Collect$$libinit$$0000001D          0x08000182   Section        0  libinit2.o(.ARM.Collect$$libinit$$0000001D)
    .ARM.Collect$$libinit$$0000001F          0x08000182   Section        0  libinit2.o(.ARM.Collect$$libinit$$0000001F)
    .ARM.Collect$$libinit$$00000021          0x08000182   Section        0  libinit2.o(.ARM.Collect$$libinit$$00000021)
    .ARM.Collect$$libinit$$00000023          0x08000182   Section        0  libinit2.o(.ARM.Collect$$libinit$$00000023)
    .ARM.Collect$$libinit$$00000025          0x08000182   Section        0  libinit2.o(.ARM.Collect$$libinit$$00000025)
    .ARM.Collect$$libinit$$0000002C          0x08000182   Section        0  libinit2.o(.ARM.Collect$$libinit$$0000002C)
    .ARM.Collect$$libinit$$0000002E          0x08000182   Section        0  libinit2.o(.ARM.Collect$$libinit$$0000002E)
    .ARM.Collect$$libinit$$00000030          0x08000182   Section        0  libinit2.o(.ARM.Collect$$libinit$$00000030)
    .ARM.Collect$$libinit$$00000032          0x08000182   Section        0  libinit2.o(.ARM.Collect$$libinit$$00000032)
    .ARM.Collect$$libinit$$00000033          0x08000182   Section        2  libinit2.o(.ARM.Collect$$libinit$$00000033)
    .ARM.Collect$$libshutdown$$00000000      0x08000184   Section        2  libshutdown.o(.ARM.Collect$$libshutdown$$00000000)
    .ARM.Collect$$libshutdown$$00000002      0x08000186   Section        0  libshutdown2.o(.ARM.Collect$$libshutdown$$00000002)
    .ARM.Collect$$libshutdown$$00000004      0x08000186   Section        0  libshutdown2.o(.ARM.Collect$$libshutdown$$00000004)
    .ARM.Collect$$libshutdown$$00000007      0x08000186   Section        0  libshutdown2.o(.ARM.Collect$$libshutdown$$00000007)
    .ARM.Collect$$libshutdown$$0000000A      0x08000186   Section        0  libshutdown2.o(.ARM.Collect$$libshutdown$$0000000A)
    .ARM.Collect$$libshutdown$$0000000C      0x08000186   Section        0  libshutdown2.o(.ARM.Collect$$libshutdown$$0000000C)
    .ARM.Collect$$libshutdown$$0000000F      0x08000186   Section        0  libshutdown2.o(.ARM.Collect$$libshutdown$$0000000F)
    .ARM.Collect$$libshutdown$$00000010      0x08000186   Section        2  libshutdown2.o(.ARM.Collect$$libshutdown$$00000010)
    .ARM.Collect$$rtentry$$00000000          0x08000188   Section        0  __rtentry.o(.ARM.Collect$$rtentry$$00000000)
    .ARM.Collect$$rtentry$$00000002          0x08000188   Section        0  __rtentry2.o(.ARM.Collect$$rtentry$$00000002)
    .ARM.Collect$$rtentry$$00000004          0x08000188   Section        6  __rtentry4.o(.ARM.Collect$$rtentry$$00000004)
    .ARM.Collect$$rtentry$$00000008          0x0800018e   Section        8  __rtentry2.o(.ARM.Collect$$rtentry$$00000008)
    .ARM.Collect$$rtentry$$0000000A          0x08000196   Section        4  __rtentry2.o(.ARM.Collect$$rtentry$$0000000A)
    .ARM.Collect$$rtentry$$0000000C          0x0800019a   Section        0  __rtentry2.o(.ARM.Collect$$rtentry$$0000000C)
    .ARM.Collect$$rtentry$$0000000D          0x0800019a   Section        8  __rtentry2.o(.ARM.Collect$$rtentry$$0000000D)
    .ARM.Collect$$rtexit$$00000000           0x080001a2   Section        2  rtexit.o(.ARM.Collect$$rtexit$$00000000)
    .ARM.Collect$$rtexit$$00000002           0x080001a4   Section        0  rtexit2.o(.ARM.Collect$$rtexit$$00000002)
    .ARM.Collect$$rtexit$$00000003           0x080001a4   Section        4  rtexit2.o(.ARM.Collect$$rtexit$$00000003)
    .ARM.Collect$$rtexit$$00000004           0x080001a8   Section        6  rtexit2.o(.ARM.Collect$$rtexit$$00000004)
    .text                                    0x080001b0   Section       64  startup_stm32f10x_ld.o(.text)
    .text                                    0x080001f0   Section      148  irq_cm3.o(.text)
    .text                                    0x08000284   Section       78  rt_memclr_w.o(.text)
    .text                                    0x080002d2   Section        0  heapauxi.o(.text)
    .text                                    0x080002d8   Section       74  sys_stackheap_outer.o(.text)
    .text                                    0x08000322   Section        0  exit.o(.text)
    .text                                    0x08000334   Section        8  libspace.o(.text)
    .text                                    0x0800033c   Section        0  sys_exit.o(.text)
    .text                                    0x08000348   Section        2  use_no_semi.o(.text)
    .text                                    0x0800034a   Section        0  indicate_semi.o(.text)
    [Anonymous Symbol]                       0x0800034c   Section        0  os_systick.o(.text.OS_Tick_AcknowledgeIRQ)
    __arm_cp.3_0                             0x08000354   Number         4  os_systick.o(.text.OS_Tick_AcknowledgeIRQ)
    [Anonymous Symbol]                       0x08000358   Section        0  rtx_kernel.o(.text.osKernelGetState)
    __arm_cp.4_0                             0x08000380   Number         4  rtx_kernel.o(.text.osKernelGetState)
    __arm_cp.4_1                             0x08000384   Number         4  rtx_kernel.o(.text.osKernelGetState)
    [Anonymous Symbol]                       0x08000388   Section        0  rtx_kernel.o(.text.osKernelInitialize)
    __arm_cp.1_0                             0x080003b0   Number         4  rtx_kernel.o(.text.osKernelInitialize)
    [Anonymous Symbol]                       0x080003b4   Section        0  rtx_mutex.o(.text.osMutexAcquire)
    __arm_cp.3_0                             0x080003d4   Number         4  rtx_mutex.o(.text.osMutexAcquire)
    [Anonymous Symbol]                       0x080003d8   Section        0  rtx_mutex.o(.text.osMutexDelete)
    __arm_cp.6_0                             0x080003f8   Number         4  rtx_mutex.o(.text.osMutexDelete)
    [Anonymous Symbol]                       0x080003fc   Section        0  rtx_mutex.o(.text.osMutexNew)
    __arm_cp.1_0                             0x0800041c   Number         4  rtx_mutex.o(.text.osMutexNew)
    [Anonymous Symbol]                       0x08000420   Section        0  rtx_mutex.o(.text.osMutexRelease)
    __arm_cp.4_0                             0x08000440   Number         4  rtx_mutex.o(.text.osMutexRelease)
    [Anonymous Symbol]                       0x08000444   Section        0  rtx_kernel.o(.text.osRtxKernelPreInit)
    [Anonymous Symbol]                       0x08000446   Section        0  rtx_memory.o(.text.osRtxMemoryAlloc)
    [Anonymous Symbol]                       0x080004c2   Section        0  rtx_memory.o(.text.osRtxMemoryFree)
    [Anonymous Symbol]                       0x08000514   Section        0  rtx_memory.o(.text.osRtxMemoryInit)
    [Anonymous Symbol]                       0x0800054a   Section        0  rtx_mempool.o(.text.osRtxMemoryPoolAlloc)
    [Anonymous Symbol]                       0x08000582   Section        0  rtx_mempool.o(.text.osRtxMemoryPoolFree)
    [Anonymous Symbol]                       0x080005ca   Section        0  rtx_mempool.o(.text.osRtxMemoryPoolInit)
    [Anonymous Symbol]                       0x08000620   Section        0  rtx_system.o(.text.osRtxPendSV_Handler)
    __arm_cp.1_0                             0x080006a8   Number         4  rtx_system.o(.text.osRtxPendSV_Handler)
    [Anonymous Symbol]                       0x080006ac   Section        0  rtx_thread.o(.text.osRtxThreadBlock)
    osRtxThreadBlock                         0x080006ad   Thumb Code    56  rtx_thread.o(.text.osRtxThreadBlock)
    __arm_cp.10_0                            0x080006e0   Number         4  rtx_thread.o(.text.osRtxThreadBlock)
    [Anonymous Symbol]                       0x080006e4   Section        0  rtx_thread.o(.text.osRtxThreadDelayInsert)
    osRtxThreadDelayInsert                   0x080006e5   Thumb Code   136  rtx_thread.o(.text.osRtxThreadDelayInsert)
    __arm_cp.14_0                            0x08000768   Number         4  rtx_thread.o(.text.osRtxThreadDelayInsert)
    [Anonymous Symbol]                       0x0800076c   Section        0  rtx_thread.o(.text.osRtxThreadDelayRemove)
    osRtxThreadDelayRemove                   0x0800076d   Thumb Code    76  rtx_thread.o(.text.osRtxThreadDelayRemove)
    __arm_cp.12_0                            0x080007b4   Number         4  rtx_thread.o(.text.osRtxThreadDelayRemove)
    [Anonymous Symbol]                       0x080007b8   Section        0  rtx_thread.o(.text.osRtxThreadDelayTick)
    __arm_cp.5_0                             0x080007e8   Number         4  rtx_thread.o(.text.osRtxThreadDelayTick)
    [Anonymous Symbol]                       0x080007ec   Section        0  rtx_thread.o(.text.osRtxThreadDispatch)
    __arm_cp.9_0                             0x08000844   Number         4  rtx_thread.o(.text.osRtxThreadDispatch)
    [Anonymous Symbol]                       0x08000848   Section        0  rtx_thread.o(.text.osRtxThreadListGet)
    [Anonymous Symbol]                       0x0800085c   Section        0  rtx_thread.o(.text.osRtxThreadListPut)
    [Anonymous Symbol]                       0x08000886   Section        0  rtx_thread.o(.text.osRtxThreadListRemove)
    [Anonymous Symbol]                       0x0800089a   Section        0  rtx_thread.o(.text.osRtxThreadListSort)
    [Anonymous Symbol]                       0x080008c4   Section        0  rtx_thread.o(.text.osRtxThreadReadyPut)
    __arm_cp.4_0                             0x080008d4   Number         4  rtx_thread.o(.text.osRtxThreadReadyPut)
    [Anonymous Symbol]                       0x080008d8   Section        0  rtx_thread.o(.text.osRtxThreadStackCheck)
    __arm_cp.8_0                             0x080008f8   Number         4  rtx_thread.o(.text.osRtxThreadStackCheck)
    __arm_cp.8_1                             0x080008fc   Number         4  rtx_thread.o(.text.osRtxThreadStackCheck)
    [Anonymous Symbol]                       0x08000900   Section        0  rtx_thread.o(.text.osRtxThreadSwitch)
    __arm_cp.7_0                             0x0800090c   Number         4  rtx_thread.o(.text.osRtxThreadSwitch)
    [Anonymous Symbol]                       0x08000910   Section        0  rtx_thread.o(.text.osRtxThreadWaitEnter)
    __arm_cp.13_0                            0x08000948   Number         4  rtx_thread.o(.text.osRtxThreadWaitEnter)
    [Anonymous Symbol]                       0x0800094c   Section        0  rtx_thread.o(.text.osRtxThreadWaitExit)
    [Anonymous Symbol]                       0x08000970   Section        0  rtx_system.o(.text.osRtxTick_Handler)
    __arm_cp.0_0                             0x080009dc   Number         4  rtx_system.o(.text.osRtxTick_Handler)
    [Anonymous Symbol]                       0x080009e0   Section        0  rtx_kernel.o(.text.svcRtxKernelGetState)
    svcRtxKernelGetState                     0x080009e1   Thumb Code    12  rtx_kernel.o(.text.svcRtxKernelGetState)
    __arm_cp.5_0                             0x080009e8   Number         4  rtx_kernel.o(.text.svcRtxKernelGetState)
    [Anonymous Symbol]                       0x080009ec   Section        0  rtx_kernel.o(.text.svcRtxKernelInitialize)
    svcRtxKernelInitialize                   0x080009ed   Thumb Code   340  rtx_kernel.o(.text.svcRtxKernelInitialize)
    __arm_cp.20_0                            0x08000b34   Number         4  rtx_kernel.o(.text.svcRtxKernelInitialize)
    __arm_cp.20_1                            0x08000b38   Number         4  rtx_kernel.o(.text.svcRtxKernelInitialize)
    __arm_cp.20_2                            0x08000b3c   Number         4  rtx_kernel.o(.text.svcRtxKernelInitialize)
    [Anonymous Symbol]                       0x08000b40   Section        0  rtx_mutex.o(.text.svcRtxMutexAcquire)
    svcRtxMutexAcquire                       0x08000b41   Thumb Code   144  rtx_mutex.o(.text.svcRtxMutexAcquire)
    __arm_cp.9_0                             0x08000bcc   Number         4  rtx_mutex.o(.text.svcRtxMutexAcquire)
    [Anonymous Symbol]                       0x08000bd0   Section        0  rtx_mutex.o(.text.svcRtxMutexDelete)
    svcRtxMutexDelete                        0x08000bd1   Thumb Code   196  rtx_mutex.o(.text.svcRtxMutexDelete)
    __arm_cp.12_0                            0x08000c90   Number         4  rtx_mutex.o(.text.svcRtxMutexDelete)
    [Anonymous Symbol]                       0x08000c94   Section        0  rtx_mutex.o(.text.svcRtxMutexNew)
    svcRtxMutexNew                           0x08000c95   Thumb Code   108  rtx_mutex.o(.text.svcRtxMutexNew)
    __arm_cp.7_0                             0x08000cfc   Number         4  rtx_mutex.o(.text.svcRtxMutexNew)
    [Anonymous Symbol]                       0x08000d00   Section        0  rtx_mutex.o(.text.svcRtxMutexRelease)
    svcRtxMutexRelease                       0x08000d01   Thumb Code   180  rtx_mutex.o(.text.svcRtxMutexRelease)
    __arm_cp.10_0                            0x08000db0   Number         4  rtx_mutex.o(.text.svcRtxMutexRelease)
    i.GPIO_Init                              0x08000db4   Section        0  stm32f10x_gpio.o(i.GPIO_Init)
    i.GPIO_ReadInputDataBit                  0x08000eca   Section        0  stm32f10x_gpio.o(i.GPIO_ReadInputDataBit)
    i.GPIO_ResetBits                         0x08000edc   Section        0  stm32f10x_gpio.o(i.GPIO_ResetBits)
    i.GPIO_SetBits                           0x08000ee0   Section        0  stm32f10x_gpio.o(i.GPIO_SetBits)
    i.RCC_APB1PeriphClockCmd                 0x08000ee4   Section        0  stm32f10x_rcc.o(i.RCC_APB1PeriphClockCmd)
    i.RCC_APB2PeriphClockCmd                 0x08000f04   Section        0  stm32f10x_rcc.o(i.RCC_APB2PeriphClockCmd)
    i.RCC_DeInit                             0x08000f24   Section        0  stm32f10x_rcc.o(i.RCC_DeInit)
    i.RCC_GetFlagStatus                      0x08000f70   Section        0  stm32f10x_rcc.o(i.RCC_GetFlagStatus)
    i.RCC_GetSYSCLKSource                    0x08000fac   Section        0  stm32f10x_rcc.o(i.RCC_GetSYSCLKSource)
    i.RCC_HCLKConfig                         0x08000fbc   Section        0  stm32f10x_rcc.o(i.RCC_HCLKConfig)
    i.RCC_HSEConfig                          0x08000fd4   Section        0  stm32f10x_rcc.o(i.RCC_HSEConfig)
    i.RCC_PCLK1Config                        0x08001020   Section        0  stm32f10x_rcc.o(i.RCC_PCLK1Config)
    i.RCC_PCLK2Config                        0x08001038   Section        0  stm32f10x_rcc.o(i.RCC_PCLK2Config)
    i.RCC_PLLCmd                             0x08001050   Section        0  stm32f10x_rcc.o(i.RCC_PLLCmd)
    i.RCC_PLLConfig                          0x0800105c   Section        0  stm32f10x_rcc.o(i.RCC_PLLConfig)
    i.RCC_SYSCLKConfig                       0x08001078   Section        0  stm32f10x_rcc.o(i.RCC_SYSCLKConfig)
    i.RCC_WaitForHSEStartUp                  0x08001090   Section        0  stm32f10x_rcc.o(i.RCC_WaitForHSEStartUp)
    i.RndData                                0x080010c8   Section        0  main.o(i.RndData)
    i.SD_ReadSector                          0x080010f4   Section        0  sd.o(i.SD_ReadSector)
    i.SD_WriteSector                         0x08001164   Section        0  sd.o(i.SD_WriteSector)
    i.SD_init                                0x08001234   Section        0  sd.o(i.SD_init)
    i.SD_sendCommand                         0x0800130c   Section        0  sd.o(i.SD_sendCommand)
    i.SetSysClock                            0x080013c0   Section        0  system_stm32f10x.o(i.SetSysClock)
    SetSysClock                              0x080013c1   Thumb Code     8  system_stm32f10x.o(i.SetSysClock)
    i.SetSysClockTo72                        0x080013c8   Section        0  system_stm32f10x.o(i.SetSysClockTo72)
    SetSysClockTo72                          0x080013c9   Thumb Code   214  system_stm32f10x.o(i.SetSysClockTo72)
    i.SystemInit                             0x080014a8   Section        0  system_stm32f10x.o(i.SystemInit)
    i._mutex_acquire                         0x08001508   Section        0  rtx_lib.o(i._mutex_acquire)
    __tagsym$$used                           0x08001509   Number         0  rtx_lib.o(i._mutex_acquire)
    i._mutex_free                            0x0800151e   Section        0  rtx_lib.o(i._mutex_free)
    __tagsym$$used                           0x0800151f   Number         0  rtx_lib.o(i._mutex_free)
    i._mutex_initialize                      0x0800152a   Section        0  rtx_lib.o(i._mutex_initialize)
    __tagsym$$used                           0x0800152b   Number         0  rtx_lib.o(i._mutex_initialize)
    i._mutex_release                         0x0800154c   Section        0  rtx_lib.o(i._mutex_release)
    __tagsym$$used                           0x0800154d   Number         0  rtx_lib.o(i._mutex_release)
    i._platform_post_stackheap_init          0x0800155e   Section        0  rtx_lib.o(i._platform_post_stackheap_init)
    i.check_fs                               0x08001568   Section        0  ff.o(i.check_fs)
    check_fs                                 0x08001569   Thumb Code   112  ff.o(i.check_fs)
    i.chk_chr                                0x080015e4   Section        0  ff.o(i.chk_chr)
    chk_chr                                  0x080015e5   Thumb Code    20  ff.o(i.chk_chr)
    i.clst2sect                              0x080015f8   Section        0  ff.o(i.clst2sect)
    clst2sect                                0x080015f9   Thumb Code    26  ff.o(i.clst2sect)
    i.cmp_lfn                                0x08001614   Section        0  ff.o(i.cmp_lfn)
    cmp_lfn                                  0x08001615   Thumb Code   148  ff.o(i.cmp_lfn)
    i.create_chain                           0x080016ac   Section        0  ff.o(i.create_chain)
    create_chain                             0x080016ad   Thumb Code   288  ff.o(i.create_chain)
    i.create_name                            0x080017cc   Section        0  ff.o(i.create_name)
    create_name                              0x080017cd   Thumb Code   576  ff.o(i.create_name)
    i.dbc_1st                                0x08001a20   Section        0  ff.o(i.dbc_1st)
    dbc_1st                                  0x08001a21   Thumb Code    46  ff.o(i.dbc_1st)
    i.dbc_2nd                                0x08001a54   Section        0  ff.o(i.dbc_2nd)
    dbc_2nd                                  0x08001a55   Thumb Code    66  ff.o(i.dbc_2nd)
    i.delay_ms                               0x08001a9c   Section        0  main.o(i.delay_ms)
    i.dir_alloc                              0x08001af0   Section        0  ff.o(i.dir_alloc)
    dir_alloc                                0x08001af1   Thumb Code    96  ff.o(i.dir_alloc)
    i.dir_clear                              0x08001b50   Section        0  ff.o(i.dir_clear)
    dir_clear                                0x08001b51   Thumb Code    96  ff.o(i.dir_clear)
    i.dir_find                               0x08001bb0   Section        0  ff.o(i.dir_find)
    dir_find                                 0x08001bb1   Thumb Code   252  ff.o(i.dir_find)
    i.dir_next                               0x08001cac   Section        0  ff.o(i.dir_next)
    dir_next                                 0x08001cad   Thumb Code   202  ff.o(i.dir_next)
    i.dir_register                           0x08001d76   Section        0  ff.o(i.dir_register)
    dir_register                             0x08001d77   Thumb Code   322  ff.o(i.dir_register)
    i.dir_sdi                                0x08001eb8   Section        0  ff.o(i.dir_sdi)
    dir_sdi                                  0x08001eb9   Thumb Code   154  ff.o(i.dir_sdi)
    i.disk_initialize                        0x08001f52   Section        0  diskio.o(i.disk_initialize)
    i.disk_ioctl                             0x08001f58   Section        0  diskio.o(i.disk_ioctl)
    i.disk_read                              0x08001f7a   Section        0  diskio.o(i.disk_read)
    i.disk_status                            0x08001f98   Section        0  diskio.o(i.disk_status)
    i.disk_write                             0x08001f9e   Section        0  diskio.o(i.disk_write)
    i.f_close                                0x08001fbc   Section        0  ff.o(i.f_close)
    i.f_lseek                                0x08001fde   Section        0  ff.o(i.f_lseek)
    i.f_mount                                0x08002164   Section        0  ff.o(i.f_mount)
    i.f_open                                 0x080021b8   Section        0  ff.o(i.f_open)
    i.f_printf                               0x0800239c   Section        0  ff.o(i.f_printf)
    i.f_sync                                 0x08002608   Section        0  ff.o(i.f_sync)
    i.f_write                                0x080026a8   Section        0  ff.o(i.f_write)
    i.ff_oem2uni                             0x08002888   Section        0  ffunicode.o(i.ff_oem2uni)
    i.ff_uni2oem                             0x080028f0   Section        0  ffunicode.o(i.ff_uni2oem)
    i.ff_wtoupper                            0x08002964   Section        0  ffunicode.o(i.ff_wtoupper)
    i.find_volume                            0x08002a14   Section        0  ff.o(i.find_volume)
    find_volume                              0x08002a15   Thumb Code   762  ff.o(i.find_volume)
    i.follow_path                            0x08002d28   Section        0  ff.o(i.follow_path)
    follow_path                              0x08002d29   Thumb Code   158  ff.o(i.follow_path)
    i.gen_numname                            0x08002dc8   Section        0  ff.o(i.gen_numname)
    gen_numname                              0x08002dc9   Thumb Code   198  ff.o(i.gen_numname)
    i.get_fat                                0x08002e94   Section        0  ff.o(i.get_fat)
    get_fat                                  0x08002e95   Thumb Code   224  ff.o(i.get_fat)
    i.get_ldnumber                           0x08002f74   Section        0  ff.o(i.get_ldnumber)
    get_ldnumber                             0x08002f75   Thumb Code    78  ff.o(i.get_ldnumber)
    i.init                                   0x08002fc4   Section        0  main.o(i.init)
    i.initClock                              0x08003060   Section        0  main.o(i.initClock)
    i.ld_clust                               0x080030b8   Section        0  ff.o(i.ld_clust)
    ld_clust                                 0x080030b9   Thumb Code    38  ff.o(i.ld_clust)
    i.ld_dword                               0x080030de   Section        0  ff.o(i.ld_dword)
    ld_dword                                 0x080030df   Thumb Code    24  ff.o(i.ld_dword)
    i.ld_word                                0x080030f6   Section        0  ff.o(i.ld_word)
    ld_word                                  0x080030f7   Thumb Code    12  ff.o(i.ld_word)
    i.main                                   0x08003104   Section        0  main.o(i.main)
    i.mem_cmp                                0x080031a4   Section        0  ff.o(i.mem_cmp)
    mem_cmp                                  0x080031a5   Thumb Code    36  ff.o(i.mem_cmp)
    i.mem_cpy                                0x080031c8   Section        0  ff.o(i.mem_cpy)
    mem_cpy                                  0x080031c9   Thumb Code    26  ff.o(i.mem_cpy)
    i.mem_set                                0x080031e2   Section        0  ff.o(i.mem_set)
    mem_set                                  0x080031e3   Thumb Code    18  ff.o(i.mem_set)
    i.move_window                            0x080031f4   Section        0  ff.o(i.move_window)
    move_window                              0x080031f5   Thumb Code    52  ff.o(i.move_window)
    i.osRtxErrorNotify                       0x08003228   Section        0  rtx_config.o(i.osRtxErrorNotify)
    i.os_kernel_is_active                    0x08003248   Section        0  rtx_lib.o(i.os_kernel_is_active)
    os_kernel_is_active                      0x08003249   Thumb Code    28  rtx_lib.o(i.os_kernel_is_active)
    i.put_fat                                0x08003268   Section        0  ff.o(i.put_fat)
    put_fat                                  0x08003269   Thumb Code   312  ff.o(i.put_fat)
    i.put_lfn                                0x080033a0   Section        0  ff.o(i.put_lfn)
    put_lfn                                  0x080033a1   Thumb Code   124  ff.o(i.put_lfn)
    i.putc_bfd                               0x08003420   Section        0  ff.o(i.putc_bfd)
    putc_bfd                                 0x08003421   Thumb Code    78  ff.o(i.putc_bfd)
    i.putc_flush                             0x0800346e   Section        0  ff.o(i.putc_flush)
    putc_flush                               0x0800346f   Thumb Code    44  ff.o(i.putc_flush)
    i.putc_init                              0x0800349a   Section        0  ff.o(i.putc_init)
    putc_init                                0x0800349b   Thumb Code    20  ff.o(i.putc_init)
    i.remove_chain                           0x080034ae   Section        0  ff.o(i.remove_chain)
    remove_chain                             0x080034af   Thumb Code   154  ff.o(i.remove_chain)
    i.spi_init                               0x08003548   Section        0  sd.o(i.spi_init)
    i.spi_read                               0x08003630   Section        0  sd.o(i.spi_read)
    i.spi_send                               0x0800363c   Section        0  sd.o(i.spi_send)
    i.st_clust                               0x0800366c   Section        0  ff.o(i.st_clust)
    st_clust                                 0x0800366d   Thumb Code    36  ff.o(i.st_clust)
    i.st_dword                               0x08003690   Section        0  ff.o(i.st_dword)
    st_dword                                 0x08003691   Thumb Code    24  ff.o(i.st_dword)
    i.st_word                                0x080036a8   Section        0  ff.o(i.st_word)
    st_word                                  0x080036a9   Thumb Code    12  ff.o(i.st_word)
    i.sum_sfn                                0x080036b4   Section        0  ff.o(i.sum_sfn)
    sum_sfn                                  0x080036b5   Thumb Code    32  ff.o(i.sum_sfn)
    i.sync_fs                                0x080036d4   Section        0  ff.o(i.sync_fs)
    sync_fs                                  0x080036d5   Thumb Code   134  ff.o(i.sync_fs)
    i.sync_window                            0x08003764   Section        0  ff.o(i.sync_window)
    sync_window                              0x08003765   Thumb Code    74  ff.o(i.sync_window)
    i.tchar2uni                              0x080037ae   Section        0  ff.o(i.tchar2uni)
    tchar2uni                                0x080037af   Thumb Code    76  ff.o(i.tchar2uni)
    i.validate                               0x080037fa   Section        0  ff.o(i.validate)
    validate                                 0x080037fb   Thumb Code    60  ff.o(i.validate)
    .constdata                               0x08003836   Section       23  ff.o(.constdata)
    LfnOfs                                   0x08003836   Data          13  ff.o(.constdata)
    DbcTbl                                   0x08003843   Data          10  ff.o(.constdata)
    .constdata                               0x0800384e   Section    59806  ffunicode.o(.constdata)
    uni2oem932                               0x0800384e   Data       29560  ffunicode.o(.constdata)
    oem2uni932                               0x0800abc6   Data       29560  ffunicode.o(.constdata)
    cvt1                                     0x08011f3e   Data         498  ffunicode.o(.constdata)
    cvt2                                     0x08012130   Data         188  ffunicode.o(.constdata)
    .constdata                               0x080121ec   Section      100  rtx_lib.o(.constdata)
    os_idle_thread_attr                      0x080121ec   Data          36  rtx_lib.o(.constdata)
    os_timer_thread_attr                     0x08012210   Data          36  rtx_lib.o(.constdata)
    os_timer_mq_attr                         0x08012234   Data          24  rtx_lib.o(.constdata)
    .constdata                               0x08012250   Section        1  irq_cm3.o(.constdata)
    .rodata                                  0x08012254   Section      104  rtx_lib.o(.rodata)
    __tagsym$$used                           0x08012254   Number         0  rtx_lib.o(.rodata)
    [Anonymous Symbol]                       0x080122bc   Section        0  rtx_kernel.o(.rodata.str1.4)
    .L.str                                   0x080122bc   Data          11  rtx_kernel.o(.rodata.str1.4)
    .bss.os                                  0x20000000   Section     4160  rtx_lib.o(.bss.os)
    os_mem                                   0x20000000   Data        4096  rtx_lib.o(.bss.os)
    os_isr_queue                             0x20001000   Data          64  rtx_lib.o(.bss.os)
    .bss.os.msgqueue.cb                      0x20001040   Section       52  rtx_lib.o(.bss.os.msgqueue.cb)
    os_timer_mq_cb                           0x20001040   Data          52  rtx_lib.o(.bss.os.msgqueue.cb)
    .bss.os.msgqueue.mem                     0x20001074   Section       80  rtx_lib.o(.bss.os.msgqueue.mem)
    os_timer_mq_data                         0x20001074   Data          80  rtx_lib.o(.bss.os.msgqueue.mem)
    .bss.os.thread.cb                        0x200010c4   Section      136  rtx_lib.o(.bss.os.thread.cb)
    os_idle_thread_cb                        0x200010c4   Data          68  rtx_lib.o(.bss.os.thread.cb)
    os_timer_thread_cb                       0x20001108   Data          68  rtx_lib.o(.bss.os.thread.cb)
    .bss.os.thread.stack                     0x20001150   Section      512  rtx_lib.o(.bss.os.thread.stack)
    os_idle_thread_stack                     0x20001150   Data         256  rtx_lib.o(.bss.os.thread.stack)
    os_timer_thread_stack                    0x20001250   Data         256  rtx_lib.o(.bss.os.thread.stack)
    .data                                    0x20001350   Section        1  sd.o(.data)
    .data                                    0x20001354   Section        6  ff.o(.data)
    FatFs                                    0x20001354   Data           4  ff.o(.data)
    Fsid                                     0x20001358   Data           2  ff.o(.data)
    .data                                    0x2000135c   Section        5  rtx_lib.o(.data)
    os_kernel_active                         0x20001360   Data           1  rtx_lib.o(.data)
    .data                                    0x20001364   Section       20  system_stm32f10x.o(.data)
    .bss                                     0x2000141c   Section      512  ff.o(.bss)
    LfnBuf                                   0x2000141c   Data         512  ff.o(.bss)
    .bss                                     0x2000161c   Section       96  libspace.o(.bss)
    HEAP                                     0x20001680   Section      512  startup_stm32f10x_ld.o(HEAP)
    Heap_Mem                                 0x20001680   Data         512  startup_stm32f10x_ld.o(HEAP)
    STACK                                    0x20001880   Section     1024  startup_stm32f10x_ld.o(STACK)
    Stack_Mem                                0x20001880   Data        1024  startup_stm32f10x_ld.o(STACK)
    __initial_sp                             0x20001c80   Data           0  startup_stm32f10x_ld.o(STACK)

    Global Symbols

    Symbol Name                              Value     Ov Type        Size  Object(Section)

    BuildAttributes$$THM_ISAv4$P$D$K$B$S$PE$A:L22UL41UL21$X:L11$S22US41US21$IEEE1$IW$~IW$USESV6$~STKCKD$USESV7$~SHL$OSPACE$ROPI$EBA8$UX$STANDARDLIB$REQ8$PRES8$EABIv2 0x00000000   Number         0  anon$$obj.o ABSOLUTE
    __ARM_use_no_argv                        0x00000000   Number         0  main.o ABSOLUTE
    .bss.os.evflags.cb$$Base                  - Undefined Weak Reference
    .bss.os.evflags.cb$$Limit                 - Undefined Weak Reference
    .bss.os.mempool.cb$$Base                  - Undefined Weak Reference
    .bss.os.mempool.cb$$Limit                 - Undefined Weak Reference
    .bss.os.mutex.cb$$Base                    - Undefined Weak Reference
    .bss.os.mutex.cb$$Limit                   - Undefined Weak Reference
    .bss.os.semaphore.cb$$Base                - Undefined Weak Reference
    .bss.os.semaphore.cb$$Limit               - Undefined Weak Reference
    .bss.os.timer.cb$$Base                    - Undefined Weak Reference
    .bss.os.timer.cb$$Limit                   - Undefined Weak Reference
    __ARM_exceptions_init                     - Undefined Weak Reference
    __alloca_initialize                       - Undefined Weak Reference
    __arm_preinit_                            - Undefined Weak Reference
    __cpp_initialize__aeabi_                  - Undefined Weak Reference
    __cxa_finalize                            - Undefined Weak Reference
    __rt_locale                               - Undefined Weak Reference
    __sigvec_lookup                           - Undefined Weak Reference
    _atexit_init                              - Undefined Weak Reference
    _call_atexit_fns                          - Undefined Weak Reference
    _clock_init                               - Undefined Weak Reference
    _fp_trap_init                             - Undefined Weak Reference
    _fp_trap_shutdown                         - Undefined Weak Reference
    _get_lc_collate                           - Undefined Weak Reference
    _get_lc_ctype                             - Undefined Weak Reference
    _get_lc_monetary                          - Undefined Weak Reference
    _get_lc_numeric                           - Undefined Weak Reference
    _get_lc_time                              - Undefined Weak Reference
    _getenv_init                              - Undefined Weak Reference
    _handle_redirection                       - Undefined Weak Reference
    _init_alloc                               - Undefined Weak Reference
    _init_user_alloc                          - Undefined Weak Reference
    _initio                                   - Undefined Weak Reference
    _rand_init                                - Undefined Weak Reference
    _signal_finish                            - Undefined Weak Reference
    _signal_init                              - Undefined Weak Reference
    _terminate_alloc                          - Undefined Weak Reference
    _terminate_user_alloc                     - Undefined Weak Reference
    _terminateio                              - Undefined Weak Reference
    __Vectors_Size                           0x000000ec   Number         0  startup_stm32f10x_ld.o ABSOLUTE
    __Vectors                                0x08000000   Data           4  startup_stm32f10x_ld.o(RESET)
    __Vectors_End                            0x080000ec   Data           0  startup_stm32f10x_ld.o(RESET)
    __main                                   0x080000ed   Thumb Code     8  __main.o(!!!main)
    __scatterload                            0x080000f5   Thumb Code     0  __scatter.o(!!!scatter)
    __scatterload_rt2                        0x080000f5   Thumb Code    44  __scatter.o(!!!scatter)
    __scatterload_rt2_thumb_only             0x080000f5   Thumb Code     0  __scatter.o(!!!scatter)
    __scatterload_null                       0x08000103   Thumb Code     0  __scatter.o(!!!scatter)
    __decompress                             0x08000129   Thumb Code    58  __dczerorl.o(!!dczerorl)
    __decompress0                            0x08000129   Thumb Code     0  __dczerorl.o(!!dczerorl)
    __scatterload_zeroinit                   0x08000165   Thumb Code    28  __scatter_zi.o(!!handler_zi)
    __rt_lib_init                            0x08000181   Thumb Code     0  libinit.o(.ARM.Collect$$libinit$$00000000)
    __rt_lib_init_alloca_1                   0x08000183   Thumb Code     0  libinit2.o(.ARM.Collect$$libinit$$0000002E)
    __rt_lib_init_argv_1                     0x08000183   Thumb Code     0  libinit2.o(.ARM.Collect$$libinit$$0000002C)
    __rt_lib_init_atexit_1                   0x08000183   Thumb Code     0  libinit2.o(.ARM.Collect$$libinit$$0000001B)
    __rt_lib_init_clock_1                    0x08000183   Thumb Code     0  libinit2.o(.ARM.Collect$$libinit$$00000021)
    __rt_lib_init_cpp_1                      0x08000183   Thumb Code     0  libinit2.o(.ARM.Collect$$libinit$$00000032)
    __rt_lib_init_exceptions_1               0x08000183   Thumb Code     0  libinit2.o(.ARM.Collect$$libinit$$00000030)
    __rt_lib_init_fp_1                       0x08000183   Thumb Code     0  libinit2.o(.ARM.Collect$$libinit$$00000002)
    __rt_lib_init_fp_trap_1                  0x08000183   Thumb Code     0  libinit2.o(.ARM.Collect$$libinit$$0000001F)
    __rt_lib_init_getenv_1                   0x08000183   Thumb Code     0  libinit2.o(.ARM.Collect$$libinit$$00000023)
    __rt_lib_init_heap_1                     0x08000183   Thumb Code     0  libinit2.o(.ARM.Collect$$libinit$$0000000A)
    __rt_lib_init_lc_collate_1               0x08000183   Thumb Code     0  libinit2.o(.ARM.Collect$$libinit$$00000011)
    __rt_lib_init_lc_ctype_1                 0x08000183   Thumb Code     0  libinit2.o(.ARM.Collect$$libinit$$00000013)
    __rt_lib_init_lc_monetary_1              0x08000183   Thumb Code     0  libinit2.o(.ARM.Collect$$libinit$$00000015)
    __rt_lib_init_lc_numeric_1               0x08000183   Thumb Code     0  libinit2.o(.ARM.Collect$$libinit$$00000017)
    __rt_lib_init_lc_time_1                  0x08000183   Thumb Code     0  libinit2.o(.ARM.Collect$$libinit$$00000019)
    __rt_lib_init_preinit_1                  0x08000183   Thumb Code     0  libinit2.o(.ARM.Collect$$libinit$$00000004)
    __rt_lib_init_rand_1                     0x08000183   Thumb Code     0  libinit2.o(.ARM.Collect$$libinit$$0000000E)
    __rt_lib_init_return                     0x08000183   Thumb Code     0  libinit2.o(.ARM.Collect$$libinit$$00000033)
    __rt_lib_init_signal_1                   0x08000183   Thumb Code     0  libinit2.o(.ARM.Collect$$libinit$$0000001D)
    __rt_lib_init_stdio_1                    0x08000183   Thumb Code     0  libinit2.o(.ARM.Collect$$libinit$$00000025)
    __rt_lib_init_user_alloc_1               0x08000183   Thumb Code     0  libinit2.o(.ARM.Collect$$libinit$$0000000C)
    __rt_lib_shutdown                        0x08000185   Thumb Code     0  libshutdown.o(.ARM.Collect$$libshutdown$$00000000)
    __rt_lib_shutdown_cpp_1                  0x08000187   Thumb Code     0  libshutdown2.o(.ARM.Collect$$libshutdown$$00000002)
    __rt_lib_shutdown_fp_trap_1              0x08000187   Thumb Code     0  libshutdown2.o(.ARM.Collect$$libshutdown$$00000007)
    __rt_lib_shutdown_heap_1                 0x08000187   Thumb Code     0  libshutdown2.o(.ARM.Collect$$libshutdown$$0000000F)
    __rt_lib_shutdown_return                 0x08000187   Thumb Code     0  libshutdown2.o(.ARM.Collect$$libshutdown$$00000010)
    __rt_lib_shutdown_signal_1               0x08000187   Thumb Code     0  libshutdown2.o(.ARM.Collect$$libshutdown$$0000000A)
    __rt_lib_shutdown_stdio_1                0x08000187   Thumb Code     0  libshutdown2.o(.ARM.Collect$$libshutdown$$00000004)
    __rt_lib_shutdown_user_alloc_1           0x08000187   Thumb Code     0  libshutdown2.o(.ARM.Collect$$libshutdown$$0000000C)
    __rt_entry                               0x08000189   Thumb Code     0  __rtentry.o(.ARM.Collect$$rtentry$$00000000)
    __rt_entry_presh_1                       0x08000189   Thumb Code     0  __rtentry2.o(.ARM.Collect$$rtentry$$00000002)
    __rt_entry_sh                            0x08000189   Thumb Code     0  __rtentry4.o(.ARM.Collect$$rtentry$$00000004)
    __rt_entry_postsh_1                      0x0800018f   Thumb Code     0  __rtentry2.o(.ARM.Collect$$rtentry$$00000008)
    __rt_entry_li                            0x08000197   Thumb Code     0  __rtentry2.o(.ARM.Collect$$rtentry$$0000000A)
    __rt_entry_main                          0x0800019b   Thumb Code     0  __rtentry2.o(.ARM.Collect$$rtentry$$0000000D)
    __rt_entry_postli_1                      0x0800019b   Thumb Code     0  __rtentry2.o(.ARM.Collect$$rtentry$$0000000C)
    __rt_exit                                0x080001a3   Thumb Code     0  rtexit.o(.ARM.Collect$$rtexit$$00000000)
    __rt_exit_ls                             0x080001a5   Thumb Code     0  rtexit2.o(.ARM.Collect$$rtexit$$00000003)
    __rt_exit_prels_1                        0x080001a5   Thumb Code     0  rtexit2.o(.ARM.Collect$$rtexit$$00000002)
    __rt_exit_exit                           0x080001a9   Thumb Code     0  rtexit2.o(.ARM.Collect$$rtexit$$00000004)
    Reset_Handler                            0x080001b1   Thumb Code     8  startup_stm32f10x_ld.o(.text)
    NMI_Handler                              0x080001b9   Thumb Code     2  startup_stm32f10x_ld.o(.text)
    HardFault_Handler                        0x080001bb   Thumb Code     2  startup_stm32f10x_ld.o(.text)
    MemManage_Handler                        0x080001bd   Thumb Code     2  startup_stm32f10x_ld.o(.text)
    BusFault_Handler                         0x080001bf   Thumb Code     2  startup_stm32f10x_ld.o(.text)
    UsageFault_Handler                       0x080001c1   Thumb Code     2  startup_stm32f10x_ld.o(.text)
    DebugMon_Handler                         0x080001c5   Thumb Code     2  startup_stm32f10x_ld.o(.text)
    ADC1_2_IRQHandler                        0x080001cb   Thumb Code     0  startup_stm32f10x_ld.o(.text)
    CAN1_RX1_IRQHandler                      0x080001cb   Thumb Code     0  startup_stm32f10x_ld.o(.text)
    CAN1_SCE_IRQHandler                      0x080001cb   Thumb Code     0  startup_stm32f10x_ld.o(.text)
    DMA1_Channel1_IRQHandler                 0x080001cb   Thumb Code     0  startup_stm32f10x_ld.o(.text)
    DMA1_Channel2_IRQHandler                 0x080001cb   Thumb Code     0  startup_stm32f10x_ld.o(.text)
    DMA1_Channel3_IRQHandler                 0x080001cb   Thumb Code     0  startup_stm32f10x_ld.o(.text)
    DMA1_Channel4_IRQHandler                 0x080001cb   Thumb Code     0  startup_stm32f10x_ld.o(.text)
    DMA1_Channel5_IRQHandler                 0x080001cb   Thumb Code     0  startup_stm32f10x_ld.o(.text)
    DMA1_Channel6_IRQHandler                 0x080001cb   Thumb Code     0  startup_stm32f10x_ld.o(.text)
    DMA1_Channel7_IRQHandler                 0x080001cb   Thumb Code     0  startup_stm32f10x_ld.o(.text)
    EXTI0_IRQHandler                         0x080001cb   Thumb Code     0  startup_stm32f10x_ld.o(.text)
    EXTI15_10_IRQHandler                     0x080001cb   Thumb Code     0  startup_stm32f10x_ld.o(.text)
    EXTI1_IRQHandler                         0x080001cb   Thumb Code     0  startup_stm32f10x_ld.o(.text)
    EXTI2_IRQHandler                         0x080001cb   Thumb Code     0  startup_stm32f10x_ld.o(.text)
    EXTI3_IRQHandler                         0x080001cb   Thumb Code     0  startup_stm32f10x_ld.o(.text)
    EXTI4_IRQHandler                         0x080001cb   Thumb Code     0  startup_stm32f10x_ld.o(.text)
    EXTI9_5_IRQHandler                       0x080001cb   Thumb Code     0  startup_stm32f10x_ld.o(.text)
    FLASH_IRQHandler                         0x080001cb   Thumb Code     0  startup_stm32f10x_ld.o(.text)
    I2C1_ER_IRQHandler                       0x080001cb   Thumb Code     0  startup_stm32f10x_ld.o(.text)
    I2C1_EV_IRQHandler                       0x080001cb   Thumb Code     0  startup_stm32f10x_ld.o(.text)
    PVD_IRQHandler                           0x080001cb   Thumb Code     0  startup_stm32f10x_ld.o(.text)
    RCC_IRQHandler                           0x080001cb   Thumb Code     0  startup_stm32f10x_ld.o(.text)
    RTCAlarm_IRQHandler                      0x080001cb   Thumb Code     0  startup_stm32f10x_ld.o(.text)
    RTC_IRQHandler                           0x080001cb   Thumb Code     0  startup_stm32f10x_ld.o(.text)
    SPI1_IRQHandler                          0x080001cb   Thumb Code     0  startup_stm32f10x_ld.o(.text)
    TAMPER_IRQHandler                        0x080001cb   Thumb Code     0  startup_stm32f10x_ld.o(.text)
    TIM1_BRK_IRQHandler                      0x080001cb   Thumb Code     0  startup_stm32f10x_ld.o(.text)
    TIM1_CC_IRQHandler                       0x080001cb   Thumb Code     0  startup_stm32f10x_ld.o(.text)
    TIM1_TRG_COM_IRQHandler                  0x080001cb   Thumb Code     0  startup_stm32f10x_ld.o(.text)
    TIM1_UP_IRQHandler                       0x080001cb   Thumb Code     0  startup_stm32f10x_ld.o(.text)
    TIM2_IRQHandler                          0x080001cb   Thumb Code     0  startup_stm32f10x_ld.o(.text)
    TIM3_IRQHandler                          0x080001cb   Thumb Code     0  startup_stm32f10x_ld.o(.text)
    USART1_IRQHandler                        0x080001cb   Thumb Code     0  startup_stm32f10x_ld.o(.text)
    USART2_IRQHandler                        0x080001cb   Thumb Code     0  startup_stm32f10x_ld.o(.text)
    USBWakeUp_IRQHandler                     0x080001cb   Thumb Code     0  startup_stm32f10x_ld.o(.text)
    USB_HP_CAN1_TX_IRQHandler                0x080001cb   Thumb Code     0  startup_stm32f10x_ld.o(.text)
    USB_LP_CAN1_RX0_IRQHandler               0x080001cb   Thumb Code     0  startup_stm32f10x_ld.o(.text)
    WWDG_IRQHandler                          0x080001cb   Thumb Code     0  startup_stm32f10x_ld.o(.text)
    __user_initial_stackheap                 0x080001cd   Thumb Code     0  startup_stm32f10x_ld.o(.text)
    SVC_Handler                              0x080001f1   Thumb Code   108  irq_cm3.o(.text)
    PendSV_Handler                           0x0800025d   Thumb Code    16  irq_cm3.o(.text)
    SysTick_Handler                          0x0800026d   Thumb Code    16  irq_cm3.o(.text)
    __aeabi_memclr4                          0x08000285   Thumb Code     0  rt_memclr_w.o(.text)
    __aeabi_memclr8                          0x08000285   Thumb Code     0  rt_memclr_w.o(.text)
    __rt_memclr_w                            0x08000285   Thumb Code    78  rt_memclr_w.o(.text)
    _memset_w                                0x08000289   Thumb Code     0  rt_memclr_w.o(.text)
    __use_two_region_memory                  0x080002d3   Thumb Code     2  heapauxi.o(.text)
    __rt_heap_escrow$2region                 0x080002d5   Thumb Code     2  heapauxi.o(.text)
    __rt_heap_expand$2region                 0x080002d7   Thumb Code     2  heapauxi.o(.text)
    __user_setup_stackheap                   0x080002d9   Thumb Code    74  sys_stackheap_outer.o(.text)
    exit                                     0x08000323   Thumb Code    18  exit.o(.text)
    __user_libspace                          0x08000335   Thumb Code     8  libspace.o(.text)
    __user_perproc_libspace                  0x08000335   Thumb Code     0  libspace.o(.text)
    _sys_exit                                0x0800033d   Thumb Code     8  sys_exit.o(.text)
    __I$use$semihosting                      0x08000349   Thumb Code     0  use_no_semi.o(.text)
    __use_no_semihosting_swi                 0x08000349   Thumb Code     2  use_no_semi.o(.text)
    __semihosting_library_function           0x0800034b   Thumb Code     0  indicate_semi.o(.text)
    OS_Tick_AcknowledgeIRQ                   0x0800034d   Thumb Code    12  os_systick.o(.text.OS_Tick_AcknowledgeIRQ)
    osKernelGetState                         0x08000359   Thumb Code    48  rtx_kernel.o(.text.osKernelGetState)
    osKernelInitialize                       0x08000389   Thumb Code    44  rtx_kernel.o(.text.osKernelInitialize)
    osMutexAcquire                           0x080003b5   Thumb Code    36  rtx_mutex.o(.text.osMutexAcquire)
    osMutexDelete                            0x080003d9   Thumb Code    36  rtx_mutex.o(.text.osMutexDelete)
    osMutexNew                               0x080003fd   Thumb Code    36  rtx_mutex.o(.text.osMutexNew)
    osMutexRelease                           0x08000421   Thumb Code    36  rtx_mutex.o(.text.osMutexRelease)
    osRtxKernelPreInit                       0x08000445   Thumb Code     2  rtx_kernel.o(.text.osRtxKernelPreInit)
    osRtxMemoryAlloc                         0x08000447   Thumb Code   124  rtx_memory.o(.text.osRtxMemoryAlloc)
    osRtxMemoryFree                          0x080004c3   Thumb Code    82  rtx_memory.o(.text.osRtxMemoryFree)
    osRtxMemoryInit                          0x08000515   Thumb Code    54  rtx_memory.o(.text.osRtxMemoryInit)
    osRtxMemoryPoolAlloc                     0x0800054b   Thumb Code    56  rtx_mempool.o(.text.osRtxMemoryPoolAlloc)
    osRtxMemoryPoolFree                      0x08000583   Thumb Code    72  rtx_mempool.o(.text.osRtxMemoryPoolFree)
    osRtxMemoryPoolInit                      0x080005cb   Thumb Code    84  rtx_mempool.o(.text.osRtxMemoryPoolInit)
    osRtxPendSV_Handler                      0x08000621   Thumb Code   140  rtx_system.o(.text.osRtxPendSV_Handler)
    osRtxThreadDelayTick                     0x080007b9   Thumb Code    52  rtx_thread.o(.text.osRtxThreadDelayTick)
    osRtxThreadDispatch                      0x080007ed   Thumb Code    92  rtx_thread.o(.text.osRtxThreadDispatch)
    osRtxThreadListGet                       0x08000849   Thumb Code    20  rtx_thread.o(.text.osRtxThreadListGet)
    osRtxThreadListPut                       0x0800085d   Thumb Code    42  rtx_thread.o(.text.osRtxThreadListPut)
    osRtxThreadListRemove                    0x08000887   Thumb Code    20  rtx_thread.o(.text.osRtxThreadListRemove)
    osRtxThreadListSort                      0x0800089b   Thumb Code    40  rtx_thread.o(.text.osRtxThreadListSort)
    osRtxThreadReadyPut                      0x080008c5   Thumb Code    20  rtx_thread.o(.text.osRtxThreadReadyPut)
    osRtxThreadStackCheck                    0x080008d9   Thumb Code    40  rtx_thread.o(.text.osRtxThreadStackCheck)
    osRtxThreadSwitch                        0x08000901   Thumb Code    16  rtx_thread.o(.text.osRtxThreadSwitch)
    osRtxThreadWaitEnter                     0x08000911   Thumb Code    60  rtx_thread.o(.text.osRtxThreadWaitEnter)
    osRtxThreadWaitExit                      0x0800094d   Thumb Code    36  rtx_thread.o(.text.osRtxThreadWaitExit)
    osRtxTick_Handler                        0x08000971   Thumb Code   112  rtx_system.o(.text.osRtxTick_Handler)
    GPIO_Init                                0x08000db5   Thumb Code   278  stm32f10x_gpio.o(i.GPIO_Init)
    GPIO_ReadInputDataBit                    0x08000ecb   Thumb Code    18  stm32f10x_gpio.o(i.GPIO_ReadInputDataBit)
    GPIO_ResetBits                           0x08000edd   Thumb Code     4  stm32f10x_gpio.o(i.GPIO_ResetBits)
    GPIO_SetBits                             0x08000ee1   Thumb Code     4  stm32f10x_gpio.o(i.GPIO_SetBits)
    RCC_APB1PeriphClockCmd                   0x08000ee5   Thumb Code    26  stm32f10x_rcc.o(i.RCC_APB1PeriphClockCmd)
    RCC_APB2PeriphClockCmd                   0x08000f05   Thumb Code    26  stm32f10x_rcc.o(i.RCC_APB2PeriphClockCmd)
    RCC_DeInit                               0x08000f25   Thumb Code    64  stm32f10x_rcc.o(i.RCC_DeInit)
    RCC_GetFlagStatus                        0x08000f71   Thumb Code    56  stm32f10x_rcc.o(i.RCC_GetFlagStatus)
    RCC_GetSYSCLKSource                      0x08000fad   Thumb Code    10  stm32f10x_rcc.o(i.RCC_GetSYSCLKSource)
    RCC_HCLKConfig                           0x08000fbd   Thumb Code    18  stm32f10x_rcc.o(i.RCC_HCLKConfig)
    RCC_HSEConfig                            0x08000fd5   Thumb Code    70  stm32f10x_rcc.o(i.RCC_HSEConfig)
    RCC_PCLK1Config                          0x08001021   Thumb Code    18  stm32f10x_rcc.o(i.RCC_PCLK1Config)
    RCC_PCLK2Config                          0x08001039   Thumb Code    20  stm32f10x_rcc.o(i.RCC_PCLK2Config)
    RCC_PLLCmd                               0x08001051   Thumb Code     6  stm32f10x_rcc.o(i.RCC_PLLCmd)
    RCC_PLLConfig                            0x0800105d   Thumb Code    24  stm32f10x_rcc.o(i.RCC_PLLConfig)
    RCC_SYSCLKConfig                         0x08001079   Thumb Code    18  stm32f10x_rcc.o(i.RCC_SYSCLKConfig)
    RCC_WaitForHSEStartUp                    0x08001091   Thumb Code    56  stm32f10x_rcc.o(i.RCC_WaitForHSEStartUp)
    RndData                                  0x080010c9   Thumb Code    40  main.o(i.RndData)
    SD_ReadSector                            0x080010f5   Thumb Code   108  sd.o(i.SD_ReadSector)
    SD_WriteSector                           0x08001165   Thumb Code   202  sd.o(i.SD_WriteSector)
    SD_init                                  0x08001235   Thumb Code   206  sd.o(i.SD_init)
    SD_sendCommand                           0x0800130d   Thumb Code   170  sd.o(i.SD_sendCommand)
    SystemInit                               0x080014a9   Thumb Code    78  system_stm32f10x.o(i.SystemInit)
    _mutex_acquire                           0x08001509   Thumb Code    22  rtx_lib.o(i._mutex_acquire)
    _mutex_free                              0x0800151f   Thumb Code    12  rtx_lib.o(i._mutex_free)
    _mutex_initialize                        0x0800152b   Thumb Code    34  rtx_lib.o(i._mutex_initialize)
    _mutex_release                           0x0800154d   Thumb Code    18  rtx_lib.o(i._mutex_release)
    _platform_post_stackheap_init            0x0800155f   Thumb Code     8  rtx_lib.o(i._platform_post_stackheap_init)
    delay_ms                                 0x08001a9d   Thumb Code    66  main.o(i.delay_ms)
    disk_initialize                          0x08001f53   Thumb Code     6  diskio.o(i.disk_initialize)
    disk_ioctl                               0x08001f59   Thumb Code    34  diskio.o(i.disk_ioctl)
    disk_read                                0x08001f7b   Thumb Code    30  diskio.o(i.disk_read)
    disk_status                              0x08001f99   Thumb Code     6  diskio.o(i.disk_status)
    disk_write                               0x08001f9f   Thumb Code    30  diskio.o(i.disk_write)
    f_close                                  0x08001fbd   Thumb Code    34  ff.o(i.f_close)
    f_lseek                                  0x08001fdf   Thumb Code   388  ff.o(i.f_lseek)
    f_mount                                  0x08002165   Thumb Code    80  ff.o(i.f_mount)
    f_open                                   0x080021b9   Thumb Code   478  ff.o(i.f_open)
    f_printf                                 0x0800239d   Thumb Code   618  ff.o(i.f_printf)
    f_sync                                   0x08002609   Thumb Code   156  ff.o(i.f_sync)
    f_write                                  0x080026a9   Thumb Code   478  ff.o(i.f_write)
    ff_oem2uni                               0x08002889   Thumb Code   100  ffunicode.o(i.ff_oem2uni)
    ff_uni2oem                               0x080028f1   Thumb Code   112  ffunicode.o(i.ff_uni2oem)
    ff_wtoupper                              0x08002965   Thumb Code   166  ffunicode.o(i.ff_wtoupper)
    init                                     0x08002fc5   Thumb Code   144  main.o(i.init)
    initClock                                0x08003061   Thumb Code    88  main.o(i.initClock)
    main                                     0x08003105   Thumb Code   138  main.o(i.main)
    osRtxErrorNotify                         0x08003229   Thumb Code    32  rtx_config.o(i.osRtxErrorNotify)
    spi_init                                 0x08003549   Thumb Code   218  sd.o(i.spi_init)
    spi_read                                 0x08003631   Thumb Code    10  sd.o(i.spi_read)
    spi_send                                 0x0800363d   Thumb Code    42  sd.o(i.spi_send)
    osRtxUserSVC                             0x0801224c   Data           4  rtx_lib.o(.constdata)
    irqRtxLib                                0x08012250   Data           1  irq_cm3.o(.constdata)
    osRtxConfig                              0x08012254   Data         104  rtx_lib.o(.rodata)
    Region$$Table$$Base                      0x080122c8   Number         0  anon$$obj.o(Region$$Table)
    Region$$Table$$Limit                     0x080122e8   Number         0  anon$$obj.o(Region$$Table)
    .bss.os.msgqueue.cb$$Base                0x20001040   Number         0  rtx_lib.o(.bss.os.msgqueue.cb)
    .bss.os.msgqueue.cb$$Limit               0x20001074   Number         0  rtx_lib.o(.bss.os.msgqueue.cb)
    .bss.os.thread.cb$$Base                  0x200010c4   Number         0  rtx_lib.o(.bss.os.thread.cb)
    .bss.os.thread.cb$$Limit                 0x2000114c   Number         0  rtx_lib.o(.bss.os.thread.cb)
    SDHC                                     0x20001350   Data           1  sd.o(.data)
    irqRtxLibRef                             0x2000135c   Data           4  rtx_lib.o(.data)
    SystemCoreClock                          0x20001364   Data           4  system_stm32f10x.o(.data)
    AHBPrescTable                            0x20001368   Data          16  system_stm32f10x.o(.data)
    osRtxInfo                                0x20001378   Data         164  rtx_kernel.o(.data.os)
    __libspace_start                         0x2000161c   Data          96  libspace.o(.bss)
    __temporary_stack_top$libspace           0x2000167c   Data           0  libspace.o(.bss)



==============================================================================

Memory Map of the image

  Image Entry point : 0x080001b1

  Load Region LR_1 (Base: 0x08000000, Size: 0x00013704, Max: 0xffffffff, ABSOLUTE, COMPRESSED[0x0001232c])

    Execution Region ER_RO (Exec base: 0x08000000, Load base: 0x08000000, Size: 0x000122e8, Max: 0xffffffff, ABSOLUTE)

    Exec Addr    Load Addr    Size         Type   Attr      Idx    E Section Name        Object

    0x08000000   0x08000000   0x000000ec   Data   RO         1546    RESET               startup_stm32f10x_ld.o
    0x080000ec   0x080000ec   0x00000008   Code   RO         2054  * !!!main             c_w.l(__main.o)
    0x080000f4   0x080000f4   0x00000034   Code   RO         2213    !!!scatter          c_w.l(__scatter.o)
    0x08000128   0x08000128   0x0000003a   Code   RO         2211    !!dczerorl          c_w.l(__dczerorl.o)
    0x08000162   0x08000162   0x00000002   PAD
    0x08000164   0x08000164   0x0000001c   Code   RO         2215    !!handler_zi        c_w.l(__scatter_zi.o)
    0x08000180   0x08000180   0x00000002   Code   RO         2081    .ARM.Collect$$libinit$$00000000  c_w.l(libinit.o)
    0x08000182   0x08000182   0x00000000   Code   RO         2088    .ARM.Collect$$libinit$$00000002  c_w.l(libinit2.o)
    0x08000182   0x08000182   0x00000000   Code   RO         2090    .ARM.Collect$$libinit$$00000004  c_w.l(libinit2.o)
    0x08000182   0x08000182   0x00000000   Code   RO         2093    .ARM.Collect$$libinit$$0000000A  c_w.l(libinit2.o)
    0x08000182   0x08000182   0x00000000   Code   RO         2095    .ARM.Collect$$libinit$$0000000C  c_w.l(libinit2.o)
    0x08000182   0x08000182   0x00000000   Code   RO         2097    .ARM.Collect$$libinit$$0000000E  c_w.l(libinit2.o)
    0x08000182   0x08000182   0x00000000   Code   RO         2100    .ARM.Collect$$libinit$$00000011  c_w.l(libinit2.o)
    0x08000182   0x08000182   0x00000000   Code   RO         2102    .ARM.Collect$$libinit$$00000013  c_w.l(libinit2.o)
    0x08000182   0x08000182   0x00000000   Code   RO         2104    .ARM.Collect$$libinit$$00000015  c_w.l(libinit2.o)
    0x08000182   0x08000182   0x00000000   Code   RO         2106    .ARM.Collect$$libinit$$00000017  c_w.l(libinit2.o)
    0x08000182   0x08000182   0x00000000   Code   RO         2108    .ARM.Collect$$libinit$$00000019  c_w.l(libinit2.o)
    0x08000182   0x08000182   0x00000000   Code   RO         2110    .ARM.Collect$$libinit$$0000001B  c_w.l(libinit2.o)
    0x08000182   0x08000182   0x00000000   Code   RO         2112    .ARM.Collect$$libinit$$0000001D  c_w.l(libinit2.o)
    0x08000182   0x08000182   0x00000000   Code   RO         2114    .ARM.Collect$$libinit$$0000001F  c_w.l(libinit2.o)
    0x08000182   0x08000182   0x00000000   Code   RO         2116    .ARM.Collect$$libinit$$00000021  c_w.l(libinit2.o)
    0x08000182   0x08000182   0x00000000   Code   RO         2118    .ARM.Collect$$libinit$$00000023  c_w.l(libinit2.o)
    0x08000182   0x08000182   0x00000000   Code   RO         2120    .ARM.Collect$$libinit$$00000025  c_w.l(libinit2.o)
    0x08000182   0x08000182   0x00000000   Code   RO         2124    .ARM.Collect$$libinit$$0000002C  c_w.l(libinit2.o)
    0x08000182   0x08000182   0x00000000   Code   RO         2126    .ARM.Collect$$libinit$$0000002E  c_w.l(libinit2.o)
    0x08000182   0x08000182   0x00000000   Code   RO         2128    .ARM.Collect$$libinit$$00000030  c_w.l(libinit2.o)
    0x08000182   0x08000182   0x00000000   Code   RO         2130    .ARM.Collect$$libinit$$00000032  c_w.l(libinit2.o)
    0x08000182   0x08000182   0x00000002   Code   RO         2131    .ARM.Collect$$libinit$$00000033  c_w.l(libinit2.o)
    0x08000184   0x08000184   0x00000002   Code   RO         2151    .ARM.Collect$$libshutdown$$00000000  c_w.l(libshutdown.o)
    0x08000186   0x08000186   0x00000000   Code   RO         2164    .ARM.Collect$$libshutdown$$00000002  c_w.l(libshutdown2.o)
    0x08000186   0x08000186   0x00000000   Code   RO         2166    .ARM.Collect$$libshutdown$$00000004  c_w.l(libshutdown2.o)
    0x08000186   0x08000186   0x00000000   Code   RO         2169    .ARM.Collect$$libshutdown$$00000007  c_w.l(libshutdown2.o)
    0x08000186   0x08000186   0x00000000   Code   RO         2172    .ARM.Collect$$libshutdown$$0000000A  c_w.l(libshutdown2.o)
    0x08000186   0x08000186   0x00000000   Code   RO         2174    .ARM.Collect$$libshutdown$$0000000C  c_w.l(libshutdown2.o)
    0x08000186   0x08000186   0x00000000   Code   RO         2177    .ARM.Collect$$libshutdown$$0000000F  c_w.l(libshutdown2.o)
    0x08000186   0x08000186   0x00000002   Code   RO         2178    .ARM.Collect$$libshutdown$$00000010  c_w.l(libshutdown2.o)
    0x08000188   0x08000188   0x00000000   Code   RO         2056    .ARM.Collect$$rtentry$$00000000  c_w.l(__rtentry.o)
    0x08000188   0x08000188   0x00000000   Code   RO         2060    .ARM.Collect$$rtentry$$00000002  c_w.l(__rtentry2.o)
    0x08000188   0x08000188   0x00000006   Code   RO         2072    .ARM.Collect$$rtentry$$00000004  c_w.l(__rtentry4.o)
    0x0800018e   0x0800018e   0x00000008   Code   RO         2061    .ARM.Collect$$rtentry$$00000008  c_w.l(__rtentry2.o)
    0x08000196   0x08000196   0x00000004   Code   RO         2063    .ARM.Collect$$rtentry$$0000000A  c_w.l(__rtentry2.o)
    0x0800019a   0x0800019a   0x00000000   Code   RO         2065    .ARM.Collect$$rtentry$$0000000C  c_w.l(__rtentry2.o)
    0x0800019a   0x0800019a   0x00000008   Code   RO         2066    .ARM.Collect$$rtentry$$0000000D  c_w.l(__rtentry2.o)
    0x080001a2   0x080001a2   0x00000002   Code   RO         2085    .ARM.Collect$$rtexit$$00000000  c_w.l(rtexit.o)
    0x080001a4   0x080001a4   0x00000000   Code   RO         2133    .ARM.Collect$$rtexit$$00000002  c_w.l(rtexit2.o)
    0x080001a4   0x080001a4   0x00000004   Code   RO         2134    .ARM.Collect$$rtexit$$00000003  c_w.l(rtexit2.o)
    0x080001a8   0x080001a8   0x00000006   Code   RO         2135    .ARM.Collect$$rtexit$$00000004  c_w.l(rtexit2.o)
    0x080001ae   0x080001ae   0x00000002   PAD
    0x080001b0   0x080001b0   0x00000040   Code   RO         1547  * .text               startup_stm32f10x_ld.o
    0x080001f0   0x080001f0   0x00000094   Code   RO         1831    .text               RTX_CM3.lib(irq_cm3.o)
    0x08000284   0x08000284   0x0000004e   Code   RO         2050    .text               c_w.l(rt_memclr_w.o)
    0x080002d2   0x080002d2   0x00000006   Code   RO         2052    .text               c_w.l(heapauxi.o)
    0x080002d8   0x080002d8   0x0000004a   Code   RO         2074    .text               c_w.l(sys_stackheap_outer.o)
    0x08000322   0x08000322   0x00000012   Code   RO         2076    .text               c_w.l(exit.o)
    0x08000334   0x08000334   0x00000008   Code   RO         2082    .text               c_w.l(libspace.o)
    0x0800033c   0x0800033c   0x0000000c   Code   RO         2143    .text               c_w.l(sys_exit.o)
    0x08000348   0x08000348   0x00000002   Code   RO         2154    .text               c_w.l(use_no_semi.o)
    0x0800034a   0x0800034a   0x00000000   Code   RO         2156    .text               c_w.l(indicate_semi.o)
    0x0800034a   0x0800034a   0x00000002   PAD
    0x0800034c   0x0800034c   0x0000000c   Code   RO         1966    .text.OS_Tick_AcknowledgeIRQ  RTX_CM3.lib(os_systick.o)
    0x08000358   0x08000358   0x00000030   Code   RO         1606    .text.osKernelGetState  RTX_CM3.lib(rtx_kernel.o)
    0x08000388   0x08000388   0x0000002c   Code   RO         1600    .text.osKernelInitialize  RTX_CM3.lib(rtx_kernel.o)
    0x080003b4   0x080003b4   0x00000024   Code   RO         1802    .text.osMutexAcquire  RTX_CM3.lib(rtx_mutex.o)
    0x080003d8   0x080003d8   0x00000024   Code   RO         1808    .text.osMutexDelete  RTX_CM3.lib(rtx_mutex.o)
    0x080003fc   0x080003fc   0x00000024   Code   RO         1798    .text.osMutexNew    RTX_CM3.lib(rtx_mutex.o)
    0x08000420   0x08000420   0x00000024   Code   RO         1804    .text.osMutexRelease  RTX_CM3.lib(rtx_mutex.o)
    0x08000444   0x08000444   0x00000002   Code   RO         1598    .text.osRtxKernelPreInit  RTX_CM3.lib(rtx_kernel.o)
    0x08000446   0x08000446   0x0000007c   Code   RO         1879    .text.osRtxMemoryAlloc  RTX_CM3.lib(rtx_memory.o)
    0x080004c2   0x080004c2   0x00000052   Code   RO         1881    .text.osRtxMemoryFree  RTX_CM3.lib(rtx_memory.o)
    0x08000514   0x08000514   0x00000036   Code   RO         1877    .text.osRtxMemoryInit  RTX_CM3.lib(rtx_memory.o)
    0x0800054a   0x0800054a   0x00000038   Code   RO         1894    .text.osRtxMemoryPoolAlloc  RTX_CM3.lib(rtx_mempool.o)
    0x08000582   0x08000582   0x00000048   Code   RO         1896    .text.osRtxMemoryPoolFree  RTX_CM3.lib(rtx_mempool.o)
    0x080005ca   0x080005ca   0x00000054   Code   RO         1892    .text.osRtxMemoryPoolInit  RTX_CM3.lib(rtx_mempool.o)
    0x0800061e   0x0800061e   0x00000002   PAD
    0x08000620   0x08000620   0x0000008c   Code   RO         1947    .text.osRtxPendSV_Handler  RTX_CM3.lib(rtx_system.o)
    0x080006ac   0x080006ac   0x00000038   Code   RO         1683    .text.osRtxThreadBlock  RTX_CM3.lib(rtx_thread.o)
    0x080006e4   0x080006e4   0x00000088   Code   RO         1691    .text.osRtxThreadDelayInsert  RTX_CM3.lib(rtx_thread.o)
    0x0800076c   0x0800076c   0x0000004c   Code   RO         1687    .text.osRtxThreadDelayRemove  RTX_CM3.lib(rtx_thread.o)
    0x080007b8   0x080007b8   0x00000034   Code   RO         1673    .text.osRtxThreadDelayTick  RTX_CM3.lib(rtx_thread.o)
    0x080007ec   0x080007ec   0x0000005c   Code   RO         1681    .text.osRtxThreadDispatch  RTX_CM3.lib(rtx_thread.o)
    0x08000848   0x08000848   0x00000014   Code   RO         1665    .text.osRtxThreadListGet  RTX_CM3.lib(rtx_thread.o)
    0x0800085c   0x0800085c   0x0000002a   Code   RO         1663    .text.osRtxThreadListPut  RTX_CM3.lib(rtx_thread.o)
    0x08000886   0x08000886   0x00000014   Code   RO         1669    .text.osRtxThreadListRemove  RTX_CM3.lib(rtx_thread.o)
    0x0800089a   0x0800089a   0x00000028   Code   RO         1667    .text.osRtxThreadListSort  RTX_CM3.lib(rtx_thread.o)
    0x080008c2   0x080008c2   0x00000002   PAD
    0x080008c4   0x080008c4   0x00000014   Code   RO         1671    .text.osRtxThreadReadyPut  RTX_CM3.lib(rtx_thread.o)
    0x080008d8   0x080008d8   0x00000028   Code   RO         1679    .text.osRtxThreadStackCheck  RTX_CM3.lib(rtx_thread.o)
    0x08000900   0x08000900   0x00000010   Code   RO         1677    .text.osRtxThreadSwitch  RTX_CM3.lib(rtx_thread.o)
    0x08000910   0x08000910   0x0000003c   Code   RO         1689    .text.osRtxThreadWaitEnter  RTX_CM3.lib(rtx_thread.o)
    0x0800094c   0x0800094c   0x00000024   Code   RO         1685    .text.osRtxThreadWaitExit  RTX_CM3.lib(rtx_thread.o)
    0x08000970   0x08000970   0x00000070   Code   RO         1945    .text.osRtxTick_Handler  RTX_CM3.lib(rtx_system.o)
    0x080009e0   0x080009e0   0x0000000c   Code   RO         1608    .text.svcRtxKernelGetState  RTX_CM3.lib(rtx_kernel.o)
    0x080009ec   0x080009ec   0x00000154   Code   RO         1638    .text.svcRtxKernelInitialize  RTX_CM3.lib(rtx_kernel.o)
    0x08000b40   0x08000b40   0x00000090   Code   RO         1814    .text.svcRtxMutexAcquire  RTX_CM3.lib(rtx_mutex.o)
    0x08000bd0   0x08000bd0   0x000000c4   Code   RO         1820    .text.svcRtxMutexDelete  RTX_CM3.lib(rtx_mutex.o)
    0x08000c94   0x08000c94   0x0000006c   Code   RO         1810    .text.svcRtxMutexNew  RTX_CM3.lib(rtx_mutex.o)
    0x08000d00   0x08000d00   0x000000b4   Code   RO         1816    .text.svcRtxMutexRelease  RTX_CM3.lib(rtx_mutex.o)
    0x08000db4   0x08000db4   0x00000116   Code   RO          819    i.GPIO_Init         stm32f10x_gpio.o
    0x08000eca   0x08000eca   0x00000012   Code   RO          823    i.GPIO_ReadInputDataBit  stm32f10x_gpio.o
    0x08000edc   0x08000edc   0x00000004   Code   RO          826    i.GPIO_ResetBits    stm32f10x_gpio.o
    0x08000ee0   0x08000ee0   0x00000004   Code   RO          827    i.GPIO_SetBits      stm32f10x_gpio.o
    0x08000ee4   0x08000ee4   0x00000020   Code   RO          941    i.RCC_APB1PeriphClockCmd  stm32f10x_rcc.o
    0x08000f04   0x08000f04   0x00000020   Code   RO          943    i.RCC_APB2PeriphClockCmd  stm32f10x_rcc.o
    0x08000f24   0x08000f24   0x0000004c   Code   RO          950    i.RCC_DeInit        stm32f10x_rcc.o
    0x08000f70   0x08000f70   0x0000003c   Code   RO          952    i.RCC_GetFlagStatus  stm32f10x_rcc.o
    0x08000fac   0x08000fac   0x00000010   Code   RO          954    i.RCC_GetSYSCLKSource  stm32f10x_rcc.o
    0x08000fbc   0x08000fbc   0x00000018   Code   RO          955    i.RCC_HCLKConfig    stm32f10x_rcc.o
    0x08000fd4   0x08000fd4   0x0000004c   Code   RO          956    i.RCC_HSEConfig     stm32f10x_rcc.o
    0x08001020   0x08001020   0x00000018   Code   RO          962    i.RCC_PCLK1Config   stm32f10x_rcc.o
    0x08001038   0x08001038   0x00000018   Code   RO          963    i.RCC_PCLK2Config   stm32f10x_rcc.o
    0x08001050   0x08001050   0x0000000c   Code   RO          964    i.RCC_PLLCmd        stm32f10x_rcc.o
    0x0800105c   0x0800105c   0x0000001c   Code   RO          965    i.RCC_PLLConfig     stm32f10x_rcc.o
    0x08001078   0x08001078   0x00000018   Code   RO          968    i.RCC_SYSCLKConfig  stm32f10x_rcc.o
    0x08001090   0x08001090   0x00000038   Code   RO          970    i.RCC_WaitForHSEStartUp  stm32f10x_rcc.o
    0x080010c8   0x080010c8   0x0000002c   Code   RO            6    i.RndData           main.o
    0x080010f4   0x080010f4   0x00000070   Code   RO          129    i.SD_ReadSector     sd.o
    0x08001164   0x08001164   0x000000d0   Code   RO          130    i.SD_WriteSector    sd.o
    0x08001234   0x08001234   0x000000d8   Code   RO          131    i.SD_init           sd.o
    0x0800130c   0x0800130c   0x000000b4   Code   RO          132    i.SD_sendCommand    sd.o
    0x080013c0   0x080013c0   0x00000008   Code   RO         1554    i.SetSysClock       system_stm32f10x.o
    0x080013c8   0x080013c8   0x000000e0   Code   RO         1555    i.SetSysClockTo72   system_stm32f10x.o
    0x080014a8   0x080014a8   0x00000060   Code   RO         1557    i.SystemInit        system_stm32f10x.o
    0x08001508   0x08001508   0x00000016   Code   RO          645    i._mutex_acquire    rtx_lib.o
    0x0800151e   0x0800151e   0x0000000c   Code   RO          646    i._mutex_free       rtx_lib.o
    0x0800152a   0x0800152a   0x00000022   Code   RO          647    i._mutex_initialize  rtx_lib.o
    0x0800154c   0x0800154c   0x00000012   Code   RO          648    i._mutex_release    rtx_lib.o
    0x0800155e   0x0800155e   0x00000008   Code   RO          649    i._platform_post_stackheap_init  rtx_lib.o
    0x08001566   0x08001566   0x00000002   PAD
    0x08001568   0x08001568   0x0000007c   Code   RO          249    i.check_fs          ff.o
    0x080015e4   0x080015e4   0x00000014   Code   RO          250    i.chk_chr           ff.o
    0x080015f8   0x080015f8   0x0000001a   Code   RO          251    i.clst2sect         ff.o
    0x08001612   0x08001612   0x00000002   PAD
    0x08001614   0x08001614   0x00000098   Code   RO          252    i.cmp_lfn           ff.o
    0x080016ac   0x080016ac   0x00000120   Code   RO          253    i.create_chain      ff.o
    0x080017cc   0x080017cc   0x00000254   Code   RO          254    i.create_name       ff.o
    0x08001a20   0x08001a20   0x00000034   Code   RO          255    i.dbc_1st           ff.o
    0x08001a54   0x08001a54   0x00000048   Code   RO          256    i.dbc_2nd           ff.o
    0x08001a9c   0x08001a9c   0x00000054   Code   RO            8    i.delay_ms          main.o
    0x08001af0   0x08001af0   0x00000060   Code   RO          257    i.dir_alloc         ff.o
    0x08001b50   0x08001b50   0x00000060   Code   RO          258    i.dir_clear         ff.o
    0x08001bb0   0x08001bb0   0x000000fc   Code   RO          259    i.dir_find          ff.o
    0x08001cac   0x08001cac   0x000000ca   Code   RO          260    i.dir_next          ff.o
    0x08001d76   0x08001d76   0x00000142   Code   RO          262    i.dir_register      ff.o
    0x08001eb8   0x08001eb8   0x0000009a   Code   RO          264    i.dir_sdi           ff.o
    0x08001f52   0x08001f52   0x00000006   Code   RO          195    i.disk_initialize   diskio.o
    0x08001f58   0x08001f58   0x00000022   Code   RO          196    i.disk_ioctl        diskio.o
    0x08001f7a   0x08001f7a   0x0000001e   Code   RO          197    i.disk_read         diskio.o
    0x08001f98   0x08001f98   0x00000006   Code   RO          198    i.disk_status       diskio.o
    0x08001f9e   0x08001f9e   0x0000001e   Code   RO          199    i.disk_write        diskio.o
    0x08001fbc   0x08001fbc   0x00000022   Code   RO          265    i.f_close           ff.o
    0x08001fde   0x08001fde   0x00000184   Code   RO          269    i.f_lseek           ff.o
    0x08002162   0x08002162   0x00000002   PAD
    0x08002164   0x08002164   0x00000054   Code   RO          271    i.f_mount           ff.o
    0x080021b8   0x080021b8   0x000001e4   Code   RO          272    i.f_open            ff.o
    0x0800239c   0x0800239c   0x0000026a   Code   RO          274    i.f_printf          ff.o
    0x08002606   0x08002606   0x00000002   PAD
    0x08002608   0x08002608   0x000000a0   Code   RO          281    i.f_sync            ff.o
    0x080026a8   0x080026a8   0x000001de   Code   RO          284    i.f_write           ff.o
    0x08002886   0x08002886   0x00000002   PAD
    0x08002888   0x08002888   0x00000068   Code   RO          613    i.ff_oem2uni        ffunicode.o
    0x080028f0   0x080028f0   0x00000074   Code   RO          614    i.ff_uni2oem        ffunicode.o
    0x08002964   0x08002964   0x000000b0   Code   RO          615    i.ff_wtoupper       ffunicode.o
    0x08002a14   0x08002a14   0x00000314   Code   RO          285    i.find_volume       ff.o
    0x08002d28   0x08002d28   0x0000009e   Code   RO          286    i.follow_path       ff.o
    0x08002dc6   0x08002dc6   0x00000002   PAD
    0x08002dc8   0x08002dc8   0x000000cc   Code   RO          287    i.gen_numname       ff.o
    0x08002e94   0x08002e94   0x000000e0   Code   RO          288    i.get_fat           ff.o
    0x08002f74   0x08002f74   0x0000004e   Code   RO          290    i.get_ldnumber      ff.o
    0x08002fc2   0x08002fc2   0x00000002   PAD
    0x08002fc4   0x08002fc4   0x0000009c   Code   RO            9    i.init              main.o
    0x08003060   0x08003060   0x00000058   Code   RO           10    i.initClock         main.o
    0x080030b8   0x080030b8   0x00000026   Code   RO          291    i.ld_clust          ff.o
    0x080030de   0x080030de   0x00000018   Code   RO          292    i.ld_dword          ff.o
    0x080030f6   0x080030f6   0x0000000c   Code   RO          293    i.ld_word           ff.o
    0x08003102   0x08003102   0x00000002   PAD
    0x08003104   0x08003104   0x000000a0   Code   RO           11    i.main              main.o
    0x080031a4   0x080031a4   0x00000024   Code   RO          294    i.mem_cmp           ff.o
    0x080031c8   0x080031c8   0x0000001a   Code   RO          295    i.mem_cpy           ff.o
    0x080031e2   0x080031e2   0x00000012   Code   RO          296    i.mem_set           ff.o
    0x080031f4   0x080031f4   0x00000034   Code   RO          297    i.move_window       ff.o
    0x08003228   0x08003228   0x00000020   Code   RO          731    i.osRtxErrorNotify  rtx_config.o
    0x08003248   0x08003248   0x00000020   Code   RO          650    i.os_kernel_is_active  rtx_lib.o
    0x08003268   0x08003268   0x00000138   Code   RO          299    i.put_fat           ff.o
    0x080033a0   0x080033a0   0x00000080   Code   RO          300    i.put_lfn           ff.o
    0x08003420   0x08003420   0x0000004e   Code   RO          302    i.putc_bfd          ff.o
    0x0800346e   0x0800346e   0x0000002c   Code   RO          303    i.putc_flush        ff.o
    0x0800349a   0x0800349a   0x00000014   Code   RO          304    i.putc_init         ff.o
    0x080034ae   0x080034ae   0x0000009a   Code   RO          305    i.remove_chain      ff.o
    0x08003548   0x08003548   0x000000e8   Code   RO          133    i.spi_init          sd.o
    0x08003630   0x08003630   0x0000000a   Code   RO          134    i.spi_read          sd.o
    0x0800363a   0x0800363a   0x00000002   PAD
    0x0800363c   0x0800363c   0x00000030   Code   RO          135    i.spi_send          sd.o
    0x0800366c   0x0800366c   0x00000024   Code   RO          306    i.st_clust          ff.o
    0x08003690   0x08003690   0x00000018   Code   RO          307    i.st_dword          ff.o
    0x080036a8   0x080036a8   0x0000000c   Code   RO          308    i.st_word           ff.o
    0x080036b4   0x080036b4   0x00000020   Code   RO          309    i.sum_sfn           ff.o
    0x080036d4   0x080036d4   0x00000090   Code   RO          310    i.sync_fs           ff.o
    0x08003764   0x08003764   0x0000004a   Code   RO          311    i.sync_window       ff.o
    0x080037ae   0x080037ae   0x0000004c   Code   RO          312    i.tchar2uni         ff.o
    0x080037fa   0x080037fa   0x0000003c   Code   RO          313    i.validate          ff.o
    0x08003836   0x08003836   0x00000017   Data   RO          315    .constdata          ff.o
    0x0800384d   0x0800384d   0x00000001   PAD
    0x0800384e   0x0800384e   0x0000e99e   Data   RO          616    .constdata          ffunicode.o
    0x080121ec   0x080121ec   0x00000064   Data   RO          657    .constdata          rtx_lib.o
    0x08012250   0x08012250   0x00000001   Data   RO         1830    .constdata          RTX_CM3.lib(irq_cm3.o)
    0x08012251   0x08012251   0x00000003   PAD
    0x08012254   0x08012254   0x00000068   Data   RO          659    .rodata             rtx_lib.o
    0x080122bc   0x080122bc   0x0000000b   Data   RO         1652    .rodata.str1.4      RTX_CM3.lib(rtx_kernel.o)
    0x080122c7   0x080122c7   0x00000001   PAD
    0x080122c8   0x080122c8   0x00000020   Data   RO         2209    Region$$Table       anon$$obj.o


    Execution Region ER_RW (Exec base: 0x20000000, Load base: 0x080122e8, Size: 0x0000141c, Max: 0xffffffff, ABSOLUTE, COMPRESSED[0x00000044])

    Exec Addr    Load Addr    Size         Type   Attr      Idx    E Section Name        Object

    0x20000000   COMPRESSED   0x00001040   Data   RW          651    .bss.os             rtx_lib.o
    0x20001040   COMPRESSED   0x00000034   Data   RW          653    .bss.os.msgqueue.cb  rtx_lib.o
    0x20001074   COMPRESSED   0x00000050   Data   RW          654    .bss.os.msgqueue.mem  rtx_lib.o
    0x200010c4   COMPRESSED   0x00000088   Data   RW          655    .bss.os.thread.cb   rtx_lib.o
    0x2000114c   COMPRESSED   0x00000004   PAD
    0x20001150   COMPRESSED   0x00000200   Data   RW          656    .bss.os.thread.stack  rtx_lib.o
    0x20001350   COMPRESSED   0x00000001   Data   RW          136    .data               sd.o
    0x20001351   COMPRESSED   0x00000003   PAD
    0x20001354   COMPRESSED   0x00000006   Data   RW          316    .data               ff.o
    0x2000135a   COMPRESSED   0x00000002   PAD
    0x2000135c   COMPRESSED   0x00000005   Data   RW          658    .data               rtx_lib.o
    0x20001361   COMPRESSED   0x00000003   PAD
    0x20001364   COMPRESSED   0x00000014   Data   RW         1558    .data               system_stm32f10x.o
    0x20001378   COMPRESSED   0x000000a4   Data   RW         1653    .data.os            RTX_CM3.lib(rtx_kernel.o)


    Execution Region ER_ZI (Exec base: 0x2000141c, Load base: 0x0801232c, Size: 0x00000864, Max: 0xffffffff, ABSOLUTE)

    Exec Addr    Load Addr    Size         Type   Attr      Idx    E Section Name        Object

    0x2000141c        -       0x00000200   Zero   RW          314    .bss                ff.o
    0x2000161c        -       0x00000060   Zero   RW         2083    .bss                c_w.l(libspace.o)
    0x2000167c   0x0801232c   0x00000004   PAD
    0x20001680        -       0x00000200   Zero   RW         1545    HEAP                startup_stm32f10x_ld.o
    0x20001880        -       0x00000400   Zero   RW         1544    STACK               startup_stm32f10x_ld.o


==============================================================================

Image component sizes


      Code (inc. data)   RO Data    RW Data    ZI Data      Debug   Object Name

       106          0          0          0          0       6254   diskio.o
      7550        108         23          6        512      48517   ff.o
       396         28      59806          0          0       2744   ffunicode.o
       532         56          0          0          0     228159   main.o
        32          6          0          0          0        511   rtx_config.o
       126          4        204       4945          0      15963   rtx_lib.o
      1006         50          0          1          0       4792   sd.o
        64         26        236          0       1536        788   startup_stm32f10x_ld.o
       304          0          0          0          0       4212   stm32f10x_gpio.o
       484         72          0          0          0      10738   stm32f10x_rcc.o
       328         28          0         20          0       2269   system_stm32f10x.o

    ----------------------------------------------------------------------
     10946        378      60302       4984       2048     324947   Object Totals
         0          0         32          0          0          0   (incl. Generated)
        18          0          1         12          0          0   (incl. Padding)

    ----------------------------------------------------------------------

      Code (inc. data)   RO Data    RW Data    ZI Data      Debug   Library Member Name

       148         10          1          0          0        484   irq_cm3.o
        12          4          0          0          0       3092   os_systick.o
       446         28         11        164          0      17153   rtx_kernel.o
       260          0          0          0          0       2439   rtx_memory.o
       212          0          0          0          0      15974   rtx_mempool.o
       772         32          0          0          0       9376   rtx_mutex.o
       252         18          0          0          0       5321   rtx_system.o
       706         40          0          0          0      32263   rtx_thread.o
        58          0          0          0          0          0   __dczerorl.o
         8          0          0          0          0         68   __main.o
         0          0          0          0          0          0   __rtentry.o
        20          0          0          0          0          0   __rtentry2.o
         6          0          0          0          0          0   __rtentry4.o
        52          8          0          0          0          0   __scatter.o
        28          0          0          0          0          0   __scatter_zi.o
        18          0          0          0          0         80   exit.o
         6          0          0          0          0        152   heapauxi.o
         0          0          0          0          0          0   indicate_semi.o
         2          0          0          0          0          0   libinit.o
         2          0          0          0          0          0   libinit2.o
         2          0          0          0          0          0   libshutdown.o
         2          0          0          0          0          0   libshutdown2.o
         8          4          0          0         96         68   libspace.o
        78          0          0          0          0         80   rt_memclr_w.o
         2          0          0          0          0          0   rtexit.o
        10          0          0          0          0          0   rtexit2.o
        12          4          0          0          0         68   sys_exit.o
        74          0          0          0          0         80   sys_stackheap_outer.o
         2          0          0          0          0         68   use_no_semi.o

    ----------------------------------------------------------------------
      3208        148         16        164        100      86766   Library Totals
        10          0          4          0          4          0   (incl. Padding)

    ----------------------------------------------------------------------

      Code (inc. data)   RO Data    RW Data    ZI Data      Debug   Library Name

      2808        132         12        164          0      86102   RTX_CM3.lib
       390         16          0          0         96        664   c_w.l

    ----------------------------------------------------------------------
      3208        148         16        164        100      86766   Library Totals

    ----------------------------------------------------------------------

==============================================================================


      Code (inc. data)   RO Data    RW Data    ZI Data      Debug   

     14154        526      60318       5148       2148     406673   Grand Totals
     14154        526      60318         68       2148     406673   ELF Image Totals (compressed)
     14154        526      60318         68          0          0   ROM Totals

==============================================================================

    Total RO  Size (Code + RO Data)                74472 (  72.73kB)
    Total RW  Size (RW Data + ZI Data)              7296 (   7.13kB)
    Total ROM Size (Code + RO Data + RW Data)      74540 (  72.79kB)

==============================================================================

